 game

 Timestamp is 5fd91b08 (Tue Dec 15 12:22:32 2020)

 Preferred load address is 0000000180000000

 Start         Length     Name                   Class
 0001:00000000 00050b50H .text$mn                CODE
 0001:00050b50 00000040H .text$mn$00             CODE
 0001:00050b90 00000bc0H .text$x                 CODE
 0002:00000000 000002b0H .idata$5                DATA
 0002:000002b0 00000028H .00cfg                  DATA
 0002:000002d8 00000008H .CRT$XCA                DATA
 0002:000002e0 00000008H .CRT$XCZ                DATA
 0002:000002e8 00000008H .CRT$XIA                DATA
 0002:000002f0 00000018H .CRT$XIC                DATA
 0002:00000308 00000008H .CRT$XIZ                DATA
 0002:00000310 00000008H .CRT$XPA                DATA
 0002:00000318 00000010H .CRT$XPX                DATA
 0002:00000328 00000008H .CRT$XPXA               DATA
 0002:00000330 00000008H .CRT$XPZ                DATA
 0002:00000338 00000008H .CRT$XTA                DATA
 0002:00000340 00000010H .CRT$XTZ                DATA
 0002:00000348 00000000H .gehcont$y              DATA
 0002:00000348 00000000H .gfids$y                DATA
 0002:00000350 0000ab30H .rdata                  DATA
 0002:0000ae80 00000008H .rdata$CastGuardVftablesA DATA
 0002:0000ae88 00000008H .rdata$CastGuardVftablesC DATA
 0002:0000ae90 00000464H .rdata$r                DATA
 0002:0000b2f4 0000034cH .rdata$zzzdbg           DATA
 0002:0000b640 00000008H .rtc$IAA                DATA
 0002:0000b648 00000008H .rtc$IZZ                DATA
 0002:0000b650 00000008H .rtc$TAA                DATA
 0002:0000b658 00000008H .rtc$TZZ                DATA
 0002:0000b660 00005880H .xdata                  DATA
 0002:00010ee0 00000090H .xdata$x                DATA
 0002:00010f70 00000078H .edata                  DATA
 0002:00010fe8 00000014H .idata$2                DATA
 0002:00010ffc 00000014H .idata$3                DATA
 0002:00011010 000002b0H .idata$4                DATA
 0002:000112c0 0000064aH .idata$6                DATA
 0003:00000000 00000a70H .data                   DATA
 0003:00000a70 00000078H .data$r                 DATA
 0003:00000ae8 000000f8H .data$rs                DATA
 0003:00000be0 00001a60H .bss                    DATA
 0004:00000000 000049e0H .pdata                  DATA
 0005:00000000 00000094H _RDATA                  DATA

  Address         Publics by Value              Rva+Base               Lib:Object

 0000:00000000       __arm64x_native_entrypoint 0000000000000000     <absolute>
 0000:00000000       __x64_code_ranges_to_entry_points 0000000000000000     <absolute>
 0000:00000000       __enclave_config           0000000000000000     <absolute>
 0000:00000000       __arm64x_redirection_metadata_count 0000000000000000     <absolute>
 0000:00000000       __arm64x_redirection_metadata 0000000000000000     <absolute>
 0000:00000000       __guard_iat_count          0000000000000000     <absolute>
 0000:00000000       __hybrid_auxiliary_iat     0000000000000000     <absolute>
 0000:00000000       __guard_iat_table          0000000000000000     <absolute>
 0000:00000000       __AbsoluteZero             0000000000000000     <absolute>
 0000:00000000       ___safe_se_handler_count   0000000000000000     <absolute>
 0000:00000000       __guard_eh_cont_count      0000000000000000     <absolute>
 0000:00000000       __arm64x_extra_rfe_table_size 0000000000000000     <absolute>
 0000:00000000       __volatile_metadata        0000000000000000     <absolute>
 0000:00000000       __hybrid_code_map_count    0000000000000000     <absolute>
 0000:00000000       __hybrid_code_map          0000000000000000     <absolute>
 0000:00000000       __guard_fids_table         0000000000000000     <absolute>
 0000:00000000       __hybrid_auxiliary_iat_copy 0000000000000000     <absolute>
 0000:00000000       __x64_code_ranges_to_entry_points_count 0000000000000000     <absolute>
 0000:00000000       __guard_fids_count         0000000000000000     <absolute>
 0000:00000000       __guard_check_icall_a64n_fptr 0000000000000000     <absolute>
 0000:00000000       __arm64x_extra_rfe_table   0000000000000000     <absolute>
 0000:00000000       __guard_eh_cont_table      0000000000000000     <absolute>
 0000:00000000       __guard_longjmp_count      0000000000000000     <absolute>
 0000:00000000       ___safe_se_handler_table   0000000000000000     <absolute>
 0000:00000000       __guard_longjmp_table      0000000000000000     <absolute>
 0000:00000000       __dynamic_value_reloc_table 0000000000000000     <absolute>
 0000:00000100       __guard_flags              0000000000000100     <absolute>
 0000:00000000       __ImageBase                0000000180000000     <linker-defined>
 0001:00000000       ??0memory_arena@@QEAA@PEAXI@Z 0000000180001000 f   game.obj
 0001:00000050       ??0memory_arena@@QEAA@AEAU0@I@Z 0000000180001050 f   game.obj
 0001:000000c0       ?ArenaAlloc@memory_arena@@QEAAPEAXI@Z 00000001800010c0 f   game.obj
 0001:000001b0       ?ClearArenaToZero@memory_arena@@QEAAXXZ 00000001800011b0 f   game.obj
 0001:00000200       ??0temp_memory@@QEAA@AEAUmemory_arena@@I@Z 0000000180001200 f   game.obj
 0001:000002b0       ??1temp_memory@@QEAA@XZ    00000001800012b0 f   game.obj
 0001:00000320       ?TempAlloc@temp_memory@@QEAAPEAXI@Z 0000000180001320 f   game.obj
 0001:00000410       ?Game_EndStub@@YAXAEAUgame_state@@AEAUmemory_arena@@@Z 0000000180001410 f   game.obj
 0001:00000430       ?Game_StartStub@@YAXAEAUgame_state@@AEAUmemory_arena@@@Z 0000000180001430 f   game.obj
 0001:00000450       ?Game_UpdateAndRenderStub@@YAXAEAUgame_state@@AEAUmemory_arena@@@Z 0000000180001450 f   game.obj
 0001:00000640       ?Game_Start@@YAXAEAUgame_state@@AEAUmemory_arena@@@Z 0000000180001640 f   game.obj
 0001:000006a0       ?Game_UpdateAndRender@@YAXAEAUgame_state@@AEAUmemory_arena@@@Z 00000001800016a0 f   game.obj
 0001:000006c0       ?Game_End@@YAXAEAUgame_state@@AEAUmemory_arena@@@Z 00000001800016c0 f   game.obj
 0001:000006d0       __local_stdio_printf_options 00000001800016d0 f i game.obj
 0001:000006e0       _vfprintf_l                00000001800016e0 f i game.obj
 0001:00000730       fprintf                    0000000180001730 f i game.obj
 0001:00000780       vsnprintf                  0000000180001780 f i game.obj
 0001:000007f4       __GSHandlerCheck           00000001800017f4 f   LIBCMT:gshandler.obj
 0001:00000814       __GSHandlerCheckCommon     0000000180001814 f   LIBCMT:gshandler.obj
 0001:00000880       __security_check_cookie    0000000180001880 f   LIBCMT:amdsecgs.obj
 0001:00000be0       _CRT_INIT                  0000000180001be0 f   LIBCMT:dll_dllmain.obj
 0001:00000be8       _DllMainCRTStartup         0000000180001be8 f   LIBCMT:dll_dllmain.obj
 0001:00000c28       __raise_securityfailure    0000000180001c28 f   LIBCMT:gs_report.obj
 0001:00000c5c       __report_gsfailure         0000000180001c5c f   LIBCMT:gs_report.obj
 0001:00000d30       __report_rangecheckfailure 0000000180001d30 f   LIBCMT:gs_report.obj
 0001:00000d44       __report_securityfailure   0000000180001d44 f   LIBCMT:gs_report.obj
 0001:00000de0       __report_securityfailureEx 0000000180001de0 f   LIBCMT:gs_report.obj
 0001:00001040       __security_init_cookie     0000000180002040 f   LIBCMT:gs_support.obj
 0001:000010ec       DllMain                    00000001800020ec f   LIBCMT:dll_dllmain_stub.obj
 0001:000010f4       ?__scrt_initialize_type_info@@YAXXZ 00000001800020f4 f   LIBCMT:tncleanup.obj
 0001:00001104       ?__scrt_uninitialize_type_info@@YAXXZ 0000000180002104 f   LIBCMT:tncleanup.obj
 0001:00001110       __local_stdio_scanf_options 0000000180002110 f i LIBCMT:default_local_stdio_options.obj
 0001:00001118       __scrt_initialize_default_local_stdio_options 0000000180002118 f   LIBCMT:default_local_stdio_options.obj
 0001:00001134       ?configure_argv@__scrt_narrow_argv_policy@@SAHXZ 0000000180002134 f i LIBCMT:utility.obj
 0001:00001194       ?initialize_environment@__scrt_narrow_environment_policy@@SAHXZ 0000000180002194 f i LIBCMT:utility.obj
 0001:000011cc       NtCurrentTeb               00000001800021cc f i LIBCMT:utility.obj
 0001:000011d8       __scrt_acquire_startup_lock 00000001800021d8 f   LIBCMT:utility.obj
 0001:00001214       __scrt_dllmain_after_initialize_c 0000000180002214 f   LIBCMT:utility.obj
 0001:00001248       __scrt_dllmain_before_initialize_c 0000000180002248 f   LIBCMT:utility.obj
 0001:00001260       __scrt_dllmain_crt_thread_attach 0000000180002260 f   LIBCMT:utility.obj
 0001:00001288       __scrt_dllmain_crt_thread_detach 0000000180002288 f   LIBCMT:utility.obj
 0001:000012a0       __scrt_dllmain_exception_filter 00000001800022a0 f   LIBCMT:utility.obj
 0001:00001300       __scrt_dllmain_uninitialize_c 0000000180002300 f   LIBCMT:utility.obj
 0001:00001330       __scrt_dllmain_uninitialize_critical 0000000180002330 f   LIBCMT:utility.obj
 0001:00001344       __scrt_initialize_crt      0000000180002344 f   LIBCMT:utility.obj
 0001:00001390       __scrt_initialize_onexit_tables 0000000180002390 f   LIBCMT:utility.obj
 0001:0000141c       __scrt_is_nonwritable_in_current_image 000000018000241c f   LIBCMT:utility.obj
 0001:000014b4       __scrt_release_startup_lock 00000001800024b4 f   LIBCMT:utility.obj
 0001:000014d8       __scrt_uninitialize_crt    00000001800024d8 f   LIBCMT:utility.obj
 0001:00001504       _onexit                    0000000180002504 f   LIBCMT:utility.obj
 0001:00001540       at_quick_exit              0000000180002540 f   LIBCMT:utility.obj
 0001:00001560       atexit                     0000000180002560 f   LIBCMT:utility.obj
 0001:00001578       __scrt_get_dyn_tls_init_callback 0000000180002578 f   LIBCMT:dyn_tls_init.obj
 0001:00001580       __crt_debugger_hook        0000000180002580 f   LIBCMT:utility_desktop.obj
 0001:00001588       __scrt_fastfail            0000000180002588 f   LIBCMT:utility_desktop.obj
 0001:000016d4       __scrt_get_show_window_mode 00000001800026d4 f   LIBCMT:utility_desktop.obj
 0001:00001710       __scrt_initialize_mta      0000000180002710 f   LIBCMT:utility_desktop.obj
 0001:00001718       __scrt_initialize_winrt    0000000180002718 f   LIBCMT:utility_desktop.obj
 0001:0000171c       __scrt_is_managed_app      000000018000271c f   LIBCMT:utility_desktop.obj
 0001:00001770       __scrt_set_unhandled_exception_filter 0000000180002770 f   LIBCMT:utility_desktop.obj
 0001:00001780       __scrt_stub_for_initialize_mta 0000000180002780 f   LIBCMT:utility_desktop.obj
 0001:00001780       __scrt_exe_initialize_mta  0000000180002780 f   LIBCMT:utility_desktop.obj
 0001:00001784       __scrt_unhandled_exception_filter 0000000180002784 f   LIBCMT:utility_desktop.obj
 0001:000017e0       _RTC_Initialize            00000001800027e0 f   LIBCMT:initsect.obj
 0001:0000181c       _RTC_Terminate             000000018000281c f   LIBCMT:initsect.obj
 0001:00001858       _guard_check_icall_nop     0000000180002858 f i LIBCMT:guard_support.obj
 0001:0000185c       ReadNoFence64              000000018000285c f i LIBCMT:guard_support.obj
 0001:00001860       ReadPointerNoFence         0000000180002860 f i LIBCMT:guard_support.obj
 0001:00001864       __castguard_check_failure_debugbreak 0000000180002864 f i LIBCMT:guard_support.obj
 0001:00001880       __castguard_check_failure_fastfail 0000000180002880 f i LIBCMT:guard_support.obj
 0001:000018a4       __castguard_check_failure_nop 00000001800028a4 f i LIBCMT:guard_support.obj
 0001:000018a8       __castguard_check_failure_os_handled 00000001800028a8 f i LIBCMT:guard_support.obj
 0001:00001908       __castguard_slow_path_check_debugbreak 0000000180002908 f i LIBCMT:guard_support.obj
 0001:0000193c       __castguard_slow_path_check_fastfail 000000018000293c f i LIBCMT:guard_support.obj
 0001:00001978       __castguard_slow_path_check_nop 0000000180002978 f i LIBCMT:guard_support.obj
 0001:0000197c       __castguard_slow_path_check_os_handled 000000018000297c f i LIBCMT:guard_support.obj
 0001:000019f0       _guard_icall_checks_enforced 00000001800029f0 f i LIBCMT:guard_support.obj
 0001:00001a08       _guard_rf_checks_enforced  0000000180002a08 f i LIBCMT:guard_support.obj
 0001:00001a0c       __isa_available_init       0000000180002a0c f   LIBCMT:cpu_disp.obj
 0001:00001bb0       _get_startup_argv_mode     0000000180002bb0 f   LIBCMT:argv_mode.obj
 0001:00001bb8       __scrt_is_ucrt_dll_in_use  0000000180002bb8 f   LIBCMT:ucrt_detection.obj
 0001:00001bd0       RtlCaptureContext          0000000180002bd0 f   kernel32:KERNEL32.dll
 0001:00001bd6       RtlLookupFunctionEntry     0000000180002bd6 f   kernel32:KERNEL32.dll
 0001:00001bdc       RtlVirtualUnwind           0000000180002bdc f   kernel32:KERNEL32.dll
 0001:00001be2       UnhandledExceptionFilter   0000000180002be2 f   kernel32:KERNEL32.dll
 0001:00001be8       SetUnhandledExceptionFilter 0000000180002be8 f   kernel32:KERNEL32.dll
 0001:00001bee       GetCurrentProcess          0000000180002bee f   kernel32:KERNEL32.dll
 0001:00001bf4       TerminateProcess           0000000180002bf4 f   kernel32:KERNEL32.dll
 0001:00001bfa       IsProcessorFeaturePresent  0000000180002bfa f   kernel32:KERNEL32.dll
 0001:00001c00       QueryPerformanceCounter    0000000180002c00 f   kernel32:KERNEL32.dll
 0001:00001c06       GetCurrentProcessId        0000000180002c06 f   kernel32:KERNEL32.dll
 0001:00001c0c       GetCurrentThreadId         0000000180002c0c f   kernel32:KERNEL32.dll
 0001:00001c12       GetSystemTimeAsFileTime    0000000180002c12 f   kernel32:KERNEL32.dll
 0001:00001c18       InitializeSListHead        0000000180002c18 f   kernel32:KERNEL32.dll
 0001:00001c1e       IsDebuggerPresent          0000000180002c1e f   kernel32:KERNEL32.dll
 0001:00001c24       GetStartupInfoW            0000000180002c24 f   kernel32:KERNEL32.dll
 0001:00001c2a       GetModuleHandleW           0000000180002c2a f   kernel32:KERNEL32.dll
 0001:00001c40       memset_repmovs             0000000180002c40 f   libvcruntime:memset.obj
 0001:00001c60       memset                     0000000180002c60 f   libvcruntime:memset.obj
 0001:00001df0       __C_specific_handler       0000000180002df0 f   libvcruntime:riscchandler.obj
 0001:0000200c       ??$?RD@__crt_internal_free_policy@@QEBAXQEBD@Z 000000018000300c f i libvcruntime:std_type_info.obj
 0001:00002014       ??$?RX@__crt_internal_free_policy@@QEBAXQEBX@Z 0000000180003014 f i libvcruntime:std_type_info.obj
 0001:0000201c       ??$__crt_interlocked_compare_exchange_pointer@$$CBDPEAD$$T@@YAPEBDPEDSEBDQEAD$$T@Z 000000018000301c f i libvcruntime:std_type_info.obj
 0001:00002028       ??$__crt_interlocked_read_pointer@$$CBD@@YAPEBDPEDSEBD@Z 0000000180003028 f i libvcruntime:std_type_info.obj
 0001:0000202c       ??0?$__crt_unique_heap_ptr@DU__crt_internal_free_policy@@@@QEAA@QEAD@Z 000000018000302c f i libvcruntime:std_type_info.obj
 0001:00002034       ??0?$__crt_unique_heap_ptr@XU__crt_internal_free_policy@@@@QEAA@QEAX@Z 0000000180003034 f i libvcruntime:std_type_info.obj
 0001:0000203c       ??1?$__crt_unique_heap_ptr@DU__crt_internal_free_policy@@@@QEAA@XZ 000000018000303c f i libvcruntime:std_type_info.obj
 0001:00002058       ??1?$__crt_unique_heap_ptr@XU__crt_internal_free_policy@@@@QEAA@XZ 0000000180003058 f i libvcruntime:std_type_info.obj
 0001:00002074       ??B?$__crt_unique_heap_ptr@DU__crt_internal_free_policy@@@@QEBA_NXZ 0000000180003074 f i libvcruntime:std_type_info.obj
 0001:0000207c       ??B?$__crt_unique_heap_ptr@XU__crt_internal_free_policy@@@@QEBA_NXZ 000000018000307c f i libvcruntime:std_type_info.obj
 0001:000020a4       ?__crt_interlocked_read_64@@YA_JPED_J@Z 00000001800030a4 f i libvcruntime:std_type_info.obj
 0001:000020a8       ?detach@?$__crt_unique_heap_ptr@XU__crt_internal_free_policy@@@@QEAAPEAXXZ 00000001800030a8 f i libvcruntime:std_type_info.obj
 0001:000020b0       ?get@?$__crt_unique_heap_ptr@DU__crt_internal_free_policy@@@@QEBAPEADXZ 00000001800030b0 f i libvcruntime:std_type_info.obj
 0001:000020b4       ?get@?$__crt_unique_heap_ptr@XU__crt_internal_free_policy@@@@QEBAPEAXXZ 00000001800030b4 f i libvcruntime:std_type_info.obj
 0001:000020b8       ?is_valid@?$__crt_unique_heap_ptr@DU__crt_internal_free_policy@@@@QEBA_NXZ 00000001800030b8 f i libvcruntime:std_type_info.obj
 0001:000020c0       ?is_valid@?$__crt_unique_heap_ptr@XU__crt_internal_free_policy@@@@QEBA_NXZ 00000001800030c0 f i libvcruntime:std_type_info.obj
 0001:000020c8       ?release@?$__crt_unique_heap_ptr@DU__crt_internal_free_policy@@@@QEAAXXZ 00000001800030c8 f i libvcruntime:std_type_info.obj
 0001:000020e4       ?release@?$__crt_unique_heap_ptr@XU__crt_internal_free_policy@@@@QEAAXXZ 00000001800030e4 f i libvcruntime:std_type_info.obj
 0001:00002100       __std_type_info_compare    0000000180003100 f   libvcruntime:std_type_info.obj
 0001:00002128       __std_type_info_destroy_list 0000000180003128 f   libvcruntime:std_type_info.obj
 0001:00002154       __std_type_info_hash       0000000180003154 f   libvcruntime:std_type_info.obj
 0001:0000218c       __std_type_info_name       000000018000318c f   libvcruntime:std_type_info.obj
 0001:000022a4       __vcrt_initialize          00000001800032a4 f   libvcruntime:initialization.obj
 0001:000022cc       __vcrt_thread_attach       00000001800032cc f   libvcruntime:initialization.obj
 0001:000022e0       __vcrt_thread_detach       00000001800032e0 f   libvcruntime:initialization.obj
 0001:000022f4       __vcrt_uninitialize        00000001800032f4 f   libvcruntime:initialization.obj
 0001:00002310       __vcrt_uninitialize_critical 0000000180003310 f   libvcruntime:initialization.obj
 0001:00002324       __DestructExceptionObject  0000000180003324 f   libvcruntime:ehhelpers.obj
 0001:00002394       ?_CallMemberFunction0@@YAXQEAX0@Z 0000000180003394 f i libvcruntime:ehhelpers.obj
 0001:000023f0       ?raw_name@type_info@@QEBAPEBDXZ 00000001800033f0 f i libvcruntime:ehhelpers.obj
 0001:000023f8       _IsExceptionObjectToBeDestroyed 00000001800033f8 f   libvcruntime:ehhelpers.obj
 0001:00002428       _SetWinRTOutOfMemoryExceptionCallback 0000000180003428 f   libvcruntime:ehhelpers.obj
 0001:00002430       __AdjustPointer            0000000180003430 f   libvcruntime:ehhelpers.obj
 0001:00002454       __FrameUnwindFilter        0000000180003454 f   libvcruntime:ehhelpers.obj
 0001:000024bc       __GetPlatformExceptionInfo 00000001800034bc f   libvcruntime:ehhelpers.obj
 0001:00002518       __current_exception        0000000180003518 f   libvcruntime:ehhelpers.obj
 0001:0000252c       __current_exception_context 000000018000352c f   libvcruntime:ehhelpers.obj
 0001:00002540       __processing_throw         0000000180003540 f   libvcruntime:ehhelpers.obj
 0001:00002554       __std_terminate            0000000180003554 f   libvcruntime:ehhelpers.obj
 0001:00002560       _is_exception_typeof       0000000180003560 f   libvcruntime:ehhelpers.obj
 0001:00002620       _NLG_Notify                0000000180003620 f   libvcruntime:notify.obj
 0001:00002640       __NLG_Dispatch2            0000000180003640 f   libvcruntime:notify.obj
 0001:00002650       __NLG_Return2              0000000180003650 f   libvcruntime:notify.obj
 0001:0000265c       __except_validate_context_record 000000018000365c f   libvcruntime:jbcxrval.obj
 0001:00002694       __except_validate_jump_buffer 0000000180003694 f   libvcruntime:jbcxrval.obj
 0001:000026d4       __except_validate_jump_buffer_common 00000001800036d4 f i libvcruntime:jbcxrval.obj
 0001:00002730       ??$?0$00@DName@@QEAA@PEBDU?$StringLifeSelector@$00@@@Z 0000000180003730 f i libvcruntime:undname.obj
 0001:00002770       ??$?0$00@pcharNode@@QEAA@PEBDHU?$StringLifeSelector@$00@@@Z 0000000180003770 f i libvcruntime:undname.obj
 0001:00002788       ??$?0$01@DName@@QEAA@PEBDU?$StringLifeSelector@$01@@@Z 0000000180003788 f i libvcruntime:undname.obj
 0001:000027c8       ??$?0$01@pcharNode@@QEAA@PEBDHU?$StringLifeSelector@$01@@@Z 00000001800037c8 f i libvcruntime:undname.obj
 0001:0000283c       ??$?0$0A@@DName@@QEAA@PEBDU?$StringLifeSelector@$0A@@@@Z 000000018000383c f i libvcruntime:undname.obj
 0001:0000287c       ??$?0$0A@@pcharNode@@QEAA@PEBDHU?$StringLifeSelector@$0A@@@@Z 000000018000387c f i libvcruntime:undname.obj
 0001:000028f0       ??$?0_K$0A@@?$optional@_K@std@@QEAA@$$QEA_K@Z 00000001800038f0 f i libvcruntime:undname.obj
 0001:00002900       ??$?0_K@?$_Optional_construct_base@_K@std@@QEAA@Uin_place_t@1@$$QEA_K@Z 0000000180003900 f i libvcruntime:undname.obj
 0001:00002910       ??$?0_K@?$_Optional_destruct_base@_K$00@std@@QEAA@Uin_place_t@1@$$QEA_K@Z 0000000180003910 f i libvcruntime:undname.obj
 0001:00002920       ??$append@VDNameNode@@@DName@@AEAAXPEBVDNameNode@@@Z 0000000180003920 f i libvcruntime:undname.obj
 0001:00002984       ??$append@VDNameStatusNode@@@DName@@AEAAXPEBVDNameStatusNode@@@Z 0000000180003984 f i libvcruntime:undname.obj
 0001:000029e8       ??$append@VcharNode@@@DName@@AEAAXPEBVcharNode@@@Z 00000001800039e8 f i libvcruntime:undname.obj
 0001:00002a4c       ??$append@VpDNameNode@@@DName@@AEAAXPEBVpDNameNode@@@Z 0000000180003a4c f i libvcruntime:undname.obj
 0001:00002ab0       ??$append@VpcharNode@@@DName@@AEAAXPEBVpcharNode@@@Z 0000000180003ab0 f i libvcruntime:undname.obj
 0001:00002b14       ??$doPchar@$00@DName@@AEAAXPEBDH@Z 0000000180003b14 f i libvcruntime:undname.obj
 0001:00002bb8       ??$doPchar@$01@DName@@AEAAXPEBDH@Z 0000000180003bb8 f i libvcruntime:undname.obj
 0001:00002c50       ??$doPchar@$0A@@DName@@AEAAXPEBDH@Z 0000000180003c50 f i libvcruntime:undname.obj
 0001:00002ce8       ??$forward@_K@std@@YA$$QEA_KAEA_K@Z 0000000180003ce8 f i libvcruntime:undname.obj
 0001:00002cec       ??$size@D$04@std@@YA_KAEAY04$$CBD@Z 0000000180003cec f i libvcruntime:undname.obj
 0001:00002cf4       ??$size@D$0EB@@std@@YA_KAEAY0EB@$$CBD@Z 0000000180003cf4 f i libvcruntime:undname.obj
 0001:00002cfc       ??0?$_Optional_construct_base@_K@std@@QEAA@XZ 0000000180003cfc f i libvcruntime:undname.obj
 0001:00002d04       ??0?$_Optional_destruct_base@_K$00@std@@QEAA@XZ 0000000180003d04 f i libvcruntime:undname.obj
 0001:00002d0c       ??0?$optional@_K@std@@QEAA@XZ 0000000180003d0c f i libvcruntime:undname.obj
 0001:00002d14       ??0Block@_HeapManager@@QEAA@XZ 0000000180003d14 f i libvcruntime:undname.obj
 0001:00002d1c       ??0DName@@QEAA@AEAPEBDD@Z  0000000180003d1c f   libvcruntime:undname.obj
 0001:00002dcc       ??0DName@@QEAA@AEBUStringLiteral@@@Z 0000000180003dcc f   libvcruntime:undname.obj
 0001:00002df8       ??0DName@@QEAA@AEBV0@@Z    0000000180003df8 f i libvcruntime:undname.obj
 0001:00002e08       ??0DName@@QEAA@D@Z         0000000180003e08 f   libvcruntime:undname.obj
 0001:00002e28       ??0DName@@QEAA@PEAV0@@Z    0000000180003e28 f   libvcruntime:undname.obj
 0001:00002eac       ??0DName@@QEAA@W4DNameStatus@@@Z 0000000180003eac f   libvcruntime:undname.obj
 0001:00002edc       ??0DName@@QEAA@XZ          0000000180003edc f i libvcruntime:undname.obj
 0001:00002ee8       ??0DName@@QEAA@_J@Z        0000000180003ee8 f   libvcruntime:undname.obj
 0001:00002f90       ??0DName@@QEAA@_K@Z        0000000180003f90 f   libvcruntime:undname.obj
 0001:00003018       ??0DNameNode@@IEAA@XZ      0000000180004018 f i libvcruntime:undname.obj
 0001:00003028       ??0Replicator@@QEAA@XZ     0000000180004028 f i libvcruntime:undname.obj
 0001:0000303c       ??0UnDecorator@@QEAA@PEBDP6APEADJ@ZK@Z 000000018000403c f i libvcruntime:undname.obj
 0001:0000308c       ??0_Nontrivial_dummy_type@std@@QEAA@XZ 000000018000408c f i libvcruntime:undname.obj
 0001:00003090       ??0charNode@@QEAA@D@Z      0000000180004090 f i libvcruntime:undname.obj
 0001:000030a4       ??0pDNameNode@@QEAA@PEAVDName@@@Z 00000001800040a4 f   libvcruntime:undname.obj
 0001:000030cc       ??0pairNode@@QEAA@PEBVDNameNode@@0@Z 00000001800040cc f i libvcruntime:undname.obj
 0001:000030f0       ??2@YAPEAX_KAEAV_HeapManager@@H@Z 00000001800040f0 f   libvcruntime:undname.obj
 0001:0000311c       ??4DName@@QEAAAEAV0@AEBUStringLiteral@@@Z 000000018000411c f   libvcruntime:undname.obj
 0001:00003144       ??4DName@@QEAAAEAV0@AEBV0@@Z 0000000180004144 f   libvcruntime:undname.obj
 0001:00003154       ??4DName@@QEAAAEAV0@D@Z    0000000180004154 f i libvcruntime:undname.obj
 0001:00003174       ??4DName@@QEAAAEAV0@PEAV0@@Z 0000000180004174 f   libvcruntime:undname.obj
 0001:000031ec       ??4DName@@QEAAAEAV0@W4DNameStatus@@@Z 00000001800041ec f   libvcruntime:undname.obj
 0001:0000320c       ??AReplicator@@QEBA?AVDName@@H@Z 000000018000420c f   libvcruntime:undname.obj
 0001:0000324c       ??B?$optional@_K@std@@QEBA_NXZ 000000018000424c f i libvcruntime:undname.obj
 0001:00003250       ??D?$optional@_K@std@@QEGAAAEA_KXZ 0000000180004250 f i libvcruntime:undname.obj
 0001:00003254       ??H@YA?AVDName@@AEBUStringLiteral@@AEBV0@@Z 0000000180004254 f i libvcruntime:undname.obj
 0001:0000328c       ??H@YA?AVDName@@DAEBV0@@Z  000000018000428c f i libvcruntime:undname.obj
 0001:000032d0       ??H@YA?AVDName@@W4DNameStatus@@AEBV0@@Z 00000001800042d0 f i libvcruntime:undname.obj
 0001:0000331c       ??HDName@@QEBA?AV0@AEBUStringLiteral@@@Z 000000018000431c f   libvcruntime:undname.obj
 0001:00003348       ??HDName@@QEBA?AV0@AEBV0@@Z 0000000180004348 f   libvcruntime:undname.obj
 0001:00003374       ??HDName@@QEBA?AV0@D@Z     0000000180004374 f   libvcruntime:undname.obj
 0001:000033a0       ??HDName@@QEBA?AV0@PEAV0@@Z 00000001800043a0 f   libvcruntime:undname.obj
 0001:000033cc       ??HDName@@QEBA?AV0@W4DNameStatus@@@Z 00000001800043cc f   libvcruntime:undname.obj
 0001:000033f8       ??HStringLiteral@@QEBA?AU0@H@Z 00000001800043f8 f i libvcruntime:undname.obj
 0001:00003410       ??YDName@@QEAAAEAV0@AEBUStringLiteral@@@Z 0000000180004410 f   libvcruntime:undname.obj
 0001:00003490       ??YDName@@QEAAAEAV0@AEBV0@@Z 0000000180004490 f   libvcruntime:undname.obj
 0001:00003544       ??YDName@@QEAAAEAV0@D@Z    0000000180004544 f   libvcruntime:undname.obj
 0001:000035b0       ??YDName@@QEAAAEAV0@PEAV0@@Z 00000001800045b0 f   libvcruntime:undname.obj
 0001:00003644       ??YDName@@QEAAAEAV0@W4DNameStatus@@@Z 0000000180004644 f   libvcruntime:undname.obj
 0001:000036b0       ??YReplicator@@QEAAAEAV0@AEBVDName@@@Z 00000001800046b0 f   libvcruntime:undname.obj
 0001:00003708       ??_5DName@@QEAAAEAV0@AEBV0@@Z 0000000180004708 f   libvcruntime:undname.obj
 0001:0000371c       ??__K_l@@YA?AUStringLiteral@@PEBD_K@Z 000000018000471c f i libvcruntime:undname.obj
 0001:00003728       ?Constructor@_HeapManager@@QEAAXP6APEAX_K@ZP6AXPEAX@Z@Z 0000000180004728 f i libvcruntime:undname.obj
 0001:00003740       ?Destructor@_HeapManager@@QEAAXXZ 0000000180004740 f i libvcruntime:undname.obj
 0001:00003794       ?UScore@UnDecorator@@SA?AUStringLiteral@@W4Tokens@@@Z 0000000180004794 f   libvcruntime:undname.obj
 0001:000037e0       ?composeDeclaration@UnDecorator@@CA?AVDName@@AEBV2@@Z 00000001800047e0 f i libvcruntime:undname.obj
 0001:00004688       ?doAccessSpecifiers@UnDecorator@@SAHXZ 0000000180005688 f i libvcruntime:undname.obj
 0001:00004698       ?doAllocationLanguage@UnDecorator@@SAHXZ 0000000180005698 f i libvcruntime:undname.obj
 0001:000046a8       ?doAllocationModel@UnDecorator@@SAHXZ 00000001800056a8 f i libvcruntime:undname.obj
 0001:000046b8       ?doEcsu@UnDecorator@@SAHXZ 00000001800056b8 f i libvcruntime:undname.obj
 0001:000046c8       ?doEllipsis@UnDecorator@@SAHXZ 00000001800056c8 f i libvcruntime:undname.obj
 0001:000046d8       ?doFunctionReturns@UnDecorator@@SAHXZ 00000001800056d8 f i libvcruntime:undname.obj
 0001:000046e8       ?doMSKeywords@UnDecorator@@SAHXZ 00000001800056e8 f i libvcruntime:undname.obj
 0001:000046f8       ?doMemberTypes@UnDecorator@@SAHXZ 00000001800056f8 f i libvcruntime:undname.obj
 0001:00004708       ?doNameOnly@UnDecorator@@SAHXZ 0000000180005708 f i libvcruntime:undname.obj
 0001:00004714       ?doNoIdentCharCheck@UnDecorator@@SAHXZ 0000000180005714 f i libvcruntime:undname.obj
 0001:00004720       ?doPchar@DName@@AEAAXD@Z   0000000180005720 f   libvcruntime:undname.obj
 0001:00004770       ?doPtr64@UnDecorator@@SAHXZ 0000000180005770 f i libvcruntime:undname.obj
 0001:00004780       ?doRestrictionSpec@UnDecorator@@SAHXZ 0000000180005780 f i libvcruntime:undname.obj
 0001:00004790       ?doThisTypes@UnDecorator@@SAHXZ 0000000180005790 f i libvcruntime:undname.obj
 0001:000047a4       ?doThrowTypes@UnDecorator@@SAHXZ 00000001800057a4 f i libvcruntime:undname.obj
 0001:000047b4       ?doTypeOnly@UnDecorator@@SAHXZ 00000001800057b4 f i libvcruntime:undname.obj
 0001:000047c0       ?doUnderScore@UnDecorator@@SAHXZ 00000001800057c0 f i libvcruntime:undname.obj
 0001:000047cc       ?getArgumentList@UnDecorator@@CA?AVDName@@XZ 00000001800057cc f   libvcruntime:undname.obj
 0001:00004960       ?getArgumentTypes@UnDecorator@@CA?AVDName@@XZ 0000000180005960 f   libvcruntime:undname.obj
 0001:00004abc       ?getArrayObject@UnDecorator@@CA?AVDName@@XZ 0000000180005abc f   libvcruntime:undname.obj
 0001:00004b84       ?getArrayType@UnDecorator@@CA?AVDName@@AEBV2@@Z 0000000180005b84 f i libvcruntime:undname.obj
 0001:00004dcc       ?getBasedType@UnDecorator@@CA?AVDName@@XZ 0000000180005dcc f   libvcruntime:undname.obj
 0001:00004ec4       ?getBasicDataType@UnDecorator@@CA?AVDName@@AEBV2@@Z 0000000180005ec4 f   libvcruntime:undname.obj
 0001:00005408       ?getCHPEName@UnDecorator@@QEAAPEADPEADH@Z 0000000180006408 f i libvcruntime:undname.obj
 0001:00005528       ?getCallIndex@UnDecorator@@CA?AVDName@@XZ 0000000180006528 f i libvcruntime:undname.obj
 0001:00005544       ?getCallingConvention@UnDecorator@@CA?AVDName@@XZ 0000000180006544 f   libvcruntime:undname.obj
 0001:00005684       ?getDataIndirectType@UnDecorator@@CA?AVDName@@AEBV2@W4IndirectionKind@@0H@Z 0000000180006684 f   libvcruntime:undname.obj
 0001:00005f1c       ?getDataIndirectType@UnDecorator@@CA?AVDName@@XZ 0000000180006f1c f i libvcruntime:undname.obj
 0001:00005f58       ?getDataType@UnDecorator@@CA?AVDName@@PEAV2@@Z 0000000180006f58 f   libvcruntime:undname.obj
 0001:0000606c       ?getDecoratedName@UnDecorator@@CA?AVDName@@XZ 000000018000706c f   libvcruntime:undname.obj
 0001:00006350       ?getDimension@UnDecorator@@CA?AVDName@@_N@Z 0000000180007350 f   libvcruntime:undname.obj
 0001:0000649c       ?getDispatchTarget@UnDecorator@@CA?AVDName@@XZ 000000018000749c f   libvcruntime:undname.obj
 0001:000064e8       ?getDisplacement@UnDecorator@@CA?AVDName@@XZ 00000001800074e8 f i libvcruntime:undname.obj
 0001:00006504       ?getECSUDataType@UnDecorator@@CA?AVDName@@XZ 0000000180007504 f   libvcruntime:undname.obj
 0001:000066e4       ?getECSUName@UnDecorator@@CA?AVDName@@XZ 00000001800076e4 f i libvcruntime:undname.obj
 0001:000066fc       ?getEnumType@UnDecorator@@CA?AVDName@@XZ 00000001800076fc f i libvcruntime:undname.obj
 0001:00006824       ?getExtendedDataIndirectType@UnDecorator@@CA?AVDName@@AEAW4IndirectionKind@@AEA_NH@Z 0000000180007824 f   libvcruntime:undname.obj
 0001:00006a2c       ?getExternalDataType@UnDecorator@@CA?AVDName@@AEBV2@@Z 0000000180007a2c f i libvcruntime:undname.obj
 0001:00006aec       ?getFloatingPoint@UnDecorator@@CA?AVDName@@H@Z 0000000180007aec f   libvcruntime:undname.obj
 0001:00006c0c       ?getFunctionIndirectType@UnDecorator@@CA?AVDName@@AEBV2@@Z 0000000180007c0c f   libvcruntime:undname.obj
 0001:00007144       ?getGuardNumber@UnDecorator@@CA?AVDName@@XZ 0000000180008144 f i libvcruntime:undname.obj
 0001:00007160       ?getLastChar@DName@@QEBADXZ 0000000180008160 f i libvcruntime:undname.obj
 0001:0000717c       ?getLastChar@DNameStatusNode@@UEBADXZ 000000018000817c f i libvcruntime:undname.obj
 0001:00007188       ?getLastChar@charNode@@UEBADXZ 0000000180008188 f i libvcruntime:undname.obj
 0001:0000718c       ?getLastChar@pDNameNode@@UEBADXZ 000000018000818c f i libvcruntime:undname.obj
 0001:000071b8       ?getLastChar@pairNode@@UEBADXZ 00000001800081b8 f i libvcruntime:undname.obj
 0001:000071f0       ?getLastChar@pcharNode@@UEBADXZ 00000001800081f0 f i libvcruntime:undname.obj
 0001:00007204       ?getLexicalFrame@UnDecorator@@CA?AVDName@@XZ 0000000180008204 f i libvcruntime:undname.obj
 0001:00007268       ?getMemoryWithBuffer@_HeapManager@@QEAAPEAX_K@Z 0000000180008268 f   libvcruntime:undname.obj
 0001:000072f8       ?getMemoryWithoutBuffer@_HeapManager@@QEAAPEAX_K@Z 00000001800082f8 f   libvcruntime:undname.obj
 0001:0000730c       ?getNoexcept@UnDecorator@@CA?AVDName@@XZ 000000018000830c f   libvcruntime:undname.obj
 0001:00007370       ?getNumberOfDimensions@UnDecorator@@CAHXZ 0000000180008370 f   libvcruntime:undname.obj
 0001:000073e4       ?getOperatorName@UnDecorator@@CA?AVDName@@_NPEA_N@Z 00000001800083e4 f i libvcruntime:undname.obj
 0001:00007c2c       ?getPointerType@UnDecorator@@CA?AVDName@@AEBV2@0@Z 0000000180008c2c f i libvcruntime:undname.obj
 0001:00007c4c       ?getPointerTypeArray@UnDecorator@@CA?AVDName@@AEBV2@0@Z 0000000180008c4c f i libvcruntime:undname.obj
 0001:00007c68       ?getPrimaryDataType@UnDecorator@@CA?AVDName@@AEBV2@@Z 0000000180008c68 f   libvcruntime:undname.obj
 0001:00007f1c       ?getPtrRefDataType@UnDecorator@@CA?AVDName@@AEBV2@H@Z 0000000180008f1c f   libvcruntime:undname.obj
 0001:000080e8       ?getPtrRefType@UnDecorator@@CA?AVDName@@AEBV2@0W4IndirectionKind@@@Z 00000001800090e8 f   libvcruntime:undname.obj
 0001:000082c0       ?getReferenceType@UnDecorator@@CA?AVDName@@AEBV2@0W4IndirectionKind@@@Z 00000001800092c0 f i libvcruntime:undname.obj
 0001:000082d8       ?getRestrictionSpec@UnDecorator@@CA?AVDName@@XZ 00000001800092d8 f   libvcruntime:undname.obj
 0001:000084a4       ?getReturnType@UnDecorator@@CA?AVDName@@PEAV2@@Z 00000001800094a4 f   libvcruntime:undname.obj
 0001:000084d8       ?getScope@UnDecorator@@CA?AVDName@@XZ 00000001800094d8 f   libvcruntime:undname.obj
 0001:0000898c       ?getScopedName@UnDecorator@@CA?AVDName@@XZ 000000018000998c f   libvcruntime:undname.obj
 0001:00008ac8       ?getSignedDimension@UnDecorator@@CA?AVDName@@XZ 0000000180009ac8 f   libvcruntime:undname.obj
 0001:00008b50       ?getStorageConvention@UnDecorator@@CA?AVDName@@XZ 0000000180009b50 f i libvcruntime:undname.obj
 0001:00008b8c       ?getString@DName@@QEBAPEADPEAD0@Z 0000000180009b8c f i libvcruntime:undname.obj
 0001:00008ba8       ?getString@DName@@QEBAPEADPEADH@Z 0000000180009ba8 f i libvcruntime:undname.obj
 0001:00008c3c       ?getString@DNameStatusNode@@UEBAPEADPEAD0@Z 0000000180009c3c f i libvcruntime:undname.obj
 0001:00008c84       ?getString@charNode@@UEBAPEADPEAD0@Z 0000000180009c84 f i libvcruntime:undname.obj
 0001:00008c98       ?getString@pDNameNode@@UEBAPEADPEAD0@Z 0000000180009c98 f i libvcruntime:undname.obj
 0001:00008cc8       ?getString@pairNode@@UEBAPEADPEAD0@Z 0000000180009cc8 f i libvcruntime:undname.obj
 0001:00008d14       ?getString@pcharNode@@UEBAPEADPEAD0@Z 0000000180009d14 f i libvcruntime:undname.obj
 0001:00008d4c       ?getStringEncoding@UnDecorator@@CA?AVDName@@W4PrefixKind@@H@Z 0000000180009d4c f   libvcruntime:undname.obj
 0001:00008e30       ?getStringHelper@@YAPEADPEADPEBD1H@Z 0000000180009e30 f i libvcruntime:undname.obj
 0001:00008e60       ?getStringObject@UnDecorator@@CA?AVDName@@XZ 0000000180009e60 f   libvcruntime:undname.obj
 0001:00008ec8       ?getSymbolName@UnDecorator@@CA?AVDName@@XZ 0000000180009ec8 f i libvcruntime:undname.obj
 0001:00008f14       ?getTemplateArgumentList@UnDecorator@@CA?AVDName@@XZ 0000000180009f14 f   libvcruntime:undname.obj
 0001:00009188       ?getTemplateName@UnDecorator@@CA?AVDName@@_N@Z 000000018000a188 f   libvcruntime:undname.obj
 0001:0000941c       ?getTemplateNonTypeArgument@UnDecorator@@CA?AVDName@@XZ 000000018000a41c f   libvcruntime:undname.obj
 0001:00009898       ?getTemplateTypeArgument@UnDecorator@@CA?AVDName@@XZ 000000018000a898 f   libvcruntime:undname.obj
 0001:00009a00       ?getThisType@UnDecorator@@CA?AVDName@@XZ 000000018000aa00 f i libvcruntime:undname.obj
 0001:00009a40       ?getThrowTypes@UnDecorator@@CA?AVDName@@XZ 000000018000aa40 f   libvcruntime:undname.obj
 0001:00009a64       ?getTypeEncoding@UnDecorator@@CAHXZ 000000018000aa64 f i libvcruntime:undname.obj
 0001:00009dd8       ?getUndecoratedName@UnDecorator@@QEAAPEADPEADH@Z 000000018000add8 f i libvcruntime:undname.obj
 0001:00009f2c       ?getVCallThunkType@UnDecorator@@CA?AVDName@@XZ 000000018000af2c f i libvcruntime:undname.obj
 0001:00009fa4       ?getValue@UnDecorator@@CA?AV?$optional@_K@std@@XZ 000000018000afa4 f   libvcruntime:undname.obj
 0001:0000a018       ?getValueObject@UnDecorator@@CA?AVDName@@XZ 000000018000b018 f   libvcruntime:undname.obj
 0001:0000a168       ?getVbTableType@UnDecorator@@CA?AVDName@@AEBV2@@Z 000000018000b168 f i libvcruntime:undname.obj
 0001:0000a180       ?getVdispMapType@UnDecorator@@CA?AVDName@@AEBV2@@Z 000000018000b180 f i libvcruntime:undname.obj
 0001:0000a1fc       ?getVfTableType@UnDecorator@@CA?AVDName@@AEBV2@@Z 000000018000b1fc f i libvcruntime:undname.obj
 0001:0000a404       ?getZName@UnDecorator@@CA?AVDName@@_N0@Z 000000018000b404 f   libvcruntime:undname.obj
 0001:0000a6ec       ?haveTemplateParameters@UnDecorator@@SAHXZ 000000018000b6ec f i libvcruntime:undname.obj
 0001:0000a6f8       ?isArray@DName@@QEBAHXZ    000000018000b6f8 f i libvcruntime:undname.obj
 0001:0000a704       ?isComArray@DName@@QEBAHXZ 000000018000b704 f i libvcruntime:undname.obj
 0001:0000a710       ?isEmpty@DName@@QEBAHXZ    000000018000b710 f i libvcruntime:undname.obj
 0001:0000a71c       ?isFull@Replicator@@QEBAHXZ 000000018000b71c f i libvcruntime:undname.obj
 0001:0000a728       ?isNoTE@DName@@QEBAHXZ     000000018000b728 f i libvcruntime:undname.obj
 0001:0000a734       ?isPinPtr@DName@@QEBAHXZ   000000018000b734 f i libvcruntime:undname.obj
 0001:0000a740       ?isPtrRef@DName@@QEBAHXZ   000000018000b740 f i libvcruntime:undname.obj
 0001:0000a74c       ?isUDC@DName@@QEBAHXZ      000000018000b74c f i libvcruntime:undname.obj
 0001:0000a764       ?isUDTThunk@DName@@QEBAHXZ 000000018000b764 f i libvcruntime:undname.obj
 0001:0000a77c       ?isVCallThunk@DName@@QEBAHXZ 000000018000b77c f i libvcruntime:undname.obj
 0001:0000a788       ?isValid@DName@@QEBAHXZ    000000018000b788 f i libvcruntime:undname.obj
 0001:0000a794       ?length@DName@@QEBAHXZ     000000018000b794 f i libvcruntime:undname.obj
 0001:0000a7ac       ?length@DNameStatusNode@@UEBAHXZ 000000018000b7ac f i libvcruntime:undname.obj
 0001:0000a7b0       ?length@charNode@@UEBAHXZ  000000018000b7b0 f i libvcruntime:undname.obj
 0001:0000a7b8       ?length@pDNameNode@@UEBAHXZ 000000018000b7b8 f i libvcruntime:undname.obj
 0001:0000a7e0       ?length@pairNode@@UEBAHXZ  000000018000b7e0 f i libvcruntime:undname.obj
 0001:0000a828       ?length@pcharNode@@UEBAHXZ 000000018000b828 f i libvcruntime:undname.obj
 0001:0000a82c       ?make@DNameStatusNode@@SAPEBV1@W4DNameStatus@@@Z 000000018000b82c f i libvcruntime:undname.obj
 0001:0000a84c       ?parseDecoratedName@UnDecorator@@CA?AVDName@@XZ 000000018000b84c f   libvcruntime:undname.obj
 0001:0000a960       ?raw_length@DNameStatusNode@@UEBAHXZ 000000018000b960 f i libvcruntime:undname.obj
 0001:0000a964       ?raw_length@charNode@@UEBAHXZ 000000018000b964 f i libvcruntime:undname.obj
 0001:0000a96c       ?raw_length@pDNameNode@@UEBAHXZ 000000018000b96c f i libvcruntime:undname.obj
 0001:0000a970       ?raw_length@pairNode@@UEBAHXZ 000000018000b970 f i libvcruntime:undname.obj
 0001:0000a974       ?raw_length@pcharNode@@UEBAHXZ 000000018000b974 f i libvcruntime:undname.obj
 0001:0000a978       ?setIsArray@DName@@QEAAXXZ 000000018000b978 f i libvcruntime:undname.obj
 0001:0000a980       ?setIsComArray@DName@@QEAAXXZ 000000018000b980 f i libvcruntime:undname.obj
 0001:0000a988       ?setIsNoTE@DName@@QEAAXXZ  000000018000b988 f i libvcruntime:undname.obj
 0001:0000a990       ?setIsPinPtr@DName@@QEAAXXZ 000000018000b990 f i libvcruntime:undname.obj
 0001:0000a998       ?setIsUDC@DName@@QEAAXXZ   000000018000b998 f i libvcruntime:undname.obj
 0001:0000a9a4       ?setIsVCallThunk@DName@@QEAAXXZ 000000018000b9a4 f i libvcruntime:undname.obj
 0001:0000a9ac       ?setPtrRef@DName@@QEAAAEAV1@XZ 000000018000b9ac f i libvcruntime:undname.obj
 0001:0000a9b8       ?status@DName@@QEBA?AW4DNameStatus@@XZ 000000018000b9b8 f i libvcruntime:undname.obj
 0001:0000aa1c       __unDName                  000000018000ba1c f   libvcruntime:undname.obj
 0001:0000aa44       __unDNameEx                000000018000ba44 f   libvcruntime:undname.obj
 0001:0000ab78       _vsprintf_s_l              000000018000bb78 f i libvcruntime:undname.obj
 0001:0000abdc       sprintf_s                  000000018000bbdc f i libvcruntime:undname.obj
 0001:0000ac30       unDNameGenerateCHPE        000000018000bc30 f   libvcruntime:undname.obj
 0001:0000ad38       ??$?RU__vcrt_ptd@@@__crt_internal_free_policy@@QEBAXQEBU__vcrt_ptd@@@Z 000000018000bd38 f i libvcruntime:per_thread_data.obj
 0001:0000ad40       ??0?$__crt_unique_heap_ptr@U__vcrt_ptd@@U__crt_internal_free_policy@@@@QEAA@QEAU__vcrt_ptd@@@Z 000000018000bd40 f i libvcruntime:per_thread_data.obj
 0001:0000ad64       ??1?$__crt_unique_heap_ptr@U__vcrt_ptd@@U__crt_internal_free_policy@@@@QEAA@XZ 000000018000bd64 f i libvcruntime:per_thread_data.obj
 0001:0000ad8c       ??B?$__crt_unique_heap_ptr@U__vcrt_ptd@@U__crt_internal_free_policy@@@@QEBA_NXZ 000000018000bd8c f i libvcruntime:per_thread_data.obj
 0001:0000ad94       ?detach@?$__crt_unique_heap_ptr@U__vcrt_ptd@@U__crt_internal_free_policy@@@@QEAAPEAU__vcrt_ptd@@XZ 000000018000bd94 f i libvcruntime:per_thread_data.obj
 0001:0000ad9c       ?get@?$__crt_unique_heap_ptr@U__vcrt_ptd@@U__crt_internal_free_policy@@@@QEBAPEAU__vcrt_ptd@@XZ 000000018000bd9c f i libvcruntime:per_thread_data.obj
 0001:0000ada0       ?is_valid@?$__crt_unique_heap_ptr@U__vcrt_ptd@@U__crt_internal_free_policy@@@@QEBA_NXZ 000000018000bda0 f i libvcruntime:per_thread_data.obj
 0001:0000ada8       ?release@?$__crt_unique_heap_ptr@U__vcrt_ptd@@U__crt_internal_free_policy@@@@QEAAXXZ 000000018000bda8 f i libvcruntime:per_thread_data.obj
 0001:0000adf0       __vcrt_freefls             000000018000bdf0 f   libvcruntime:per_thread_data.obj
 0001:0000ae10       __vcrt_freeptd             000000018000be10 f   libvcruntime:per_thread_data.obj
 0001:0000ae60       __vcrt_getptd              000000018000be60 f   libvcruntime:per_thread_data.obj
 0001:0000ae7c       __vcrt_getptd_noexit       000000018000be7c f   libvcruntime:per_thread_data.obj
 0001:0000af3c       __vcrt_getptd_noinit       000000018000bf3c f   libvcruntime:per_thread_data.obj
 0001:0000af8c       __vcrt_initialize_ptd      000000018000bf8c f   libvcruntime:per_thread_data.obj
 0001:0000afd4       __vcrt_uninitialize_ptd    000000018000bfd4 f   libvcruntime:per_thread_data.obj
 0001:0000aff8       __vcrt_initialize_locks    000000018000bff8 f   libvcruntime:locks.obj
 0001:0000b02c       __vcrt_lock                000000018000c02c f   libvcruntime:locks.obj
 0001:0000b048       __vcrt_uninitialize_locks  000000018000c048 f   libvcruntime:locks.obj
 0001:0000b080       __vcrt_unlock              000000018000c080 f   libvcruntime:locks.obj
 0001:0000b09c       ??$__crt_interlocked_exchange_pointer@$$A6AXXZP6AXXZ@@YAP6AXXZPEDS6AXXZQ6AXXZ@Z 000000018000c09c f i libvcruntime:purevirt.obj
 0001:0000b0a4       ??$__crt_interlocked_read_pointer@$$A6AXXZ@@YAP6AXXZPEDS6AXXZ@Z 000000018000c0a4 f i libvcruntime:purevirt.obj
 0001:0000b0a8       _get_purecall_handler      000000018000c0a8 f   libvcruntime:purevirt.obj
 0001:0000b0b0       _purecall                  000000018000c0b0 f   libvcruntime:purevirt.obj
 0001:0000b0cc       _set_purecall_handler      000000018000c0cc f   libvcruntime:purevirt.obj
 0001:0000b0d8       ??$?0AEAViterator@TryBlockMap4@FH4@@AEAV012@$0A@@?$pair@Viterator@TryBlockMap4@FH4@@V123@@std@@QEAA@AEAViterator@TryBlockMap4@FH4@@0@Z 000000018000c0d8 f i libvcruntime:risctrnsctrl.obj
 0001:0000b0ec       ??$?0AEAViterator@TryBlockMap@__FrameHandler3@@AEAV012@$0A@@?$pair@Viterator@TryBlockMap@__FrameHandler3@@V123@@std@@QEAA@AEAViterator@TryBlockMap@__FrameHandler3@@0@Z 000000018000c0ec f i libvcruntime:risctrnsctrl.obj
 0001:0000b23c       ??$_CallSETranslator@V__FrameHandler3@@@@YAHPEAUEHExceptionRecord@@PEA_KPEAU_CONTEXT@@PEAU_xDISPATCHER_CONTEXT@@PEBU_s_FuncInfo@@K1H@Z 000000018000c23c f i libvcruntime:risctrnsctrl.obj
 0001:0000b290       ??$_CallSETranslator@V__FrameHandler4@@@@YAHPEAUEHExceptionRecord@@PEA_KPEAU_CONTEXT@@PEAU_xDISPATCHER_CONTEXT@@PEAUFuncInfo4@FH4@@K1H@Z 000000018000c290 f i libvcruntime:risctrnsctrl.obj
 0001:0000b2e4       ??$forward@AEAViterator@TryBlockMap4@FH4@@@std@@YAAEAViterator@TryBlockMap4@FH4@@AEAV123@@Z 000000018000c2e4 f i libvcruntime:risctrnsctrl.obj
 0001:0000b2e8       ??$forward@AEAViterator@TryBlockMap@__FrameHandler3@@@std@@YAAEAViterator@TryBlockMap@__FrameHandler3@@AEAV123@@Z 000000018000c2e8 f i libvcruntime:risctrnsctrl.obj
 0001:0000b2ec       ??0FuncInfo4@FH4@@QEAA@XZ  000000018000c2ec f i libvcruntime:risctrnsctrl.obj
 0001:0000b300       ??0FuncInfoHeader@FH4@@QEAA@XZ 000000018000c300 f i libvcruntime:risctrnsctrl.obj
 0001:0000b308       ??0iterator@TryBlockMap4@FH4@@QEAA@AEAV12@I@Z 000000018000c308 f i libvcruntime:risctrnsctrl.obj
 0001:0000b314       ??0iterator@TryBlockMap@__FrameHandler3@@QEAA@AEAV12@I@Z 000000018000c314 f i libvcruntime:risctrnsctrl.obj
 0001:0000b320       ??4iterator@TryBlockMap4@FH4@@QEAAAEAV012@AEBV012@@Z 000000018000c320 f i libvcruntime:risctrnsctrl.obj
 0001:0000b32c       ??9iterator@TryBlockMap4@FH4@@QEBA_NAEBV012@@Z 000000018000c32c f i libvcruntime:risctrnsctrl.obj
 0001:0000b338       ??Diterator@TryBlockMap4@FH4@@QEAA?AUTryBlockMapEntry4@2@XZ 000000018000c338 f i libvcruntime:risctrnsctrl.obj
 0001:0000b348       ??Eiterator@TryBlockMap4@FH4@@QEAAAEAV012@XZ 000000018000c348 f i libvcruntime:risctrnsctrl.obj
 0001:0000b3e4       ?CatchTryBlock@__FrameHandler3@@SAPEBU_s_TryBlockMapEntry@@PEBU_s_FuncInfo@@H@Z 000000018000c3e4 f   libvcruntime:risctrnsctrl.obj
 0001:0000b438       ?DecompFuncInfo@FH4@@YA_JPEAEAEAUFuncInfo4@1@_KH@Z 000000018000c438 f i libvcruntime:risctrnsctrl.obj
 0001:0000b44c       ?DecompFuncInfo@FH4@@YA_JPEAEAEAUFuncInfo4@1@_KH_N@Z 000000018000c44c f i libvcruntime:risctrnsctrl.obj
 0001:0000b570       ?DecompTryBlock@TryBlockMap4@FH4@@AEAAXXZ 000000018000c570 f i libvcruntime:risctrnsctrl.obj
 0001:0000b604       ?ExecutionInCatch@__FrameHandler3@@SA_NPEAU_xDISPATCHER_CONTEXT@@PEBU_s_FuncInfo@@@Z 000000018000c604 f   libvcruntime:risctrnsctrl.obj
 0001:0000b630       ?ExecutionInCatch@__FrameHandler4@@SA_NPEAU_xDISPATCHER_CONTEXT@@PEAUFuncInfo4@FH4@@@Z 000000018000c630 f   libvcruntime:risctrnsctrl.obj
 0001:0000b638       ?FrameUnwindToEmptyState@__FrameHandler3@@SAXPEA_KPEAU_xDISPATCHER_CONTEXT@@PEBU_s_FuncInfo@@@Z 000000018000c638 f   libvcruntime:risctrnsctrl.obj
 0001:0000b69c       ?FrameUnwindToEmptyState@__FrameHandler4@@SAXPEA_KPEAU_xDISPATCHER_CONTEXT@@PEAUFuncInfo4@FH4@@@Z 000000018000c69c f   libvcruntime:risctrnsctrl.obj
 0001:0000b6d0       ?GetEstablisherFrame@__FrameHandler3@@SAPEA_KPEA_KPEAU_xDISPATCHER_CONTEXT@@PEBU_s_FuncInfo@@0@Z 000000018000c6d0 f   libvcruntime:risctrnsctrl.obj
 0001:0000b79c       ?GetEstablisherFrame@__FrameHandler4@@SAPEA_KPEA_KPEAU_xDISPATCHER_CONTEXT@@PEAUFuncInfo4@FH4@@0@Z 000000018000c79c f   libvcruntime:risctrnsctrl.obj
 0001:0000b7c0       ?GetRangeOfTrysToCheck@__FrameHandler3@@SA?AU?$pair@Viterator@TryBlockMap@__FrameHandler3@@V123@@std@@AEAVTryBlockMap@1@HPEAU_xDISPATCHER_CONTEXT@@PEBU_s_FuncInfo@@H@Z 000000018000c7c0 f   libvcruntime:risctrnsctrl.obj
 0001:0000b900       ?GetRangeOfTrysToCheck@__FrameHandler4@@SA?AU?$pair@Viterator@TryBlockMap4@FH4@@V123@@std@@AEAVTryBlockMap4@FH4@@HPEAU_xDISPATCHER_CONTEXT@@PEAUFuncInfo4@5@H@Z 000000018000c900 f   libvcruntime:risctrnsctrl.obj
 0001:0000ba68       ?ReadInt@FH4@@YAHPEAPEAE@Z 000000018000ca68 f i libvcruntime:risctrnsctrl.obj
 0001:0000ba78       ?ReadUnsigned@FH4@@YAIPEAPEAE@Z 000000018000ca78 f i libvcruntime:risctrnsctrl.obj
 0001:0000baa8       ?UnwindNestedFrames@__FrameHandler3@@SAXPEA_KPEAUEHExceptionRecord@@PEAU_CONTEXT@@0PEAXPEBU_s_FuncInfo@@HHPEBU_s_HandlerType@@PEAU_xDISPATCHER_CONTEXT@@E@Z 000000018000caa8 f   libvcruntime:risctrnsctrl.obj
 0001:0000bbac       ?UnwindNestedFrames@__FrameHandler4@@SAXPEA_KPEAUEHExceptionRecord@@PEAU_CONTEXT@@0PEAXPEAUFuncInfo4@FH4@@HHPEAUHandlerType4@5@PEAU_xDISPATCHER_CONTEXT@@E@Z 000000018000cbac f   libvcruntime:risctrnsctrl.obj
 0001:0000bccc       ?begin@TryBlockMap4@FH4@@QEAA?AViterator@12@XZ 000000018000cccc f i libvcruntime:risctrnsctrl.obj
 0001:0000bcd8       ?end@TryBlockMap4@FH4@@QEAA?AViterator@12@XZ 000000018000ccd8 f i libvcruntime:risctrnsctrl.obj
 0001:0000bce4       ?imageRelToByteBuffer@FH4@@YAPEAE_KH@Z 000000018000cce4 f i libvcruntime:risctrnsctrl.obj
 0001:0000bcec       ?incrementToSentinel@iterator@TryBlockMap4@FH4@@QEAAXXZ 000000018000ccec f i libvcruntime:risctrnsctrl.obj
 0001:0000bcf0       ?setBuffer@TryBlockMap4@FH4@@QEAAXViterator@12@@Z 000000018000ccf0 f i libvcruntime:risctrnsctrl.obj
 0001:0000beb0       _CreateFrameInfo           000000018000ceb0 f   libvcruntime:risctrnsctrl.obj
 0001:0000beec       _FindAndUnlinkFrame        000000018000ceec f   libvcruntime:risctrnsctrl.obj
 0001:0000bf40       _GetImageBase              000000018000cf40 f   libvcruntime:risctrnsctrl.obj
 0001:0000bf54       _GetThrowImageBase         000000018000cf54 f   libvcruntime:risctrnsctrl.obj
 0001:0000bf68       _SetImageBase              000000018000cf68 f   libvcruntime:risctrnsctrl.obj
 0001:0000bf80       _SetThrowImageBase         000000018000cf80 f   libvcruntime:risctrnsctrl.obj
 0001:0000bf98       __CxxFrameHandler          000000018000cf98 f   libvcruntime:risctrnsctrl.obj
 0001:0000bfa0       __CxxFrameHandler2         000000018000cfa0 f   libvcruntime:risctrnsctrl.obj
 0001:0000bfa8       __CxxFrameHandler3         000000018000cfa8 f   libvcruntime:risctrnsctrl.obj
 0001:0000c030       __CxxFrameHandler4         000000018000d030 f   libvcruntime:risctrnsctrl.obj
 0001:0000c100       memcpy_repmovs             000000018000d100 f   libvcruntime:memcpy.obj
 0001:0000c120       memmove                    000000018000d120 f   libvcruntime:memcpy.obj
 0001:0000c120       memcpy                     000000018000d120 f   libvcruntime:memcpy.obj
 0001:0000c4f8       ??$__crt_interlocked_exchange_pointer@UHINSTANCE__@@PEAU1@@@YAPEAUHINSTANCE__@@PEDSEAU0@QEAU0@@Z 000000018000d4f8 f i libvcruntime:winapi_downlevel.obj
 0001:0000c500       ??$__crt_interlocked_exchange_pointer@UHINSTANCE__@@PEAX@@YAPEAUHINSTANCE__@@PEDSEAU0@QEAX@Z 000000018000d500 f i libvcruntime:winapi_downlevel.obj
 0001:0000c508       ??$__crt_interlocked_exchange_pointer@XPEAX@@YAPEAXPEDSEAXQEAX@Z 000000018000d508 f i libvcruntime:winapi_downlevel.obj
 0001:0000c510       ??$__crt_interlocked_read_pointer@UHINSTANCE__@@@@YAPEAUHINSTANCE__@@PEDSEAU0@@Z 000000018000d510 f i libvcruntime:winapi_downlevel.obj
 0001:0000c514       ??$__crt_interlocked_read_pointer@X@@YAPEAXPEDSEAX@Z 000000018000d514 f i libvcruntime:winapi_downlevel.obj
 0001:0000ca48       __vcrt_FlsAlloc            000000018000da48 f   libvcruntime:winapi_downlevel.obj
 0001:0000ca90       __vcrt_FlsFree             000000018000da90 f   libvcruntime:winapi_downlevel.obj
 0001:0000cad8       __vcrt_FlsGetValue         000000018000dad8 f   libvcruntime:winapi_downlevel.obj
 0001:0000cb20       __vcrt_FlsSetValue         000000018000db20 f   libvcruntime:winapi_downlevel.obj
 0001:0000cb74       __vcrt_InitializeCriticalSectionEx 000000018000db74 f   libvcruntime:winapi_downlevel.obj
 0001:0000cbd8       ?GetCurrentState@__FrameHandler3@@SAHPEA_KPEAU_xDISPATCHER_CONTEXT@@PEBU_s_FuncInfo@@@Z 000000018000dbd8 f   libvcruntime:ehstate.obj
 0001:0000cc00       ?GetUnwindTryBlock@__FrameHandler3@@SAHPEA_KPEAU_xDISPATCHER_CONTEXT@@PEBU_s_FuncInfo@@@Z 000000018000dc00 f   libvcruntime:ehstate.obj
 0001:0000cc2c       ?SetState@__FrameHandler3@@SAXPEA_KPEBU_s_FuncInfo@@H@Z 000000018000dc2c f   libvcruntime:ehstate.obj
 0001:0000cc38       ?SetUnwindTryBlock@__FrameHandler3@@SAXPEA_KPEAU_xDISPATCHER_CONTEXT@@PEBU_s_FuncInfo@@H@Z 000000018000dc38 f   libvcruntime:ehstate.obj
 0001:0000cc74       ?StateFromControlPc@__FrameHandler3@@SAHPEBU_s_FuncInfo@@PEAU_xDISPATCHER_CONTEXT@@@Z 000000018000dc74 f   libvcruntime:ehstate.obj
 0001:0000cc7c       ?StateFromControlPc@__FrameHandler4@@SAHPEAUFuncInfo4@FH4@@PEAU_xDISPATCHER_CONTEXT@@@Z 000000018000dc7c f   libvcruntime:ehstate.obj
 0001:0000cc84       ?StateFromIp@__FrameHandler3@@SAHPEBU_s_FuncInfo@@PEAU_xDISPATCHER_CONTEXT@@_K@Z 000000018000dc84 f   libvcruntime:ehstate.obj
 0001:0000ccec       ?StateFromIp@__FrameHandler4@@SAHPEAUFuncInfo4@FH4@@PEAU_xDISPATCHER_CONTEXT@@_K@Z 000000018000dcec f   libvcruntime:ehstate.obj
 0001:0000cdd4       ?__FuncRelToRealOffset@@YA_KPEAU_xDISPATCHER_CONTEXT@@I@Z 000000018000ddd4 f i libvcruntime:ehstate.obj
 0001:0000cde4       ?__RVAtoRealOffset@@YA_KPEAU_xDISPATCHER_CONTEXT@@H@Z 000000018000dde4 f i libvcruntime:ehstate.obj
 0001:0000e428       ??$TypeMatchHelper@V__FrameHandler3@@@@YAHPEBU_s_HandlerType@@PEBU_s_CatchableType@@PEBU_s_ThrowInfo@@@Z 000000018000f428 f i libvcruntime:frame.obj
 0001:0000e568       ??$TypeMatchHelper@V__FrameHandler4@@@@YAHPEAUHandlerType4@FH4@@PEBU_s_CatchableType@@PEBU_s_ThrowInfo@@@Z 000000018000f568 f i libvcruntime:frame.obj
 0001:0000e6ac       ??$__InternalCxxFrameHandler@V__FrameHandler3@@@@YA?AW4_EXCEPTION_DISPOSITION@@PEAUEHExceptionRecord@@PEA_KPEAU_CONTEXT@@PEAU_xDISPATCHER_CONTEXT@@PEBU_s_FuncInfo@@H1E@Z 000000018000f6ac f i libvcruntime:frame.obj
 0001:0000e8e4       ??$__InternalCxxFrameHandler@V__FrameHandler4@@@@YA?AW4_EXCEPTION_DISPOSITION@@PEAUEHExceptionRecord@@PEA_KPEAU_CONTEXT@@PEAU_xDISPATCHER_CONTEXT@@PEAUFuncInfo4@FH4@@H1E@Z 000000018000f8e4 f i libvcruntime:frame.obj
 0001:0000eb78       ??0HandlerMap4@FH4@@QEAA@PEBUTryBlockMapEntry4@1@_KH@Z 000000018000fb78 f i libvcruntime:frame.obj
 0001:0000ebf4       ??0HandlerMap@__FrameHandler3@@QEAA@PEBU_s_TryBlockMapEntry@@_KI@Z 000000018000fbf4 f i libvcruntime:frame.obj
 0001:0000ec08       ??0HandlerType4@FH4@@QEAA@XZ 000000018000fc08 f i libvcruntime:frame.obj
 0001:0000ec20       ??0TryBlockMap4@FH4@@QEAA@PEBUFuncInfo4@1@_K@Z 000000018000fc20 f i libvcruntime:frame.obj
 0001:0000ecf8       ??0TryBlockMap@__FrameHandler3@@QEAA@PEBU_s_FuncInfo@@_K@Z 000000018000fcf8 f i libvcruntime:frame.obj
 0001:0000ed04       ??0UWMap4@FH4@@QEAA@PEBUFuncInfo4@1@_K@Z 000000018000fd04 f i libvcruntime:frame.obj
 0001:0000ed48       ??0bad_exception@std@@QEAA@AEBV01@@Z 000000018000fd48 f i libvcruntime:frame.obj
 0001:0000ed84       ??0bad_exception@std@@QEAA@XZ 000000018000fd84 f i libvcruntime:frame.obj
 0001:0000eda4       ??0exception@std@@QEAA@AEBV01@@Z 000000018000fda4 f i libvcruntime:frame.obj
 0001:0000edd8       ??0exception@std@@QEAA@QEBDH@Z 000000018000fdd8 f i libvcruntime:frame.obj
 0001:0000edf0       ??0iterator@HandlerMap4@FH4@@QEAA@AEAV12@I@Z 000000018000fdf0 f i libvcruntime:frame.obj
 0001:0000edfc       ??0iterator@HandlerMap@__FrameHandler3@@QEAA@AEAV12@I@Z 000000018000fdfc f i libvcruntime:frame.obj
 0001:0000ee08       ??0iterator@UWMap4@FH4@@QEAA@AEAV12@PEAE@Z 000000018000fe08 f i libvcruntime:frame.obj
 0001:0000ee14       ??1bad_exception@std@@UEAA@XZ 000000018000fe14 f i libvcruntime:frame.obj
 0001:0000ee28       ??1exception@std@@UEAA@XZ  000000018000fe28 f i libvcruntime:frame.obj
 0001:0000ee3c       ??4iterator@UWMap4@FH4@@QEAAAEAV012@AEBV012@@Z 000000018000fe3c f i libvcruntime:frame.obj
 0001:0000ee5c       ??8iterator@HandlerMap4@FH4@@QEBA_NAEBV012@@Z 000000018000fe5c f i libvcruntime:frame.obj
 0001:0000ee68       ??8iterator@HandlerMap@__FrameHandler3@@QEBA_NAEBV012@@Z 000000018000fe68 f i libvcruntime:frame.obj
 0001:0000ee74       ??8type_info@@QEBA_NAEBV0@@Z 000000018000fe74 f i libvcruntime:frame.obj
 0001:0000ee90       ??9iterator@HandlerMap4@FH4@@QEBA_NAEBV012@@Z 000000018000fe90 f i libvcruntime:frame.obj
 0001:0000ee9c       ??9iterator@HandlerMap@__FrameHandler3@@QEBA_NAEBV012@@Z 000000018000fe9c f i libvcruntime:frame.obj
 0001:0000eea8       ??Diterator@HandlerMap4@FH4@@QEAA?AUHandlerType4@2@XZ 000000018000fea8 f i libvcruntime:frame.obj
 0001:0000eec8       ??Diterator@HandlerMap@__FrameHandler3@@QEAA?BU_s_HandlerType@@XZ 000000018000fec8 f i libvcruntime:frame.obj
 0001:0000eeec       ??Diterator@TryBlockMap@__FrameHandler3@@QEAA?BU_s_TryBlockMapEntry@@XZ 000000018000feec f i libvcruntime:frame.obj
 0001:0000ef1c       ??Diterator@UWMap4@FH4@@QEAA?AUUnwindMapEntry4@2@XZ 000000018000ff1c f i libvcruntime:frame.obj
 0001:0000ef70       ??Eiterator@HandlerMap4@FH4@@QEAAAEAV012@XZ 000000018000ff70 f i libvcruntime:frame.obj
 0001:0000ef90       ??Eiterator@HandlerMap@__FrameHandler3@@QEAAAEAV012@XZ 000000018000ff90 f i libvcruntime:frame.obj
 0001:0000ef98       ??Eiterator@TryBlockMap@__FrameHandler3@@QEAAAEAV012@XZ 000000018000ff98 f i libvcruntime:frame.obj
 0001:0000efa0       ??Eiterator@UWMap4@FH4@@QEAAAEAV012@XZ 000000018000ffa0 f i libvcruntime:frame.obj
 0001:0000efc0       ??Giterator@UWMap4@FH4@@QEBA_JAEBV012@@Z 000000018000ffc0 f i libvcruntime:frame.obj
 0001:0000efcc       ??Miterator@TryBlockMap4@FH4@@QEBA_NAEBV012@@Z 000000018000ffcc f i libvcruntime:frame.obj
 0001:0000efd8       ??Miterator@TryBlockMap@__FrameHandler3@@QEBA_NAEBV012@@Z 000000018000ffd8 f i libvcruntime:frame.obj
 0001:0000efe4       ??Oiterator@UWMap4@FH4@@QEBA_NAEBV012@@Z 000000018000ffe4 f i libvcruntime:frame.obj
 0001:0000eff0       ??Piterator@UWMap4@FH4@@QEBA_NAEBV012@@Z 000000018000fff0 f i libvcruntime:frame.obj
 0001:0000effc       ??_Gbad_exception@std@@UEAAPEAXI@Z 000000018000fffc f i libvcruntime:frame.obj
 0001:0000effc       ??_Ebad_exception@std@@UEAAPEAXI@Z 000000018000fffc f i libvcruntime:frame.obj
 0001:0000f040       ??_Gexception@std@@UEAAPEAXI@Z 0000000180010040 f i libvcruntime:frame.obj
 0001:0000f040       ??_Eexception@std@@UEAAPEAXI@Z 0000000180010040 f i libvcruntime:frame.obj
 0001:0000f084       ?BuildCatchObject@__FrameHandler3@@SAXPEAUEHExceptionRecord@@PEAXPEBU_s_HandlerType@@PEBU_s_CatchableType@@@Z 0000000180010084 f   libvcruntime:frame.obj
 0001:0000f08c       ?BuildCatchObject@__FrameHandler4@@SAXPEAUEHExceptionRecord@@PEAXPEAUHandlerType4@FH4@@PEBU_s_CatchableType@@@Z 000000018001008c f   libvcruntime:frame.obj
 0001:0000f094       ?BuildCatchObjectHelper@__FrameHandler3@@SAHPEAUEHExceptionRecord@@PEAXPEBU_s_HandlerType@@PEBU_s_CatchableType@@@Z 0000000180010094 f   libvcruntime:frame.obj
 0001:0000f09c       ?BuildCatchObjectHelper@__FrameHandler4@@SAHPEAUEHExceptionRecord@@PEAXPEAUHandlerType4@FH4@@PEBU_s_CatchableType@@@Z 000000018001009c f   libvcruntime:frame.obj
 0001:0000f0a4       ?CxxCallCatchBlock@__FrameHandler3@@SAPEAXPEAU_EXCEPTION_RECORD@@@Z 00000001800100a4 f   libvcruntime:frame.obj
 0001:0000f290       ?CxxCallCatchBlock@__FrameHandler4@@SAPEAXPEAU_EXCEPTION_RECORD@@@Z 0000000180010290 f   libvcruntime:frame.obj
 0001:0000f4e0       ?DecompHandler@HandlerMap4@FH4@@AEAAXXZ 00000001800104e0 f i libvcruntime:frame.obj
 0001:0000f720       ?FrameUnwindToState@__FrameHandler3@@SAXPEA_KPEAU_xDISPATCHER_CONTEXT@@PEBU_s_FuncInfo@@H@Z 0000000180010720 f   libvcruntime:frame.obj
 0001:0000f8ac       ?FrameUnwindToState@__FrameHandler4@@SAXPEA_KPEAU_xDISPATCHER_CONTEXT@@PEAUFuncInfo4@FH4@@H@Z 00000001800108ac f   libvcruntime:frame.obj
 0001:0000fb94       ?GetHandlerSearchState@__FrameHandler3@@SAHPEA_KPEAU_xDISPATCHER_CONTEXT@@PEBU_s_FuncInfo@@@Z 0000000180010b94 f i libvcruntime:frame.obj
 0001:0000fc2c       ?GetHandlerSearchState@__FrameHandler4@@SAHPEA_KPEAU_xDISPATCHER_CONTEXT@@PEAUFuncInfo4@FH4@@@Z 0000000180010c2c f i libvcruntime:frame.obj
 0001:0000fc90       ?GetMaxState@__FrameHandler3@@SAHPEAU_xDISPATCHER_CONTEXT@@PEBU_s_FuncInfo@@@Z 0000000180010c90 f i libvcruntime:frame.obj
 0001:0000fc94       ?GetMaxState@__FrameHandler4@@SAHPEAU_xDISPATCHER_CONTEXT@@PEAUFuncInfo4@FH4@@@Z 0000000180010c94 f i libvcruntime:frame.obj
 0001:0000fe44       ?ReadEntry@UWMap4@FH4@@AEAAXPEAPEAE@Z 0000000180010e44 f i libvcruntime:frame.obj
 0001:0000fee4       ?TypeMatch@__FrameHandler3@@SAHPEBU_s_HandlerType@@PEBU_s_CatchableType@@PEBU_s_ThrowInfo@@@Z 0000000180010ee4 f   libvcruntime:frame.obj
 0001:0000feec       ?TypeMatch@__FrameHandler4@@SAHPEAUHandlerType4@FH4@@PEBU_s_CatchableType@@PEBU_s_ThrowInfo@@@Z 0000000180010eec f   libvcruntime:frame.obj
 0001:0000fef4       ?WalkBack@UWMap4@FH4@@AEAAXPEAPEAE@Z 0000000180010ef4 f i libvcruntime:frame.obj
 0001:0000ff2c       ?WalkBack@iterator@UWMap4@FH4@@QEAAXXZ 0000000180010f2c f i libvcruntime:frame.obj
 0001:0000ff6c       ?WalkForward@UWMap4@FH4@@AEAAXPEAPEAE@Z 0000000180010f6c f i libvcruntime:frame.obj
 0001:0000ff74       ?_CallMemberFunction1@@YAXQEAX00@Z 0000000180010f74 f i libvcruntime:frame.obj
 0001:0000ff80       ?_CallMemberFunction2@@YAXQEAX00H@Z 0000000180010f80 f i libvcruntime:frame.obj
 0001:0000ffa4       ?begin@HandlerMap4@FH4@@QEAA?AViterator@12@XZ 0000000180010fa4 f i libvcruntime:frame.obj
 0001:0000ffb0       ?begin@HandlerMap@__FrameHandler3@@QEAA?AViterator@12@XZ 0000000180010fb0 f i libvcruntime:frame.obj
 0001:0000ffbc       ?begin@UWMap4@FH4@@QEAA?AViterator@12@XZ 0000000180010fbc f i libvcruntime:frame.obj
 0001:0000ffcc       ?end@HandlerMap4@FH4@@QEAA?AViterator@12@XZ 0000000180010fcc f i libvcruntime:frame.obj
 0001:0000ffd8       ?end@HandlerMap@__FrameHandler3@@QEAA?AViterator@12@XZ 0000000180010fd8 f i libvcruntime:frame.obj
 0001:0000ffe4       ?getESTypes@__FrameHandler3@@SAPEBU_s_ESTypeList@@PEBU_s_FuncInfo@@@Z 0000000180010fe4 f i libvcruntime:frame.obj
 0001:0001000c       ?getESTypes@__FrameHandler4@@SAPEBU_s_ESTypeList@@PEAUFuncInfo4@FH4@@@Z 000000018001100c f i libvcruntime:frame.obj
 0001:00010010       ?getLastEntry@HandlerMap4@FH4@@QEAAPEAUHandlerType4@2@XZ 0000000180011010 f i libvcruntime:frame.obj
 0001:00010060       ?getLastEntry@HandlerMap@__FrameHandler3@@QEAAPEBU_s_HandlerType@@XZ 0000000180011060 f i libvcruntime:frame.obj
 0001:00010074       ?getMagicNum@__FrameHandler3@@SAIPEBU_s_FuncInfo@@@Z 0000000180011074 f i libvcruntime:frame.obj
 0001:0001007c       ?getMagicNum@__FrameHandler4@@SAIPEAUFuncInfo4@FH4@@@Z 000000018001107c f i libvcruntime:frame.obj
 0001:00010084       ?getNumTryBlocks@TryBlockMap4@FH4@@QEAAIXZ 0000000180011084 f i libvcruntime:frame.obj
 0001:00010088       ?getNumTryBlocks@TryBlockMap@__FrameHandler3@@QEAAIXZ 0000000180011088 f i libvcruntime:frame.obj
 0001:00010090       ?getStartStop@UWMap4@FH4@@QEAAXHHAEAViterator@12@0@Z 0000000180011090 f i libvcruntime:frame.obj
 0001:00010160       ?getStateFromIterators@UWMap4@FH4@@SAHAEBViterator@12@H0H0@Z 0000000180011160 f i libvcruntime:frame.obj
 0001:00010228       ?isEHs@__FrameHandler3@@SA_NPEBU_s_FuncInfo@@@Z 0000000180011228 f i libvcruntime:frame.obj
 0001:00010230       ?isEHs@__FrameHandler4@@SA_NPEAUFuncInfo4@FH4@@@Z 0000000180011230 f i libvcruntime:frame.obj
 0001:00010238       ?isNoExcept@__FrameHandler3@@SA_NPEBU_s_FuncInfo@@@Z 0000000180011238 f i libvcruntime:frame.obj
 0001:00010244       ?isNoExcept@__FrameHandler4@@SA_NPEAUFuncInfo4@FH4@@@Z 0000000180011244 f i libvcruntime:frame.obj
 0001:0001024c       ?reset@HandlerType4@FH4@@QEAAXXZ 000000018001124c f i libvcruntime:frame.obj
 0001:00010260       ?resetBuffer@HandlerMap4@FH4@@QEAAXXZ 0000000180011260 f i libvcruntime:frame.obj
 0001:00010270       ?setBuffer@HandlerMap4@FH4@@QEAAXI@Z 0000000180011270 f i libvcruntime:frame.obj
 0001:000102ac       ?what@exception@std@@UEBAPEBDXZ 00000001800112ac f i libvcruntime:frame.obj
 0001:000102c0       __BuildCatchObject         00000001800112c0 f   libvcruntime:frame.obj
 0001:000102c8       __BuildCatchObjectHelper   00000001800112c8 f   libvcruntime:frame.obj
 0001:000102d0       __TypeMatch                00000001800112d0 f   libvcruntime:frame.obj
 0001:000102d8       __vcrt_EncodePointer       00000001800112d8 f i libvcruntime:frame.obj
 0001:000102f0       _CallSettingFrame          00000001800112f0 f   libvcruntime:handlers.obj
 0001:00010340       _CallSettingFrame_LookupContinuationIndex 0000000180011340 f   libvcruntime:handlers.obj
 0001:00010370       _CallSettingFrame_NotifyContinuationAddr 0000000180011370 f   libvcruntime:handlers.obj
 0001:000103a0       _CallSettingFrameEncoded   00000001800113a0 f   libvcruntime:handlers.obj
 0001:000103e8       ??$?RD@__crt_public_free_policy@@QEBAXQEBD@Z 00000001800113e8 f i libvcruntime:std_exception.obj
 0001:000103f0       ??0?$__crt_unique_heap_ptr@DU__crt_public_free_policy@@@@QEAA@QEAD@Z 00000001800113f0 f i libvcruntime:std_exception.obj
 0001:000103f8       ??1?$__crt_unique_heap_ptr@DU__crt_public_free_policy@@@@QEAA@XZ 00000001800113f8 f i libvcruntime:std_exception.obj
 0001:00010414       ??B?$__crt_unique_heap_ptr@DU__crt_public_free_policy@@@@QEBA_NXZ 0000000180011414 f i libvcruntime:std_exception.obj
 0001:0001041c       ?detach@?$__crt_unique_heap_ptr@DU__crt_public_free_policy@@@@QEAAPEADXZ 000000018001141c f i libvcruntime:std_exception.obj
 0001:00010424       ?get@?$__crt_unique_heap_ptr@DU__crt_public_free_policy@@@@QEBAPEADXZ 0000000180011424 f i libvcruntime:std_exception.obj
 0001:00010428       ?is_valid@?$__crt_unique_heap_ptr@DU__crt_public_free_policy@@@@QEBA_NXZ 0000000180011428 f i libvcruntime:std_exception.obj
 0001:00010430       ?release@?$__crt_unique_heap_ptr@DU__crt_public_free_policy@@@@QEAAXXZ 0000000180011430 f i libvcruntime:std_exception.obj
 0001:0001044c       __std_exception_copy       000000018001144c f   libvcruntime:std_exception.obj
 0001:000104dc       __std_exception_destroy    00000001800114dc f   libvcruntime:std_exception.obj
 0001:00010504       _CxxThrowException         0000000180011504 f   libvcruntime:throw.obj
 0001:000105a4       ??$?RPEAU__crt_stdio_stream_data@@@__crt_internal_free_policy@@QEBAXQEBQEAU__crt_stdio_stream_data@@@Z 00000001800115a4 f i libucrt:_file.obj
 0001:000105ac       ??0?$__crt_unique_heap_ptr@PEAU__crt_stdio_stream_data@@U__crt_internal_free_policy@@@@QEAA@QEAPEAU__crt_stdio_stream_data@@@Z 00000001800115ac f i libucrt:_file.obj
 0001:000105b4       ??0__crt_stdio_stream@@QEAA@QEAU_iobuf@@@Z 00000001800115b4 f i libucrt:_file.obj
 0001:000105bc       ??1?$__crt_unique_heap_ptr@PEAU__crt_stdio_stream_data@@U__crt_internal_free_policy@@@@QEAA@XZ 00000001800115bc f i libucrt:_file.obj
 0001:000105d8       ??C__crt_stdio_stream@@QEBAPEAU__crt_stdio_stream_data@@XZ 00000001800115d8 f i libucrt:_file.obj
 0001:000105dc       ?detach@?$__crt_unique_heap_ptr@PEAU__crt_stdio_stream_data@@U__crt_internal_free_policy@@@@QEAAPEAPEAU__crt_stdio_stream_data@@XZ 00000001800115dc f i libucrt:_file.obj
 0001:000105e4       ?release@?$__crt_unique_heap_ptr@PEAU__crt_stdio_stream_data@@U__crt_internal_free_policy@@@@QEAAXXZ 00000001800115e4 f i libucrt:_file.obj
 0001:00010600       __acrt_initialize_stdio    0000000180011600 f   libucrt:_file.obj
 0001:00010720       __acrt_iob_func            0000000180011720 f   libucrt:_file.obj
 0001:00010734       __acrt_uninitialize_stdio  0000000180011734 f   libucrt:_file.obj
 0001:00010790       _get_stream_buffer_pointers 0000000180011790 f   libucrt:_file.obj
 0001:000107d8       _lock_file                 00000001800117d8 f   libucrt:_file.obj
 0001:000107e4       _unlock_file               00000001800117e4 f   libucrt:_file.obj
 0001:000107f0       ??$__crt_interlocked_read@J@@YAJPEDJ@Z 00000001800117f0 f i libucrt:fclose.obj
 0001:000107f4       ?__crt_interlocked_read_32@@YAHPEDH@Z 00000001800117f4 f i libucrt:fclose.obj
 0001:000107f8       ?get_flags@__crt_stdio_stream@@QEBAJXZ 00000001800117f8 f i libucrt:fclose.obj
 0001:00010800       ?is_in_use@__crt_stdio_stream@@QEBA_NXZ 0000000180011800 f i libucrt:fclose.obj
 0001:0001080c       ?is_string_backed@__crt_stdio_stream@@QEBA_NXZ 000000018001180c f i libucrt:fclose.obj
 0001:00010818       ?public_stream@__crt_stdio_stream@@QEBAPEAU_iobuf@@XZ 0000000180011818 f i libucrt:fclose.obj
 0001:0001081c       ?valid@__crt_stdio_stream@@QEBA_NXZ 000000018001181c f i libucrt:fclose.obj
 0001:00010824       _fclose_nolock             0000000180011824 f   libucrt:fclose.obj
 0001:000108a8       fclose                     00000001800118a8 f   libucrt:fclose.obj
 0001:00010b3c       ??$open_file@AEBQEBDAEBQEBDAEBHPEAU_iobuf@@@?$__crt_char_traits@D@@SAPEAU_iobuf@@AEBQEBD0AEBH$$QEAPEAU1@@Z 0000000180011b3c f i libucrt:fopen.obj
 0001:00010b50       ??$open_file@AEBQEB_WAEBQEB_WAEBHPEAU_iobuf@@@?$__crt_char_traits@_W@@SAPEAU_iobuf@@AEBQEB_W0AEBH$$QEAPEAU1@@Z 0000000180011b50 f i libucrt:fopen.obj
 0001:00010b64       ?unlock@__crt_stdio_stream@@QEBAXXZ 0000000180011b64 f i libucrt:fopen.obj
 0001:00010b6c       _fsopen                    0000000180011b6c f   libucrt:fopen.obj
 0001:00010b74       _wfopen                    0000000180011b74 f   libucrt:fopen.obj
 0001:00010b80       _wfopen_s                  0000000180011b80 f   libucrt:fopen.obj
 0001:00010bd8       _wfsopen                   0000000180011bd8 f   libucrt:fopen.obj
 0001:00010be0       fopen                      0000000180011be0 f   libucrt:fopen.obj
 0001:00010bec       fopen_s                    0000000180011bec f   libucrt:fopen.obj
 0001:00010dcc       ?detach@?$__crt_unique_heap_ptr@DU__crt_internal_free_policy@@@@QEAAPEADXZ 0000000180011dcc f i libucrt:setvbuf.obj
 0001:00010dec       ?set_flags@__crt_stdio_stream@@QEBA_NJ@Z 0000000180011dec f i libucrt:setvbuf.obj
 0001:00010e0c       ?unset_flags@__crt_stdio_stream@@QEBA_NJ@Z 0000000180011e0c f i libucrt:setvbuf.obj
 0001:00010e34       setvbuf                    0000000180011e34 f   libucrt:setvbuf.obj
 0001:00010ed0       ??$?0AEBV?$stream_output_adapter@D@__crt_stdio_output@@AEB_KAEBQEBDAEBQEAU__crt_locale_pointers@@AEBQEAD@?$format_validation_base@DV?$stream_output_adapter@D@__crt_stdio_output@@@__crt_stdio_output@@IEAA@AEBV?$stream_output_adapter@D@1@AEB_KAEBQEBDAEBQEAU__crt_locale_pointers@@AEBQEAD@Z 0000000180011ed0 f i libucrt:output.obj
 0001:00010f54       ??$?0AEBV?$stream_output_adapter@D@__crt_stdio_output@@AEB_KAEBQEBDAEBQEAU__crt_locale_pointers@@AEBQEAD@?$positional_parameter_base@DV?$stream_output_adapter@D@__crt_stdio_output@@@__crt_stdio_output@@IEAA@AEBV?$stream_output_adapter@D@1@AEB_KAEBQEBDAEBQEAU__crt_locale_pointers@@AEBQEAD@Z 0000000180011f54 f i libucrt:output.obj
 0001:00010ff4       ??$?0AEBV?$stream_output_adapter@D@__crt_stdio_output@@AEB_KAEBQEBDAEBQEAU__crt_locale_pointers@@AEBQEAD@?$standard_base@DV?$stream_output_adapter@D@__crt_stdio_output@@@__crt_stdio_output@@IEAA@AEBV?$stream_output_adapter@D@1@AEB_KAEBQEBDAEBQEAU__crt_locale_pointers@@AEBQEAD@Z 0000000180011ff4 f i libucrt:output.obj
 0001:00011078       ??$?0AEBV?$stream_output_adapter@_W@__crt_stdio_output@@AEB_KAEBQEB_WAEBQEAU__crt_locale_pointers@@AEBQEAD@?$format_validation_base@_WV?$stream_output_adapter@_W@__crt_stdio_output@@@__crt_stdio_output@@IEAA@AEBV?$stream_output_adapter@_W@1@AEB_KAEBQEB_WAEBQEAU__crt_locale_pointers@@AEBQEAD@Z 0000000180012078 f i libucrt:output.obj
 0001:00011100       ??$?0AEBV?$stream_output_adapter@_W@__crt_stdio_output@@AEB_KAEBQEB_WAEBQEAU__crt_locale_pointers@@AEBQEAD@?$positional_parameter_base@_WV?$stream_output_adapter@_W@__crt_stdio_output@@@__crt_stdio_output@@IEAA@AEBV?$stream_output_adapter@_W@1@AEB_KAEBQEB_WAEBQEAU__crt_locale_pointers@@AEBQEAD@Z 0000000180012100 f i libucrt:output.obj
 0001:000111a4       ??$?0AEBV?$stream_output_adapter@_W@__crt_stdio_output@@AEB_KAEBQEB_WAEBQEAU__crt_locale_pointers@@AEBQEAD@?$standard_base@_WV?$stream_output_adapter@_W@__crt_stdio_output@@@__crt_stdio_output@@IEAA@AEBV?$stream_output_adapter@_W@1@AEB_KAEBQEB_WAEBQEAU__crt_locale_pointers@@AEBQEAD@Z 00000001800121a4 f i libucrt:output.obj
 0001:0001122c       ??$?0AEBV?$string_output_adapter@D@__crt_stdio_output@@AEB_KAEBQEBDAEBQEAU__crt_locale_pointers@@AEBQEAD@?$format_validation_base@DV?$string_output_adapter@D@__crt_stdio_output@@@__crt_stdio_output@@IEAA@AEBV?$string_output_adapter@D@1@AEB_KAEBQEBDAEBQEAU__crt_locale_pointers@@AEBQEAD@Z 000000018001222c f i libucrt:output.obj
 0001:000112b0       ??$?0AEBV?$string_output_adapter@D@__crt_stdio_output@@AEB_KAEBQEBDAEBQEAU__crt_locale_pointers@@AEBQEAD@?$positional_parameter_base@DV?$string_output_adapter@D@__crt_stdio_output@@@__crt_stdio_output@@IEAA@AEBV?$string_output_adapter@D@1@AEB_KAEBQEBDAEBQEAU__crt_locale_pointers@@AEBQEAD@Z 00000001800122b0 f i libucrt:output.obj
 0001:00011350       ??$?0AEBV?$string_output_adapter@D@__crt_stdio_output@@AEB_KAEBQEBDAEBQEAU__crt_locale_pointers@@AEBQEAD@?$standard_base@DV?$string_output_adapter@D@__crt_stdio_output@@@__crt_stdio_output@@IEAA@AEBV?$string_output_adapter@D@1@AEB_KAEBQEBDAEBQEAU__crt_locale_pointers@@AEBQEAD@Z 0000000180012350 f i libucrt:output.obj
 0001:000113d4       ??$?0AEBV?$string_output_adapter@_W@__crt_stdio_output@@AEB_KAEBQEB_WAEBQEAU__crt_locale_pointers@@AEBQEAD@?$format_validation_base@_WV?$string_output_adapter@_W@__crt_stdio_output@@@__crt_stdio_output@@IEAA@AEBV?$string_output_adapter@_W@1@AEB_KAEBQEB_WAEBQEAU__crt_locale_pointers@@AEBQEAD@Z 00000001800123d4 f i libucrt:output.obj
 0001:0001145c       ??$?0AEBV?$string_output_adapter@_W@__crt_stdio_output@@AEB_KAEBQEB_WAEBQEAU__crt_locale_pointers@@AEBQEAD@?$positional_parameter_base@_WV?$string_output_adapter@_W@__crt_stdio_output@@@__crt_stdio_output@@IEAA@AEBV?$string_output_adapter@_W@1@AEB_KAEBQEB_WAEBQEAU__crt_locale_pointers@@AEBQEAD@Z 000000018001245c f i libucrt:output.obj
 0001:00011500       ??$?0AEBV?$string_output_adapter@_W@__crt_stdio_output@@AEB_KAEBQEB_WAEBQEAU__crt_locale_pointers@@AEBQEAD@?$standard_base@_WV?$string_output_adapter@_W@__crt_stdio_output@@@__crt_stdio_output@@IEAA@AEBV?$string_output_adapter@_W@1@AEB_KAEBQEB_WAEBQEAU__crt_locale_pointers@@AEBQEAD@Z 0000000180012500 f i libucrt:output.obj
 0001:00012940       ??$count@D@formatting_buffer@__crt_stdio_output@@QEBA_KXZ 0000000180013940 f i libucrt:output.obj
 0001:0001295c       ??$count@_W@formatting_buffer@__crt_stdio_output@@QEBA_KXZ 000000018001395c f i libucrt:output.obj
 0001:00012978       ??$data@D@formatting_buffer@__crt_stdio_output@@QEAAPEADXZ 0000000180013978 f i libucrt:output.obj
 0001:00012988       ??$data@_W@formatting_buffer@__crt_stdio_output@@QEAAPEA_WXZ 0000000180013988 f i libucrt:output.obj
 0001:00012998       ??$ensure_buffer_is_big_enough@D@formatting_buffer@__crt_stdio_output@@QEAA_N_K@Z 0000000180013998 f i libucrt:output.obj
 0001:00012a40       ??$ensure_buffer_is_big_enough@_W@formatting_buffer@__crt_stdio_output@@QEAA_N_K@Z 0000000180013a40 f i libucrt:output.obj
 0001:00012aec       ??$extract_argument_from_va_list@C_J@?$positional_parameter_base@DV?$stream_output_adapter@D@__crt_stdio_output@@@__crt_stdio_output@@IEAA_NAEA_J@Z 0000000180013aec f i libucrt:output.obj
 0001:00012ba8       ??$extract_argument_from_va_list@C_J@?$positional_parameter_base@DV?$string_output_adapter@D@__crt_stdio_output@@@__crt_stdio_output@@IEAA_NAEA_J@Z 0000000180013ba8 f i libucrt:output.obj
 0001:00012c64       ??$extract_argument_from_va_list@C_J@?$positional_parameter_base@_WV?$stream_output_adapter@_W@__crt_stdio_output@@@__crt_stdio_output@@IEAA_NAEA_J@Z 0000000180013c64 f i libucrt:output.obj
 0001:00012d24       ??$extract_argument_from_va_list@C_J@?$positional_parameter_base@_WV?$string_output_adapter@_W@__crt_stdio_output@@@__crt_stdio_output@@IEAA_NAEA_J@Z 0000000180013d24 f i libucrt:output.obj
 0001:00012de4       ??$extract_argument_from_va_list@C_J@?$standard_base@DV?$stream_output_adapter@D@__crt_stdio_output@@@__crt_stdio_output@@IEAA_NAEA_J@Z 0000000180013de4 f i libucrt:output.obj
 0001:00012df8       ??$extract_argument_from_va_list@C_J@?$standard_base@DV?$string_output_adapter@D@__crt_stdio_output@@@__crt_stdio_output@@IEAA_NAEA_J@Z 0000000180013df8 f i libucrt:output.obj
 0001:00012e0c       ??$extract_argument_from_va_list@C_J@?$standard_base@_WV?$stream_output_adapter@_W@__crt_stdio_output@@@__crt_stdio_output@@IEAA_NAEA_J@Z 0000000180013e0c f i libucrt:output.obj
 0001:00012e20       ??$extract_argument_from_va_list@C_J@?$standard_base@_WV?$string_output_adapter@_W@__crt_stdio_output@@@__crt_stdio_output@@IEAA_NAEA_J@Z 0000000180013e20 f i libucrt:output.obj
 0001:00012e34       ??$extract_argument_from_va_list@E_J@?$positional_parameter_base@DV?$stream_output_adapter@D@__crt_stdio_output@@@__crt_stdio_output@@IEAA_NAEA_J@Z 0000000180013e34 f i libucrt:output.obj
 0001:00012ef0       ??$extract_argument_from_va_list@E_J@?$positional_parameter_base@DV?$string_output_adapter@D@__crt_stdio_output@@@__crt_stdio_output@@IEAA_NAEA_J@Z 0000000180013ef0 f i libucrt:output.obj
 0001:00012fac       ??$extract_argument_from_va_list@E_J@?$positional_parameter_base@_WV?$stream_output_adapter@_W@__crt_stdio_output@@@__crt_stdio_output@@IEAA_NAEA_J@Z 0000000180013fac f i libucrt:output.obj
 0001:0001306c       ??$extract_argument_from_va_list@E_J@?$positional_parameter_base@_WV?$string_output_adapter@_W@__crt_stdio_output@@@__crt_stdio_output@@IEAA_NAEA_J@Z 000000018001406c f i libucrt:output.obj
 0001:0001312c       ??$extract_argument_from_va_list@E_J@?$standard_base@DV?$stream_output_adapter@D@__crt_stdio_output@@@__crt_stdio_output@@IEAA_NAEA_J@Z 000000018001412c f i libucrt:output.obj
 0001:00013140       ??$extract_argument_from_va_list@E_J@?$standard_base@DV?$string_output_adapter@D@__crt_stdio_output@@@__crt_stdio_output@@IEAA_NAEA_J@Z 0000000180014140 f i libucrt:output.obj
 0001:00013154       ??$extract_argument_from_va_list@E_J@?$standard_base@_WV?$stream_output_adapter@_W@__crt_stdio_output@@@__crt_stdio_output@@IEAA_NAEA_J@Z 0000000180014154 f i libucrt:output.obj
 0001:00013168       ??$extract_argument_from_va_list@E_J@?$standard_base@_WV?$string_output_adapter@_W@__crt_stdio_output@@@__crt_stdio_output@@IEAA_NAEA_J@Z 0000000180014168 f i libucrt:output.obj
 0001:0001317c       ??$extract_argument_from_va_list@F_J@?$positional_parameter_base@DV?$stream_output_adapter@D@__crt_stdio_output@@@__crt_stdio_output@@IEAA_NAEA_J@Z 000000018001417c f i libucrt:output.obj
 0001:00013238       ??$extract_argument_from_va_list@F_J@?$positional_parameter_base@DV?$string_output_adapter@D@__crt_stdio_output@@@__crt_stdio_output@@IEAA_NAEA_J@Z 0000000180014238 f i libucrt:output.obj
 0001:000132f4       ??$extract_argument_from_va_list@F_J@?$positional_parameter_base@_WV?$stream_output_adapter@_W@__crt_stdio_output@@@__crt_stdio_output@@IEAA_NAEA_J@Z 00000001800142f4 f i libucrt:output.obj
 0001:000133b4       ??$extract_argument_from_va_list@F_J@?$positional_parameter_base@_WV?$string_output_adapter@_W@__crt_stdio_output@@@__crt_stdio_output@@IEAA_NAEA_J@Z 00000001800143b4 f i libucrt:output.obj
 0001:00013474       ??$extract_argument_from_va_list@F_J@?$standard_base@DV?$stream_output_adapter@D@__crt_stdio_output@@@__crt_stdio_output@@IEAA_NAEA_J@Z 0000000180014474 f i libucrt:output.obj
 0001:00013488       ??$extract_argument_from_va_list@F_J@?$standard_base@DV?$string_output_adapter@D@__crt_stdio_output@@@__crt_stdio_output@@IEAA_NAEA_J@Z 0000000180014488 f i libucrt:output.obj
 0001:0001349c       ??$extract_argument_from_va_list@F_J@?$standard_base@_WV?$stream_output_adapter@_W@__crt_stdio_output@@@__crt_stdio_output@@IEAA_NAEA_J@Z 000000018001449c f i libucrt:output.obj
 0001:000134b0       ??$extract_argument_from_va_list@F_J@?$standard_base@_WV?$string_output_adapter@_W@__crt_stdio_output@@@__crt_stdio_output@@IEAA_NAEA_J@Z 00000001800144b0 f i libucrt:output.obj
 0001:000134c4       ??$extract_argument_from_va_list@GD@?$positional_parameter_base@DV?$stream_output_adapter@D@__crt_stdio_output@@@__crt_stdio_output@@IEAA_NAEAD@Z 00000001800144c4 f i libucrt:output.obj
 0001:0001357c       ??$extract_argument_from_va_list@GD@?$positional_parameter_base@DV?$string_output_adapter@D@__crt_stdio_output@@@__crt_stdio_output@@IEAA_NAEAD@Z 000000018001457c f i libucrt:output.obj
[...]
 0002:00010814       $unwind$_wcsnicoll         0000000180063814     libucrt:wcsnicol.obj
 0002:0001081c       $unwind$_wcsnicoll_l       000000018006381c     libucrt:wcsnicol.obj
 0002:00010830       $unwind$_strnicoll_l       0000000180063830     libucrt:strnicol.obj
 0002:00010844       $unwind$__acrt_SetEnvironmentVariableA 0000000180063844     libucrt:setenvironmentvariablea.obj
 0002:00010860       $unwind$??R<lambda_7c9dea7b4ca7285d2cdb541a38da6275>@@QEBAHIQEBDQEA_W_K@Z 0000000180063860     libucrt:setenvironmentvariablea.obj
 0002:00010868       $unwind$??$__acrt_convert_wcs_mbs_cp@D_WV<lambda_7c9dea7b4ca7285d2cdb541a38da6275>@@U__crt_win32_buffer_internal_dynamic_resizing@@@@YAHQEBDAEAV?$__crt_win32_buffer@_WU__crt_win32_buffer_internal_dynamic_resizing@@@@AEBV<lambda_7c9dea7b4ca7285d2cdb541a38da6275>@@I@Z 0000000180063868     libucrt:setenvironmentvariablea.obj
 0002:00010880       $unwind$_msize_base        0000000180063880     libucrt:msize.obj
 0002:00010888       $unwind$_realloc_base      0000000180063888     libucrt:realloc_base.obj
 0002:00010894       $unwind$?common_lseek_do_seek_nolock@@YAJQEAXJH@Z 0000000180063894     libucrt:lseek.obj
 0002:000108a4       $unwind$?common_lseek_do_seek_nolock@@YA_JQEAX_JH@Z 00000001800638a4     libucrt:lseek.obj
 0002:000108ac       $unwind$??$common_lseek@J@@YAJHJH@Z 00000001800638ac     libucrt:lseek.obj
 0002:000108dc       $unwind$?fin$0@?0???$common_lseek@J@@YAJHJH@Z@4HA 00000001800638dc     libucrt:lseek.obj
 0002:000108e4       $unwind$??$common_lseek@_J@@YA_JH_JH@Z 00000001800638e4     libucrt:lseek.obj
 0002:00010914       $unwind$?fin$0@?0???$common_lseek@_J@@YA_JH_JH@Z@4HA 0000000180063914     libucrt:lseek.obj
 0002:0001091c       $unwind$??$common_lseek_nolock@J@@YAJHJH@Z 000000018006391c     libucrt:lseek.obj
 0002:00010930       $unwind$??$common_lseek_nolock@_J@@YA_JH_JH@Z 0000000180063930     libucrt:lseek.obj
 0002:00010940       $unwind$_putwch            0000000180063940     libucrt:putwch.obj
 0002:00010948       $unwind$_putwch_nolock     0000000180063948     libucrt:putwch.obj
 0002:00010950       $unwind$??$__acrt_lock_and_call@V<lambda_9e0b6ab72a5b3ae37ad997d08b519f50>@@@@YAGW4__acrt_lock_id@@$$QEAV<lambda_9e0b6ab72a5b3ae37ad997d08b519f50>@@@Z 0000000180063950     libucrt:putwch.obj
 0002:00010958       $unwind$??$?RV<lambda_0384895ae1aa6ccbfe369a30d6ca2ef7>@@AEAV<lambda_9e0b6ab72a5b3ae37ad997d08b519f50>@@V<lambda_7e22f70504d73c22058e5832bde5914f>@@@?$__crt_seh_guarded_call@G@@QEAAG$$QEAV<lambda_0384895ae1aa6ccbfe369a30d6ca2ef7>@@AEAV<lambda_9e0b6ab72a5b3ae37ad997d08b519f50>@@$$QEAV<lambda_7e22f70504d73c22058e5832bde5914f>@@@Z 0000000180063958     libucrt:putwch.obj
 0002:0001097c       $unwind$?fin$0@?0???$?RV<lambda_0384895ae1aa6ccbfe369a30d6ca2ef7>@@AEAV<lambda_9e0b6ab72a5b3ae37ad997d08b519f50>@@V<lambda_7e22f70504d73c22058e5832bde5914f>@@@?$__crt_seh_guarded_call@G@@QEAAG$$QEAV<lambda_0384895ae1aa6ccbfe369a30d6ca2ef7>@@AEAV<lambda_9e0b6ab72a5b3ae37ad997d08b519f50>@@$$QEAV<lambda_7e22f70504d73c22058e5832bde5914f>@@@Z@4HA 000000018006397c     libucrt:putwch.obj
 0002:00010984       $unwind$_read              0000000180063984     libucrt:read.obj
 0002:000109b4       $unwind$_read$fin$0        00000001800639b4     libucrt:read.obj
 0002:000109bc       $unwind$_read_nolock       00000001800639bc     libucrt:read.obj
 0002:000109d4       $unwind$?translate_utf16_from_console_nolock@@YAHHQEA_W_K@Z 00000001800639d4     libucrt:read.obj
 0002:000109dc       $unwind$?translate_ansi_or_utf8_nolock@@YAHHQEAD_KQEA_W1@Z 00000001800639dc     libucrt:read.obj
 0002:000109f8       $unwind$??$translate_text_mode_nolock@D@@YAHHQEAD_K@Z 00000001800639f8     libucrt:read.obj
 0002:00010a10       $unwind$??$translate_text_mode_nolock@_W@@YAHHQEA_W_K@Z 0000000180063a10     libucrt:read.obj
 0002:00010a28       $unwind$_towlower_l        0000000180063a28     libucrt:towlower.obj
 0002:00010a30       $unwind$_setmode           0000000180063a30     libucrt:setmode.obj
 0002:00010a60       $unwind$_setmode$fin$0     0000000180063a60     libucrt:setmode.obj
 0002:00010a68       $unwind$_set_fmode         0000000180063a68     libucrt:setmode.obj
 0002:00010a70       $unwind$_get_fmode         0000000180063a70     libucrt:setmode.obj
 0002:00010a78       $unwind$_setmode_nolock    0000000180063a78     libucrt:setmode.obj
 0002:00010a88       $unwind$_chsize            0000000180063a88     libucrt:chsize.obj
 0002:00010a90       $unwind$_chsize_s          0000000180063a90     libucrt:chsize.obj
 0002:00010a9c       $unwind$_chsize_nolock     0000000180063a9c     libucrt:chsize.obj
 0002:00010ab8       $unwind$??R<lambda_522ac1b1e1a1180d6f374a882b81d1c8>@@QEBAHXZ 0000000180063ab8     libucrt:chsize.obj
 0002:00010ac0       $unwind$??$__acrt_lowio_lock_fh_and_call@V<lambda_522ac1b1e1a1180d6f374a882b81d1c8>@@@@YAHH$$QEAV<lambda_522ac1b1e1a1180d6f374a882b81d1c8>@@@Z 0000000180063ac0     libucrt:chsize.obj
 0002:00010ac8       $unwind$??0__crt_seek_guard@@QEAA@H_J@Z 0000000180063ac8     libucrt:chsize.obj
 0002:00010ad8       $unwind$??$?RV<lambda_63911f43cc86614963252b1f423aad40>@@AEAV<lambda_522ac1b1e1a1180d6f374a882b81d1c8>@@V<lambda_6da5eaf298b4749753c721cc8c61e051>@@@?$__crt_seh_guarded_call@H@@QEAAH$$QEAV<lambda_63911f43cc86614963252b1f423aad40>@@AEAV<lambda_522ac1b1e1a1180d6f374a882b81d1c8>@@$$QEAV<lambda_6da5eaf298b4749753c721cc8c61e051>@@@Z 0000000180063ad8     libucrt:chsize.obj
 0002:00010afc       $unwind$?fin$0@?0???$?RV<lambda_63911f43cc86614963252b1f423aad40>@@AEAV<lambda_522ac1b1e1a1180d6f374a882b81d1c8>@@V<lambda_6da5eaf298b4749753c721cc8c61e051>@@@?$__crt_seh_guarded_call@H@@QEAAH$$QEAV<lambda_63911f43cc86614963252b1f423aad40>@@AEAV<lambda_522ac1b1e1a1180d6f374a882b81d1c8>@@$$QEAV<lambda_6da5eaf298b4749753c721cc8c61e051>@@@Z@4HA 0000000180063afc     libucrt:chsize.obj
 0002:00010b04       $unwind$_umask_s           0000000180063b04     libucrt:umask.obj
 0002:00010b0c       $unwind$?__mbrtoc32_utf8@__crt_mbstring@@YA_KPEA_UPEBD_KPEAU_Mbstatet@@@Z 0000000180063b0c     libucrt:mbrtoc32.obj
 0002:00010b28       $unwind$__acrt_GetLocaleInfoA 0000000180063b28     libucrt:getlocaleinfoa.obj
 0002:00010b48       $unwind$?InternalGetLocaleInfoA@@YAHQEAU__crt_locale_pointers@@QEB_WKQEADH@Z 0000000180063b48     libucrt:getlocaleinfoa.obj
 0002:00010b70       $unwind$fegetenv           0000000180063b70     libucrt:fegetenv.obj
 0002:00010b78       $unwind$fesetenv           0000000180063b78     libucrt:fesetenv.obj
 0002:00010b80       $unwind$feholdexcept       0000000180063b80     libucrt:feholdexcept.obj
 0002:00010b88       $xdatasym                  0000000180063b88     libucrt:log10.obj
 0002:00010b94       $unwind$__acrt_stdio_allocate_buffer_nolock 0000000180063b94     libucrt:_getbuf.obj
 0002:00010ba0       $unwind$_wcsicmp           0000000180063ba0     libucrt:wcsicmp.obj
 0002:00010ba8       $unwind$_wcsicmp_l         0000000180063ba8     libucrt:wcsicmp.obj
 0002:00010bc0       $unwind$mbstowcs_s         0000000180063bc0     libucrt:mbstowcs.obj
 0002:00010bc8       $unwind$_mbstowcs_s_l      0000000180063bc8     libucrt:mbstowcs.obj
 0002:00010be0       $unwind$?_mbstowcs_l_helper@@YA_KPEA_WPEBD_KPEAU__crt_locale_pointers@@@Z 0000000180063be0     libucrt:mbstowcs.obj
 0002:00010bf8       $unwind$__acrt_CompareStringW 0000000180063bf8     libucrt:comparestringw.obj
 0002:00010c10       $unwind$__acrt_CompareStringA 0000000180063c10     libucrt:comparestringa.obj
 0002:00010c20       $unwind$?InternalCompareStringA@@YAHPEAU__crt_locale_pointers@@PEB_WKPEBDH2HH@Z 0000000180063c20     libucrt:comparestringa.obj
 0002:00010c44       $unwind$__dcrt_lowio_ensure_console_output_initialized 0000000180063c44     libucrt:initcon.obj
 0002:00010c4c       $unwind$__dcrt_write_console 0000000180063c4c     libucrt:initcon.obj
 0002:00010c60       $unwind$?__dcrt_lowio_initialize_console_output@@YAXXZ 0000000180063c60     libucrt:initcon.obj
 0002:00010c68       $unwind$__dcrt_terminate_console_output 0000000180063c68     libucrt:initcon.obj
 0002:00010c70       $unwind$??R<lambda_61c1b8a38cedca4df5fdc542e6ccae6d>@@QEBAHXZ 0000000180063c70     libucrt:initcon.obj
 0002:00010c78       $unwind$??$console_output_reopen_and_retry@V<lambda_61c1b8a38cedca4df5fdc542e6ccae6d>@@@@YAHAEBV<lambda_61c1b8a38cedca4df5fdc542e6ccae6d>@@@Z 0000000180063c78     libucrt:initcon.obj
 0002:00010c84       $unwind$__acrt_LCMapStringW 0000000180063c84     libucrt:lcmapstringw.obj
 0002:00010c98       $unwind$__acrt_fenv_set_control 0000000180063c98     libucrt:_fenvutils.obj
 0002:00010ca8       $unwind$?to_machine_sse_control@@YA?AW4__acrt_fenv_machine_sse_control@@W4__acrt_fenv_abstract_control@@@Z 0000000180063ca8     libucrt:_fenvutils.obj
 0002:00010cb8       $unwind$_clearfp           0000000180063cb8     libucrt:ieee.obj
 0002:00010cc0       $unwind$_set_controlfp     0000000180063cc0     libucrt:ieee.obj
 0002:00010cc8       $unwind$common_control87   0000000180063cc8     libucrt:ieee.obj
 0002:00010cf4       $unwind$common_control87$filt$0 0000000180063cf4     libucrt:ieee.obj
 0002:00010cfc       $unwind$_call_matherr      0000000180063cfc     libucrt:libm_error.obj
 0002:00010d04       $unwind$_exception_enabled 0000000180063d04     libucrt:libm_error.obj
 0002:00010d14       $unwind$_handle_errorf     0000000180063d14     libucrt:libm_error.obj
 0002:00010d34       $unwind$_handle_error      0000000180063d34     libucrt:libm_error.obj
 0002:00010d54       $unwind$__acrt_initialize_fma3 0000000180063d54     libucrt:fma3_available.obj
 0002:00010d5c       $unwind$_logf_special_common 0000000180063d5c     libucrt:log_special.obj
 0002:00010d68       $unwind$_logf_special      0000000180063d68     libucrt:log_special.obj
 0002:00010d70       $unwind$_log10f_special    0000000180063d70     libucrt:log_special.obj
 0002:00010d78       $unwind$_log_special_common 0000000180063d78     libucrt:log_special.obj
 0002:00010d84       $unwind$_log_special       0000000180063d84     libucrt:log_special.obj
 0002:00010d8c       $unwind$_log10_special     0000000180063d8c     libucrt:log_special.obj
 0002:00010d98       $xdatasym                  0000000180063d98     libucrt:fpsr.obj
 0002:00010da0       $unwind$_except1           0000000180063da0     libucrt:fpexcept.obj
 0002:00010dc0       $unwind$_except2           0000000180063dc0     libucrt:fpexcept.obj
 0002:00010de4       $unwind$_set_errno_from_matherr 0000000180063de4     libucrt:fpexcept.obj
 0002:00010dec       $unwind$_handle_exc        0000000180063dec     libucrt:fpexcept.obj
 0002:00010e08       $unwind$_raise_excf        0000000180063e08     libucrt:fpexcept.obj
 0002:00010e10       $unwind$_raise_exc         0000000180063e10     libucrt:fpexcept.obj
 0002:00010e18       $unwind$_umatherr          0000000180063e18     libucrt:fpexcept.obj
 0002:00010e20       $unwind$_raise_exc_ex      0000000180063e20     libucrt:fpexcept.obj
 0002:00010e34       $unwind$_clrfp             0000000180063e34     libucrt:fpctrl.obj
 0002:00010e3c       $unwind$_ctrlfp            0000000180063e3c     libucrt:fpctrl.obj
 0002:00010e64       $unwind$_ctrlfp$filt$0     0000000180063e64     libucrt:fpctrl.obj
 0002:00010e6c       $unwind$_statfp            0000000180063e6c     libucrt:fpctrl.obj
 0002:00010e74       $unwind$_set_statfp        0000000180063e74     libucrt:fpctrl.obj
 0002:00010e7c       $unwind$_IsNonwritableInCurrentImage 0000000180063e7c     LIBCMT:pesect.obj
 0002:00010ea0       $unwind$_IsNonwritableInCurrentImage$filt$0 0000000180063ea0     LIBCMT:pesect.obj
 0002:00010ea8       $unwind$??_Gtype_info@@UEAAPEAXI@Z 0000000180063ea8     LIBCMT:std_type_info_static.obj
 0002:00010eb0       $unwind$__GSHandlerCheck_SEH 0000000180063eb0     LIBCMT:gshandlerseh.obj
 0002:00010ec8       $xdatasym                  0000000180063ec8     LIBCMT:chkstk.obj
 0002:00010ed0       $unwind$_local_unwind      0000000180063ed0     libvcruntime:jmpuwind.obj
 0002:00010ed8       $xdatasym                  0000000180063ed8     libvcruntime:memcmp.obj
 0002:00010f70       .edata                     0000000180063f70     game.exp
 0002:00010f98       rgpv                       0000000180063f98     game.exp
 0002:00010fa4       rgszName                   0000000180063fa4     game.exp
 0002:00010fb0       rgwOrd                     0000000180063fb0     game.exp
 0002:00010fb6       szName                     0000000180063fb6     game.exp
 0002:00010fbf       $N00001                    0000000180063fbf     game.exp
 0002:00010fc8       $N00002                    0000000180063fc8     game.exp
 0002:00010fd3       $N00003                    0000000180063fd3     game.exp
 0002:00011430       .idata$6                   0000000180064430     kernel32:KERNEL32.dll
 0003:00000030       ?prefix@?1??getDimension@UnDecorator@@CA?AVDName@@_N@Z@4UStringLiteral@@A 0000000180065030     libvcruntime:undname.obj
 0003:00000040       ?__vcrt_flsindex@@3KA      0000000180065040     libvcruntime:per_thread_data.obj
 0003:00000160       ?errno_no_memory@@3HA      0000000180065160     libucrt:errno.obj
 0003:00000164       ?doserrno_no_memory@@3KA   0000000180065164     libucrt:errno.obj
 0003:000001b8       ?__acrt_flsindex@@3KA      00000001800651b8     libucrt:per_thread_data.obj
 0003:000001c0       _ctype_loc_style           00000001800651c0     libucrt:wsetlocale.obj
 0003:00000570       _mbctypes                  0000000180065570     libucrt:mbctype.obj
 0003:00000680       _mbcasemaps                0000000180065680     libucrt:mbctype.obj
 0003:00000780       ?__rgctypeflag@@3PADA      0000000180065780     libucrt:mbctype.obj
 0003:00000790       ?__rgcode_page_info@@3PAUcode_page_info@@A 0000000180065790     libucrt:mbctype.obj
 0003:00000a50       ?__dcrt_lowio_console_output_handle@@3PEAXEA 0000000180065a50     libucrt:initcon.obj
 0003:00000a58       ?dazSupported@?1??common_control87@@9@9 0000000180065a58     libucrt:ieee.obj
 0003:00000a60       ?dazSupported@?1??_ctrlfp@@9@9 0000000180065a60     libucrt:fpctrl.obj
 0003:00000be8       ?__proc_attached@@3HA      0000000180065be8     LIBCMT:dll_dllmain.obj
 0003:00000bf0       GS_ExceptionRecord         0000000180065bf0     LIBCMT:gs_report.obj
 0003:00000c90       GS_ContextRecord           0000000180065c90     LIBCMT:gs_report.obj
 0003:00001188       ?is_initialized_as_dll@@3_NA 0000000180066188     LIBCMT:utility.obj
 0003:00001189       ?module_local_atexit_table_initialized@@3_NA 0000000180066189     LIBCMT:utility.obj
 0003:00001190       ?module_local_atexit_table@@3U_onexit_table_t@@A 0000000180066190     LIBCMT:utility.obj
 0003:000011a8       ?module_local_at_quick_exit_table@@3U_onexit_table_t@@A 00000001800661a8     LIBCMT:utility.obj
 0003:00001220       ?heap@@3V_HeapManager@@A   0000000180066220     libvcruntime:undname.obj
 0003:00001250       ?__vcrt_startup_thread_ptd@@3U__vcrt_ptd@@A 0000000180066250     libvcruntime:per_thread_data.obj
 0003:000012d0       __vcrt_lock_table          00000001800662d0     libvcruntime:locks.obj
 0003:000012f8       __vcrt_locks_initialized   00000001800662f8     libvcruntime:locks.obj
 0003:00001300       ?module_handles@@3PAPEAUHINSTANCE__@@A 0000000180066300     libvcruntime:winapi_downlevel.obj
 0003:00001318       ?function_pointers@@3PAPEAXA 0000000180066318     libvcruntime:winapi_downlevel.obj
 0003:0000135c       ?c_termination_complete@@3JA 000000018006635c     libucrt:exit.obj
 0003:00001360       ?thread_local_exit_callback_func@@3P6AXPEAXK0@ZEA 0000000180066360     libucrt:exit.obj
 0003:00001370       ?program_name@?1???$common_configure_argv@D@@YAHW4_crt_argv_mode@@@Z@4PADA 0000000180066370     libucrt:argv_parsing.obj
 0003:00001480       ?program_name@?1???$common_configure_argv@_W@@YAHW4_crt_argv_mode@@@Z@4PA_WA 0000000180066480     libucrt:argv_parsing.obj
 0003:000016e0       ?__acrt_invalid_parameter_handler@@3V?$dual_state_global@P6AXPEB_W00I_K@Z@__crt_state_management@@A 00000001800666e0     libucrt:invalid_parameter.obj
 0003:000016f0       ?module_handles@@3PAPEAUHINSTANCE__@@A 00000001800666f0     libucrt:winapi_thunks.obj
 0003:00001790       ?encoded_function_pointers@@3PAPEAXA 0000000180066790     libucrt:winapi_thunks.obj
 0003:000018a0       ?static_enum_proc@?1??enum_system_locales_ex_nolock@@YAHQ6AHPEA_WK_J@Z@Z@4P6AH0K1@ZEA 00000001800668a0     libucrt:winapi_thunks.obj
 0003:00001cb8       ?internal_state@?1??_mbtowc_l@@9@4U_Mbstatet@@A 0000000180066cb8     libucrt:mbtowc.obj
 0003:00001cc0       ?enable_percent_n@@3_KA    0000000180066cc0     libucrt:printf_count_output.obj
 0003:00001ce8       ?__acrt_app_type@@3W4_crt_app_type@@A 0000000180066ce8     libucrt:report_runtime_error.obj
 0003:00001cf0       ?outmsg@?9??__acrt_report_runtime_error@@9@4PA_WA 0000000180066cf0     libucrt:report_runtime_error.obj
 0003:00002318       __acrt_error_mode          0000000180067318     libucrt:set_error_mode.obj
 0003:0000231c       ?console_ctrl_handler_installed@@3_NA 000000018006731c     libucrt:signal.obj
 0003:00002320       ?ctrlc_action@@3V?$dual_state_global@P6AXH@Z@__crt_state_management@@A 0000000180067320     libucrt:signal.obj
 0003:00002328       ?ctrlbreak_action@@3V?$dual_state_global@P6AXH@Z@__crt_state_management@@A 0000000180067328     libucrt:signal.obj
 0003:00002330       ?abort_action@@3V?$dual_state_global@P6AXH@Z@__crt_state_management@@A 0000000180067330     libucrt:signal.obj
 0003:00002338       ?term_action@@3V?$dual_state_global@P6AXH@Z@__crt_state_management@@A 0000000180067338     libucrt:signal.obj
 0003:00002340       ?__acrt_lock_table@@3PAU_RTL_CRITICAL_SECTION@@A 0000000180067340     libucrt:locks.obj
 0003:00002570       ?__acrt_locks_initialized@@3IA 0000000180067570     libucrt:locks.obj
 0003:00002574       ?state_cache@?1???$get_cached_win_policy@Ubegin_thread_init_policy_properties@?1??__acrt_get_begin_thread_init_policy@@YA?AW4begin_thread_init_policy@@XZ@@@YA?AW4begin_thread_init_policy@@W4AppPolicyThreadInitializationType@@@Z@4JA 0000000180067574     libucrt:win_policies.obj
 0003:00002578       ?state_cache@?1???$get_cached_win_policy@Udeveloper_information_policy_properties@?1??__acrt_get_developer_information_policy@@YA?AW4developer_information_policy@@XZ@@@YA?AW4developer_information_policy@@W4AppPolicyShowDeveloperDiagnostic@@@Z@4JA 0000000180067578     libucrt:win_policies.obj
 0003:0000257c       ?state_cache@?1???$get_cached_win_policy@Uwindowing_model_policy_properties@?1??__acrt_get_windowing_model_policy@@YA?AW4windowing_model_policy@@XZ@@@YA?AW4windowing_model_policy@@W4AppPolicyWindowingModel@@@Z@4JA 000000018006757c     libucrt:win_policies.obj
 0003:00002598       ?fSystemSet@@3HA           0000000180067598     libucrt:mbctype.obj
 0003:0000259c       ?initialized@?1??__acrt_initialize_multibyte@@9@4_NA 000000018006759c     libucrt:mbctype.obj
 0003:000025e0       ?__acrt_new_handler@@3V?$dual_state_global@P6AH_K@Z@__crt_state_management@@A 00000001800675e0     libucrt:new_handler.obj
 0003:000025e8       ?user_matherr@@3V?$dual_state_global@P6AHPEAU_exception@@@Z@__crt_state_management@@A 00000001800675e8     libucrt:matherr.obj
 0003:000025f0       ?__acrt_global_new_mode@@3V?$dual_state_global@J@__crt_state_management@@A 00000001800675f0     libucrt:new_mode.obj
 0003:000025f8       ?mbst@?1??mbrlen@@9@4U_Mbstatet@@A 00000001800675f8     libucrt:mbrtowc.obj
 0003:00002600       ?mbst@?1??mbrtowc@@9@4U_Mbstatet@@A 0000000180067600     libucrt:mbrtowc.obj
 0003:00002608       ?mbst@?1??_mbsrtowcs_helper@@YA_KPEA_WPEAPEBD_KPEAU_Mbstatet@@@Z@4U2@A 0000000180067608     libucrt:mbrtowc.obj
 0003:00002620       ?internal_pst@?1??__mbrtoc32_utf8@__crt_mbstring@@YA_KPEA_UPEBD_KPEAU_Mbstatet@@@Z@4U3@A 0000000180067620     libucrt:mbrtoc32.obj
 0005:00000000       MsetTab                    000000018006d000     libvcruntime:memset.obj
 0005:00000050       MoveSmall                  000000018006d050     libvcruntime:memcpy.obj
