 game

 Timestamp is 5fc1a13d (Fri Nov 27 17:00:45 2020)

 Preferred load address is 0000000180000000

 Start         Length     Name                   Class
 0001:00000000 0004eed0H .text$mn                CODE
 0001:0004eed0 00000040H .text$mn$00             CODE
 0001:0004ef10 00000bc0H .text$x                 CODE
 0002:00000000 000002b0H .idata$5                DATA
 0002:000002b0 00000028H .00cfg                  DATA
 0002:000002d8 00000008H .CRT$XCA                DATA
 0002:000002e0 00000008H .CRT$XCZ                DATA
 0002:000002e8 00000008H .CRT$XIA                DATA
 0002:000002f0 00000018H .CRT$XIC                DATA
 0002:00000308 00000008H .CRT$XIZ                DATA
 0002:00000310 00000008H .CRT$XPA                DATA
 0002:00000318 00000010H .CRT$XPX                DATA
 0002:00000328 00000008H .CRT$XPXA               DATA
 0002:00000330 00000008H .CRT$XPZ                DATA
 0002:00000338 00000008H .CRT$XTA                DATA
 0002:00000340 00000010H .CRT$XTZ                DATA
 0002:00000348 00000000H .gehcont$y              DATA
 0002:00000348 00000000H .gfids$y                DATA
 0002:00000350 0000aa30H .rdata                  DATA
 0002:0000ad80 00000008H .rdata$CastGuardVftablesA DATA
 0002:0000ad88 00000008H .rdata$CastGuardVftablesC DATA
 0002:0000ad90 00000464H .rdata$r                DATA
 0002:0000b1f4 00000334H .rdata$zzzdbg           DATA
 0002:0000b528 00000008H .rtc$IAA                DATA
 0002:0000b530 00000008H .rtc$IZZ                DATA
 0002:0000b538 00000008H .rtc$TAA                DATA
 0002:0000b540 00000008H .rtc$TZZ                DATA
 0002:0000b548 000056c0H .xdata                  DATA
 0002:00010c08 00000088H .xdata$x                DATA
 0002:00010c90 00000078H .edata                  DATA
 0002:00010d08 00000014H .idata$2                DATA
 0002:00010d1c 00000014H .idata$3                DATA
 0002:00010d30 000002b0H .idata$4                DATA
 0002:00010fe0 0000064aH .idata$6                DATA
 0003:00000000 00000a80H .data                   DATA
 0003:00000a80 00000170H .data$r                 DATA
 0003:00000bf0 00001a90H .bss                    DATA
 0004:00000000 00004890H .pdata                  DATA
 0005:00000000 00000094H _RDATA                  DATA

  Address         Publics by Value              Rva+Base               Lib:Object

 0000:00000000       __hybrid_auxiliary_iat     0000000000000000     <absolute>
 0000:00000000       __guard_iat_table          0000000000000000     <absolute>
 0000:00000000       __arm64x_redirection_metadata_count 0000000000000000     <absolute>
 0000:00000000       __dynamic_value_reloc_table 0000000000000000     <absolute>
 0000:00000000       __AbsoluteZero             0000000000000000     <absolute>
 0000:00000000       __x64_code_ranges_to_entry_points_count 0000000000000000     <absolute>
 0000:00000000       __guard_longjmp_table      0000000000000000     <absolute>
 0000:00000000       __x64_code_ranges_to_entry_points 0000000000000000     <absolute>
 0000:00000000       ___safe_se_handler_count   0000000000000000     <absolute>
 0000:00000000       __arm64x_extra_rfe_table_size 0000000000000000     <absolute>
 0000:00000000       __volatile_metadata        0000000000000000     <absolute>
 0000:00000000       __enclave_config           0000000000000000     <absolute>
 0000:00000000       __hybrid_code_map          0000000000000000     <absolute>
 0000:00000000       __arm64x_native_entrypoint 0000000000000000     <absolute>
 0000:00000000       __guard_fids_table         0000000000000000     <absolute>
 0000:00000000       __guard_eh_cont_count      0000000000000000     <absolute>
 0000:00000000       ___safe_se_handler_table   0000000000000000     <absolute>
 0000:00000000       __guard_eh_cont_table      0000000000000000     <absolute>
 0000:00000000       __hybrid_code_map_count    0000000000000000     <absolute>
 0000:00000000       __arm64x_extra_rfe_table   0000000000000000     <absolute>
 0000:00000000       __guard_longjmp_count      0000000000000000     <absolute>
 0000:00000000       __arm64x_redirection_metadata 0000000000000000     <absolute>
 0000:00000000       __guard_fids_count         0000000000000000     <absolute>
 0000:00000000       __guard_iat_count          0000000000000000     <absolute>
 0000:00000100       __guard_flags              0000000000000100     <absolute>
 0000:00000000       __ImageBase                0000000180000000     <linker-defined>
 0001:00000090       ?Game_EndStub@@YAXPEAUgame_state@@PEAUmemory_arena@@PEAUworker_thread_queue@@@Z 0000000180001090 f   game.obj
 0001:000000b0       ?Game_StartStub@@YAXPEAUgame_state@@PEAUmemory_arena@@PEAUworker_thread_queue@@@Z 00000001800010b0 f   game.obj
 0001:000000d0       ?Game_UpdateAndRenderStub@@YAXPEAUgame_state@@PEAUmemory_arena@@PEAUworker_thread_queue@@@Z 00000001800010d0 f   game.obj
 0001:000000f0       ?Game_Start@@YAXPEAUgame_state@@PEAUmemory_arena@@PEAUworker_thread_queue@@@Z 00000001800010f0 f   game.obj
 0001:00000160       ?Game_UpdateAndRender@@YAXPEAUgame_state@@PEAUmemory_arena@@PEAUworker_thread_queue@@@Z 0000000180001160 f   game.obj
 0001:00000180       ?Game_End@@YAXPEAUgame_state@@PEAUmemory_arena@@PEAUworker_thread_queue@@@Z 0000000180001180 f   game.obj
 0001:00000190       ?EnterTheDarkness@@YAXPEAUgame_state@@@Z 0000000180001190 f i game.obj
 0001:000001c0       __local_stdio_printf_options 00000001800011c0 f i game.obj
 0001:000001d0       _vfprintf_l                00000001800011d0 f i game.obj
 0001:00000220       fprintf                    0000000180001220 f i game.obj
 0001:000005ac       _CRT_INIT                  00000001800015ac f   LIBCMT:dll_dllmain.obj
 0001:000005b4       _DllMainCRTStartup         00000001800015b4 f   LIBCMT:dll_dllmain.obj
 0001:00000660       __security_init_cookie     0000000180001660 f   LIBCMT:gs_support.obj
 0001:0000070c       DllMain                    000000018000170c f   LIBCMT:dll_dllmain_stub.obj
 0001:00000714       ?__scrt_initialize_type_info@@YAXXZ 0000000180001714 f   LIBCMT:tncleanup.obj
 0001:00000724       ?__scrt_uninitialize_type_info@@YAXXZ 0000000180001724 f   LIBCMT:tncleanup.obj
 0001:00000730       __local_stdio_scanf_options 0000000180001730 f i LIBCMT:default_local_stdio_options.obj
 0001:00000738       __scrt_initialize_default_local_stdio_options 0000000180001738 f   LIBCMT:default_local_stdio_options.obj
 0001:00000754       ?configure_argv@__scrt_narrow_argv_policy@@SAHXZ 0000000180001754 f i LIBCMT:utility.obj
 0001:000007b4       ?initialize_environment@__scrt_narrow_environment_policy@@SAHXZ 00000001800017b4 f i LIBCMT:utility.obj
 0001:000007ec       NtCurrentTeb               00000001800017ec f i LIBCMT:utility.obj
 0001:000007f8       __scrt_acquire_startup_lock 00000001800017f8 f   LIBCMT:utility.obj
 0001:00000834       __scrt_dllmain_after_initialize_c 0000000180001834 f   LIBCMT:utility.obj
 0001:00000868       __scrt_dllmain_before_initialize_c 0000000180001868 f   LIBCMT:utility.obj
 0001:00000880       __scrt_dllmain_crt_thread_attach 0000000180001880 f   LIBCMT:utility.obj
 0001:000008a8       __scrt_dllmain_crt_thread_detach 00000001800018a8 f   LIBCMT:utility.obj
 0001:000008c0       __scrt_dllmain_exception_filter 00000001800018c0 f   LIBCMT:utility.obj
 0001:00000920       __scrt_dllmain_uninitialize_c 0000000180001920 f   LIBCMT:utility.obj
 0001:00000950       __scrt_dllmain_uninitialize_critical 0000000180001950 f   LIBCMT:utility.obj
 0001:00000964       __scrt_initialize_crt      0000000180001964 f   LIBCMT:utility.obj
 0001:000009b0       __scrt_initialize_onexit_tables 00000001800019b0 f   LIBCMT:utility.obj
 0001:00000a3c       __scrt_is_nonwritable_in_current_image 0000000180001a3c f   LIBCMT:utility.obj
 0001:00000ad4       __scrt_release_startup_lock 0000000180001ad4 f   LIBCMT:utility.obj
 0001:00000af8       __scrt_uninitialize_crt    0000000180001af8 f   LIBCMT:utility.obj
 0001:00000b24       _onexit                    0000000180001b24 f   LIBCMT:utility.obj
 0001:00000b60       at_quick_exit              0000000180001b60 f   LIBCMT:utility.obj
 0001:00000b80       atexit                     0000000180001b80 f   LIBCMT:utility.obj
 0001:00000b98       __scrt_get_dyn_tls_init_callback 0000000180001b98 f   LIBCMT:dyn_tls_init.obj
 0001:00000ba0       __crt_debugger_hook        0000000180001ba0 f   LIBCMT:utility_desktop.obj
 0001:00000ba8       __scrt_fastfail            0000000180001ba8 f   LIBCMT:utility_desktop.obj
 0001:00000cf4       __scrt_get_show_window_mode 0000000180001cf4 f   LIBCMT:utility_desktop.obj
 0001:00000d30       __scrt_initialize_mta      0000000180001d30 f   LIBCMT:utility_desktop.obj
 0001:00000d38       __scrt_initialize_winrt    0000000180001d38 f   LIBCMT:utility_desktop.obj
 0001:00000d3c       __scrt_is_managed_app      0000000180001d3c f   LIBCMT:utility_desktop.obj
 0001:00000d90       __scrt_set_unhandled_exception_filter 0000000180001d90 f   LIBCMT:utility_desktop.obj
 0001:00000da0       __scrt_stub_for_initialize_mta 0000000180001da0 f   LIBCMT:utility_desktop.obj
 0001:00000da0       __scrt_exe_initialize_mta  0000000180001da0 f   LIBCMT:utility_desktop.obj
 0001:00000da4       __scrt_unhandled_exception_filter 0000000180001da4 f   LIBCMT:utility_desktop.obj
 0001:00000e00       _RTC_Initialize            0000000180001e00 f   LIBCMT:initsect.obj
 0001:00000e3c       _RTC_Terminate             0000000180001e3c f   LIBCMT:initsect.obj
 0001:00000e78       _guard_check_icall_nop     0000000180001e78 f i LIBCMT:guard_support.obj
 0001:00000e7c       ReadNoFence64              0000000180001e7c f i LIBCMT:guard_support.obj
 0001:00000e80       ReadPointerNoFence         0000000180001e80 f i LIBCMT:guard_support.obj
 0001:00000e84       __castguard_check_failure_debugbreak 0000000180001e84 f i LIBCMT:guard_support.obj
 0001:00000ea0       __castguard_check_failure_fastfail 0000000180001ea0 f i LIBCMT:guard_support.obj
 0001:00000ec4       __castguard_check_failure_nop 0000000180001ec4 f i LIBCMT:guard_support.obj
 0001:00000ec8       __castguard_check_failure_os_handled 0000000180001ec8 f i LIBCMT:guard_support.obj
 0001:00000f28       __castguard_slow_path_check_debugbreak 0000000180001f28 f i LIBCMT:guard_support.obj
 0001:00000f5c       __castguard_slow_path_check_fastfail 0000000180001f5c f i LIBCMT:guard_support.obj
 0001:00000f98       __castguard_slow_path_check_nop 0000000180001f98 f i LIBCMT:guard_support.obj
 0001:00000f9c       __castguard_slow_path_check_os_handled 0000000180001f9c f i LIBCMT:guard_support.obj
 0001:00001010       _guard_icall_checks_enforced 0000000180002010 f i LIBCMT:guard_support.obj
 0001:00001028       _guard_rf_checks_enforced  0000000180002028 f i LIBCMT:guard_support.obj
 0001:0000102c       __isa_available_init       000000018000202c f   LIBCMT:cpu_disp.obj
 0001:000011d0       _get_startup_argv_mode     00000001800021d0 f   LIBCMT:argv_mode.obj
 0001:000011d8       __scrt_is_ucrt_dll_in_use  00000001800021d8 f   LIBCMT:ucrt_detection.obj
 0001:000011f0       QueryPerformanceCounter    00000001800021f0 f   kernel32:KERNEL32.dll
 0001:000011f6       GetCurrentProcessId        00000001800021f6 f   kernel32:KERNEL32.dll
 0001:000011fc       GetCurrentThreadId         00000001800021fc f   kernel32:KERNEL32.dll
 0001:00001202       GetSystemTimeAsFileTime    0000000180002202 f   kernel32:KERNEL32.dll
 0001:00001208       InitializeSListHead        0000000180002208 f   kernel32:KERNEL32.dll
 0001:0000120e       RtlCaptureContext          000000018000220e f   kernel32:KERNEL32.dll
 0001:00001214       RtlLookupFunctionEntry     0000000180002214 f   kernel32:KERNEL32.dll
 0001:0000121a       RtlVirtualUnwind           000000018000221a f   kernel32:KERNEL32.dll
 0001:00001220       IsDebuggerPresent          0000000180002220 f   kernel32:KERNEL32.dll
 0001:00001226       UnhandledExceptionFilter   0000000180002226 f   kernel32:KERNEL32.dll
 0001:0000122c       SetUnhandledExceptionFilter 000000018000222c f   kernel32:KERNEL32.dll
 0001:00001232       GetStartupInfoW            0000000180002232 f   kernel32:KERNEL32.dll
 0001:00001238       IsProcessorFeaturePresent  0000000180002238 f   kernel32:KERNEL32.dll
 0001:0000123e       GetModuleHandleW           000000018000223e f   kernel32:KERNEL32.dll
 0001:00001244       __C_specific_handler       0000000180002244 f   libvcruntime:riscchandler.obj
 0001:00001460       ??$?RD@__crt_internal_free_policy@@QEBAXQEBD@Z 0000000180002460 f i libvcruntime:std_type_info.obj
 0001:00001468       ??$?RX@__crt_internal_free_policy@@QEBAXQEBX@Z 0000000180002468 f i libvcruntime:std_type_info.obj
 0001:00001470       ??$__crt_interlocked_compare_exchange_pointer@$$CBDPEAD$$T@@YAPEBDPEDSEBDQEAD$$T@Z 0000000180002470 f i libvcruntime:std_type_info.obj
 0001:0000147c       ??$__crt_interlocked_read_pointer@$$CBD@@YAPEBDPEDSEBD@Z 000000018000247c f i libvcruntime:std_type_info.obj
 0001:00001480       ??0?$__crt_unique_heap_ptr@DU__crt_internal_free_policy@@@@QEAA@QEAD@Z 0000000180002480 f i libvcruntime:std_type_info.obj
 0001:00001488       ??0?$__crt_unique_heap_ptr@XU__crt_internal_free_policy@@@@QEAA@QEAX@Z 0000000180002488 f i libvcruntime:std_type_info.obj
 0001:00001490       ??1?$__crt_unique_heap_ptr@DU__crt_internal_free_policy@@@@QEAA@XZ 0000000180002490 f i libvcruntime:std_type_info.obj
 0001:000014ac       ??1?$__crt_unique_heap_ptr@XU__crt_internal_free_policy@@@@QEAA@XZ 00000001800024ac f i libvcruntime:std_type_info.obj
 0001:000014c8       ??B?$__crt_unique_heap_ptr@DU__crt_internal_free_policy@@@@QEBA_NXZ 00000001800024c8 f i libvcruntime:std_type_info.obj
 0001:000014d0       ??B?$__crt_unique_heap_ptr@XU__crt_internal_free_policy@@@@QEBA_NXZ 00000001800024d0 f i libvcruntime:std_type_info.obj
 0001:000014f8       ?__crt_interlocked_read_64@@YA_JPED_J@Z 00000001800024f8 f i libvcruntime:std_type_info.obj
 0001:000014fc       ?detach@?$__crt_unique_heap_ptr@XU__crt_internal_free_policy@@@@QEAAPEAXXZ 00000001800024fc f i libvcruntime:std_type_info.obj
 0001:00001504       ?get@?$__crt_unique_heap_ptr@DU__crt_internal_free_policy@@@@QEBAPEADXZ 0000000180002504 f i libvcruntime:std_type_info.obj
 0001:00001508       ?get@?$__crt_unique_heap_ptr@XU__crt_internal_free_policy@@@@QEBAPEAXXZ 0000000180002508 f i libvcruntime:std_type_info.obj
 0001:0000150c       ?is_valid@?$__crt_unique_heap_ptr@DU__crt_internal_free_policy@@@@QEBA_NXZ 000000018000250c f i libvcruntime:std_type_info.obj
 0001:00001514       ?is_valid@?$__crt_unique_heap_ptr@XU__crt_internal_free_policy@@@@QEBA_NXZ 0000000180002514 f i libvcruntime:std_type_info.obj
 0001:0000151c       ?release@?$__crt_unique_heap_ptr@DU__crt_internal_free_policy@@@@QEAAXXZ 000000018000251c f i libvcruntime:std_type_info.obj
 0001:00001538       ?release@?$__crt_unique_heap_ptr@XU__crt_internal_free_policy@@@@QEAAXXZ 0000000180002538 f i libvcruntime:std_type_info.obj
 0001:00001554       __std_type_info_compare    0000000180002554 f   libvcruntime:std_type_info.obj
 0001:0000157c       __std_type_info_destroy_list 000000018000257c f   libvcruntime:std_type_info.obj
 0001:000015a8       __std_type_info_hash       00000001800025a8 f   libvcruntime:std_type_info.obj
 0001:000015e0       __std_type_info_name       00000001800025e0 f   libvcruntime:std_type_info.obj
 0001:000016f8       __vcrt_initialize          00000001800026f8 f   libvcruntime:initialization.obj
 0001:00001720       __vcrt_thread_attach       0000000180002720 f   libvcruntime:initialization.obj
 0001:00001734       __vcrt_thread_detach       0000000180002734 f   libvcruntime:initialization.obj
 0001:00001748       __vcrt_uninitialize        0000000180002748 f   libvcruntime:initialization.obj
 0001:00001764       __vcrt_uninitialize_critical 0000000180002764 f   libvcruntime:initialization.obj
 0001:00001778       __DestructExceptionObject  0000000180002778 f   libvcruntime:ehhelpers.obj
 0001:000017e8       ?_CallMemberFunction0@@YAXQEAX0@Z 00000001800027e8 f i libvcruntime:ehhelpers.obj
 0001:00001844       ?raw_name@type_info@@QEBAPEBDXZ 0000000180002844 f i libvcruntime:ehhelpers.obj
 0001:0000184c       _IsExceptionObjectToBeDestroyed 000000018000284c f   libvcruntime:ehhelpers.obj
 0001:0000187c       _SetWinRTOutOfMemoryExceptionCallback 000000018000287c f   libvcruntime:ehhelpers.obj
 0001:00001884       __AdjustPointer            0000000180002884 f   libvcruntime:ehhelpers.obj
 0001:000018a8       __FrameUnwindFilter        00000001800028a8 f   libvcruntime:ehhelpers.obj
 0001:00001910       __GetPlatformExceptionInfo 0000000180002910 f   libvcruntime:ehhelpers.obj
 0001:0000196c       __current_exception        000000018000296c f   libvcruntime:ehhelpers.obj
 0001:00001980       __current_exception_context 0000000180002980 f   libvcruntime:ehhelpers.obj
 0001:00001994       __processing_throw         0000000180002994 f   libvcruntime:ehhelpers.obj
 0001:000019a8       __std_terminate            00000001800029a8 f   libvcruntime:ehhelpers.obj
 0001:000019b4       _is_exception_typeof       00000001800029b4 f   libvcruntime:ehhelpers.obj
 0001:00001a70       memset_repmovs             0000000180002a70 f   libvcruntime:memset.obj
 0001:00001a90       memset                     0000000180002a90 f   libvcruntime:memset.obj
 0001:00001c30       _NLG_Notify                0000000180002c30 f   libvcruntime:notify.obj
 0001:00001c50       __NLG_Dispatch2            0000000180002c50 f   libvcruntime:notify.obj
 0001:00001c60       __NLG_Return2              0000000180002c60 f   libvcruntime:notify.obj
 0001:00001c6c       __except_validate_context_record 0000000180002c6c f   libvcruntime:jbcxrval.obj
 0001:00001ca4       __except_validate_jump_buffer 0000000180002ca4 f   libvcruntime:jbcxrval.obj
 0001:00001ce4       __except_validate_jump_buffer_common 0000000180002ce4 f i libvcruntime:jbcxrval.obj
 0001:00001d40       ??$?0$00@DName@@QEAA@PEBDU?$StringLifeSelector@$00@@@Z 0000000180002d40 f i libvcruntime:undname.obj
 0001:00001d80       ??$?0$00@pcharNode@@QEAA@PEBDHU?$StringLifeSelector@$00@@@Z 0000000180002d80 f i libvcruntime:undname.obj
 0001:00001d98       ??$?0$01@DName@@QEAA@PEBDU?$StringLifeSelector@$01@@@Z 0000000180002d98 f i libvcruntime:undname.obj
 0001:00001dd8       ??$?0$01@pcharNode@@QEAA@PEBDHU?$StringLifeSelector@$01@@@Z 0000000180002dd8 f i libvcruntime:undname.obj
 0001:00001e4c       ??$?0$0A@@DName@@QEAA@PEBDU?$StringLifeSelector@$0A@@@@Z 0000000180002e4c f i libvcruntime:undname.obj
 0001:00001e8c       ??$?0$0A@@pcharNode@@QEAA@PEBDHU?$StringLifeSelector@$0A@@@@Z 0000000180002e8c f i libvcruntime:undname.obj
 0001:00001f00       ??$?0_K$0A@@?$optional@_K@std@@QEAA@$$QEA_K@Z 0000000180002f00 f i libvcruntime:undname.obj
 0001:00001f10       ??$?0_K@?$_Optional_construct_base@_K@std@@QEAA@Uin_place_t@1@$$QEA_K@Z 0000000180002f10 f i libvcruntime:undname.obj
 0001:00001f20       ??$?0_K@?$_Optional_destruct_base@_K$00@std@@QEAA@Uin_place_t@1@$$QEA_K@Z 0000000180002f20 f i libvcruntime:undname.obj
 0001:00001f30       ??$append@VDNameNode@@@DName@@AEAAXPEBVDNameNode@@@Z 0000000180002f30 f i libvcruntime:undname.obj
 0001:00001f94       ??$append@VDNameStatusNode@@@DName@@AEAAXPEBVDNameStatusNode@@@Z 0000000180002f94 f i libvcruntime:undname.obj
 0001:00001ff8       ??$append@VcharNode@@@DName@@AEAAXPEBVcharNode@@@Z 0000000180002ff8 f i libvcruntime:undname.obj
 0001:0000205c       ??$append@VpDNameNode@@@DName@@AEAAXPEBVpDNameNode@@@Z 000000018000305c f i libvcruntime:undname.obj
 0001:000020c0       ??$append@VpcharNode@@@DName@@AEAAXPEBVpcharNode@@@Z 00000001800030c0 f i libvcruntime:undname.obj
 0001:00002124       ??$doPchar@$00@DName@@AEAAXPEBDH@Z 0000000180003124 f i libvcruntime:undname.obj
 0001:000021c8       ??$doPchar@$01@DName@@AEAAXPEBDH@Z 00000001800031c8 f i libvcruntime:undname.obj
 0001:00002260       ??$doPchar@$0A@@DName@@AEAAXPEBDH@Z 0000000180003260 f i libvcruntime:undname.obj
 0001:000022f8       ??$forward@_K@std@@YA$$QEA_KAEA_K@Z 00000001800032f8 f i libvcruntime:undname.obj
 0001:000022fc       ??$size@D$04@std@@YA_KAEAY04$$CBD@Z 00000001800032fc f i libvcruntime:undname.obj
 0001:00002304       ??$size@D$0EB@@std@@YA_KAEAY0EB@$$CBD@Z 0000000180003304 f i libvcruntime:undname.obj
 0001:0000230c       ??0?$_Optional_construct_base@_K@std@@QEAA@XZ 000000018000330c f i libvcruntime:undname.obj
 0001:00002314       ??0?$_Optional_destruct_base@_K$00@std@@QEAA@XZ 0000000180003314 f i libvcruntime:undname.obj
 0001:0000231c       ??0?$optional@_K@std@@QEAA@XZ 000000018000331c f i libvcruntime:undname.obj
 0001:00002324       ??0Block@_HeapManager@@QEAA@XZ 0000000180003324 f i libvcruntime:undname.obj
 0001:0000232c       ??0DName@@QEAA@AEAPEBDD@Z  000000018000332c f   libvcruntime:undname.obj
 0001:000023dc       ??0DName@@QEAA@AEBUStringLiteral@@@Z 00000001800033dc f   libvcruntime:undname.obj
 0001:00002408       ??0DName@@QEAA@AEBV0@@Z    0000000180003408 f i libvcruntime:undname.obj
 0001:00002418       ??0DName@@QEAA@D@Z         0000000180003418 f   libvcruntime:undname.obj
 0001:00002438       ??0DName@@QEAA@PEAV0@@Z    0000000180003438 f   libvcruntime:undname.obj
 0001:000024bc       ??0DName@@QEAA@W4DNameStatus@@@Z 00000001800034bc f   libvcruntime:undname.obj
 0001:000024ec       ??0DName@@QEAA@XZ          00000001800034ec f i libvcruntime:undname.obj
 0001:000024f8       ??0DName@@QEAA@_J@Z        00000001800034f8 f   libvcruntime:undname.obj
 0001:000025a0       ??0DName@@QEAA@_K@Z        00000001800035a0 f   libvcruntime:undname.obj
 0001:00002628       ??0DNameNode@@IEAA@XZ      0000000180003628 f i libvcruntime:undname.obj
 0001:00002638       ??0Replicator@@QEAA@XZ     0000000180003638 f i libvcruntime:undname.obj
 0001:0000264c       ??0UnDecorator@@QEAA@PEBDP6APEADJ@ZK@Z 000000018000364c f i libvcruntime:undname.obj
 0001:0000269c       ??0_Nontrivial_dummy_type@std@@QEAA@XZ 000000018000369c f i libvcruntime:undname.obj
 0001:000026a0       ??0charNode@@QEAA@D@Z      00000001800036a0 f i libvcruntime:undname.obj
 0001:000026b4       ??0pDNameNode@@QEAA@PEAVDName@@@Z 00000001800036b4 f   libvcruntime:undname.obj
 0001:000026dc       ??0pairNode@@QEAA@PEBVDNameNode@@0@Z 00000001800036dc f i libvcruntime:undname.obj
 0001:00002700       ??2@YAPEAX_KAEAV_HeapManager@@H@Z 0000000180003700 f   libvcruntime:undname.obj
 0001:0000272c       ??4DName@@QEAAAEAV0@AEBUStringLiteral@@@Z 000000018000372c f   libvcruntime:undname.obj
 0001:00002754       ??4DName@@QEAAAEAV0@AEBV0@@Z 0000000180003754 f   libvcruntime:undname.obj
 0001:00002764       ??4DName@@QEAAAEAV0@D@Z    0000000180003764 f i libvcruntime:undname.obj
 0001:00002784       ??4DName@@QEAAAEAV0@PEAV0@@Z 0000000180003784 f   libvcruntime:undname.obj
 0001:000027fc       ??4DName@@QEAAAEAV0@W4DNameStatus@@@Z 00000001800037fc f   libvcruntime:undname.obj
 0001:0000281c       ??AReplicator@@QEBA?AVDName@@H@Z 000000018000381c f   libvcruntime:undname.obj
 0001:0000285c       ??B?$optional@_K@std@@QEBA_NXZ 000000018000385c f i libvcruntime:undname.obj
 0001:00002860       ??D?$optional@_K@std@@QEGAAAEA_KXZ 0000000180003860 f i libvcruntime:undname.obj
 0001:00002864       ??H@YA?AVDName@@AEBUStringLiteral@@AEBV0@@Z 0000000180003864 f i libvcruntime:undname.obj
 0001:0000289c       ??H@YA?AVDName@@DAEBV0@@Z  000000018000389c f i libvcruntime:undname.obj
 0001:000028e0       ??H@YA?AVDName@@W4DNameStatus@@AEBV0@@Z 00000001800038e0 f i libvcruntime:undname.obj
 0001:0000292c       ??HDName@@QEBA?AV0@AEBUStringLiteral@@@Z 000000018000392c f   libvcruntime:undname.obj
 0001:00002958       ??HDName@@QEBA?AV0@AEBV0@@Z 0000000180003958 f   libvcruntime:undname.obj
 0001:00002984       ??HDName@@QEBA?AV0@D@Z     0000000180003984 f   libvcruntime:undname.obj
 0001:000029b0       ??HDName@@QEBA?AV0@PEAV0@@Z 00000001800039b0 f   libvcruntime:undname.obj
 0001:000029dc       ??HDName@@QEBA?AV0@W4DNameStatus@@@Z 00000001800039dc f   libvcruntime:undname.obj
 0001:00002a08       ??HStringLiteral@@QEBA?AU0@H@Z 0000000180003a08 f i libvcruntime:undname.obj
 0001:00002a20       ??YDName@@QEAAAEAV0@AEBUStringLiteral@@@Z 0000000180003a20 f   libvcruntime:undname.obj
 0001:00002aa0       ??YDName@@QEAAAEAV0@AEBV0@@Z 0000000180003aa0 f   libvcruntime:undname.obj
 0001:00002b54       ??YDName@@QEAAAEAV0@D@Z    0000000180003b54 f   libvcruntime:undname.obj
 0001:00002bc0       ??YDName@@QEAAAEAV0@PEAV0@@Z 0000000180003bc0 f   libvcruntime:undname.obj
 0001:00002c54       ??YDName@@QEAAAEAV0@W4DNameStatus@@@Z 0000000180003c54 f   libvcruntime:undname.obj
 0001:00002cc0       ??YReplicator@@QEAAAEAV0@AEBVDName@@@Z 0000000180003cc0 f   libvcruntime:undname.obj
 0001:00002d18       ??_5DName@@QEAAAEAV0@AEBV0@@Z 0000000180003d18 f   libvcruntime:undname.obj
 0001:00002d2c       ??__K_l@@YA?AUStringLiteral@@PEBD_K@Z 0000000180003d2c f i libvcruntime:undname.obj
 0001:00002d38       ?Constructor@_HeapManager@@QEAAXP6APEAX_K@ZP6AXPEAX@Z@Z 0000000180003d38 f i libvcruntime:undname.obj
 0001:00002d50       ?Destructor@_HeapManager@@QEAAXXZ 0000000180003d50 f i libvcruntime:undname.obj
 0001:00002da4       ?UScore@UnDecorator@@SA?AUStringLiteral@@W4Tokens@@@Z 0000000180003da4 f   libvcruntime:undname.obj
 0001:00002df0       ?composeDeclaration@UnDecorator@@CA?AVDName@@AEBV2@@Z 0000000180003df0 f i libvcruntime:undname.obj
 0001:00003c98       ?doAccessSpecifiers@UnDecorator@@SAHXZ 0000000180004c98 f i libvcruntime:undname.obj
 0001:00003ca8       ?doAllocationLanguage@UnDecorator@@SAHXZ 0000000180004ca8 f i libvcruntime:undname.obj
 0001:00003cb8       ?doAllocationModel@UnDecorator@@SAHXZ 0000000180004cb8 f i libvcruntime:undname.obj
 0001:00003cc8       ?doEcsu@UnDecorator@@SAHXZ 0000000180004cc8 f i libvcruntime:undname.obj
 0001:00003cd8       ?doEllipsis@UnDecorator@@SAHXZ 0000000180004cd8 f i libvcruntime:undname.obj
 0001:00003ce8       ?doFunctionReturns@UnDecorator@@SAHXZ 0000000180004ce8 f i libvcruntime:undname.obj
 0001:00003cf8       ?doMSKeywords@UnDecorator@@SAHXZ 0000000180004cf8 f i libvcruntime:undname.obj
 0001:00003d08       ?doMemberTypes@UnDecorator@@SAHXZ 0000000180004d08 f i libvcruntime:undname.obj
 0001:00003d18       ?doNameOnly@UnDecorator@@SAHXZ 0000000180004d18 f i libvcruntime:undname.obj
 0001:00003d24       ?doNoIdentCharCheck@UnDecorator@@SAHXZ 0000000180004d24 f i libvcruntime:undname.obj
 0001:00003d30       ?doPchar@DName@@AEAAXD@Z   0000000180004d30 f   libvcruntime:undname.obj
 0001:00003d80       ?doPtr64@UnDecorator@@SAHXZ 0000000180004d80 f i libvcruntime:undname.obj
 0001:00003d90       ?doRestrictionSpec@UnDecorator@@SAHXZ 0000000180004d90 f i libvcruntime:undname.obj
 0001:00003da0       ?doThisTypes@UnDecorator@@SAHXZ 0000000180004da0 f i libvcruntime:undname.obj
 0001:00003db4       ?doThrowTypes@UnDecorator@@SAHXZ 0000000180004db4 f i libvcruntime:undname.obj
 0001:00003dc4       ?doTypeOnly@UnDecorator@@SAHXZ 0000000180004dc4 f i libvcruntime:undname.obj
 0001:00003dd0       ?doUnderScore@UnDecorator@@SAHXZ 0000000180004dd0 f i libvcruntime:undname.obj
 0001:00003ddc       ?getArgumentList@UnDecorator@@CA?AVDName@@XZ 0000000180004ddc f   libvcruntime:undname.obj
 0001:00003f70       ?getArgumentTypes@UnDecorator@@CA?AVDName@@XZ 0000000180004f70 f   libvcruntime:undname.obj
 0001:000040cc       ?getArrayObject@UnDecorator@@CA?AVDName@@XZ 00000001800050cc f   libvcruntime:undname.obj
 0001:00004194       ?getArrayType@UnDecorator@@CA?AVDName@@AEBV2@@Z 0000000180005194 f i libvcruntime:undname.obj
 0001:000043dc       ?getBasedType@UnDecorator@@CA?AVDName@@XZ 00000001800053dc f   libvcruntime:undname.obj
 0001:000044d4       ?getBasicDataType@UnDecorator@@CA?AVDName@@AEBV2@@Z 00000001800054d4 f   libvcruntime:undname.obj
 0001:00004a18       ?getCHPEName@UnDecorator@@QEAAPEADPEADH@Z 0000000180005a18 f i libvcruntime:undname.obj
 0001:00004b38       ?getCallIndex@UnDecorator@@CA?AVDName@@XZ 0000000180005b38 f i libvcruntime:undname.obj
 0001:00004b54       ?getCallingConvention@UnDecorator@@CA?AVDName@@XZ 0000000180005b54 f   libvcruntime:undname.obj
 0001:00004c94       ?getDataIndirectType@UnDecorator@@CA?AVDName@@AEBV2@W4IndirectionKind@@0H@Z 0000000180005c94 f   libvcruntime:undname.obj
 0001:0000552c       ?getDataIndirectType@UnDecorator@@CA?AVDName@@XZ 000000018000652c f i libvcruntime:undname.obj
 0001:00005568       ?getDataType@UnDecorator@@CA?AVDName@@PEAV2@@Z 0000000180006568 f   libvcruntime:undname.obj
 0001:0000567c       ?getDecoratedName@UnDecorator@@CA?AVDName@@XZ 000000018000667c f   libvcruntime:undname.obj
 0001:00005960       ?getDimension@UnDecorator@@CA?AVDName@@_N@Z 0000000180006960 f   libvcruntime:undname.obj
 0001:00005aac       ?getDispatchTarget@UnDecorator@@CA?AVDName@@XZ 0000000180006aac f   libvcruntime:undname.obj
 0001:00005af8       ?getDisplacement@UnDecorator@@CA?AVDName@@XZ 0000000180006af8 f i libvcruntime:undname.obj
 0001:00005b14       ?getECSUDataType@UnDecorator@@CA?AVDName@@XZ 0000000180006b14 f   libvcruntime:undname.obj
 0001:00005cf4       ?getECSUName@UnDecorator@@CA?AVDName@@XZ 0000000180006cf4 f i libvcruntime:undname.obj
 0001:00005d0c       ?getEnumType@UnDecorator@@CA?AVDName@@XZ 0000000180006d0c f i libvcruntime:undname.obj
 0001:00005e34       ?getExtendedDataIndirectType@UnDecorator@@CA?AVDName@@AEAW4IndirectionKind@@AEA_NH@Z 0000000180006e34 f   libvcruntime:undname.obj
 0001:0000603c       ?getExternalDataType@UnDecorator@@CA?AVDName@@AEBV2@@Z 000000018000703c f i libvcruntime:undname.obj
 0001:000060fc       ?getFloatingPoint@UnDecorator@@CA?AVDName@@H@Z 00000001800070fc f   libvcruntime:undname.obj
 0001:0000621c       ?getFunctionIndirectType@UnDecorator@@CA?AVDName@@AEBV2@@Z 000000018000721c f   libvcruntime:undname.obj
 0001:00006754       ?getGuardNumber@UnDecorator@@CA?AVDName@@XZ 0000000180007754 f i libvcruntime:undname.obj
 0001:00006770       ?getLastChar@DName@@QEBADXZ 0000000180007770 f i libvcruntime:undname.obj
 0001:0000678c       ?getLastChar@DNameStatusNode@@UEBADXZ 000000018000778c f i libvcruntime:undname.obj
 0001:00006798       ?getLastChar@charNode@@UEBADXZ 0000000180007798 f i libvcruntime:undname.obj
 0001:0000679c       ?getLastChar@pDNameNode@@UEBADXZ 000000018000779c f i libvcruntime:undname.obj
 0001:000067c8       ?getLastChar@pairNode@@UEBADXZ 00000001800077c8 f i libvcruntime:undname.obj
 0001:00006800       ?getLastChar@pcharNode@@UEBADXZ 0000000180007800 f i libvcruntime:undname.obj
 0001:00006814       ?getLexicalFrame@UnDecorator@@CA?AVDName@@XZ 0000000180007814 f i libvcruntime:undname.obj
 0001:00006878       ?getMemoryWithBuffer@_HeapManager@@QEAAPEAX_K@Z 0000000180007878 f   libvcruntime:undname.obj
 0001:00006908       ?getMemoryWithoutBuffer@_HeapManager@@QEAAPEAX_K@Z 0000000180007908 f   libvcruntime:undname.obj
 0001:0000691c       ?getNoexcept@UnDecorator@@CA?AVDName@@XZ 000000018000791c f   libvcruntime:undname.obj
 0001:00006980       ?getNumberOfDimensions@UnDecorator@@CAHXZ 0000000180007980 f   libvcruntime:undname.obj
 0001:000069f4       ?getOperatorName@UnDecorator@@CA?AVDName@@_NPEA_N@Z 00000001800079f4 f i libvcruntime:undname.obj
 0001:0000723c       ?getPointerType@UnDecorator@@CA?AVDName@@AEBV2@0@Z 000000018000823c f i libvcruntime:undname.obj
 0001:0000725c       ?getPointerTypeArray@UnDecorator@@CA?AVDName@@AEBV2@0@Z 000000018000825c f i libvcruntime:undname.obj
 0001:00007278       ?getPrimaryDataType@UnDecorator@@CA?AVDName@@AEBV2@@Z 0000000180008278 f   libvcruntime:undname.obj
 0001:0000752c       ?getPtrRefDataType@UnDecorator@@CA?AVDName@@AEBV2@H@Z 000000018000852c f   libvcruntime:undname.obj
 0001:000076f8       ?getPtrRefType@UnDecorator@@CA?AVDName@@AEBV2@0W4IndirectionKind@@@Z 00000001800086f8 f   libvcruntime:undname.obj
 0001:000078d0       ?getReferenceType@UnDecorator@@CA?AVDName@@AEBV2@0W4IndirectionKind@@@Z 00000001800088d0 f i libvcruntime:undname.obj
 0001:000078e8       ?getRestrictionSpec@UnDecorator@@CA?AVDName@@XZ 00000001800088e8 f   libvcruntime:undname.obj
 0001:00007ab4       ?getReturnType@UnDecorator@@CA?AVDName@@PEAV2@@Z 0000000180008ab4 f   libvcruntime:undname.obj
 0001:00007ae8       ?getScope@UnDecorator@@CA?AVDName@@XZ 0000000180008ae8 f   libvcruntime:undname.obj
 0001:00007f9c       ?getScopedName@UnDecorator@@CA?AVDName@@XZ 0000000180008f9c f   libvcruntime:undname.obj
 0001:000080d8       ?getSignedDimension@UnDecorator@@CA?AVDName@@XZ 00000001800090d8 f   libvcruntime:undname.obj
 0001:00008160       ?getStorageConvention@UnDecorator@@CA?AVDName@@XZ 0000000180009160 f i libvcruntime:undname.obj
 0001:0000819c       ?getString@DName@@QEBAPEADPEAD0@Z 000000018000919c f i libvcruntime:undname.obj
 0001:000081b8       ?getString@DName@@QEBAPEADPEADH@Z 00000001800091b8 f i libvcruntime:undname.obj
 0001:0000824c       ?getString@DNameStatusNode@@UEBAPEADPEAD0@Z 000000018000924c f i libvcruntime:undname.obj
 0001:00008294       ?getString@charNode@@UEBAPEADPEAD0@Z 0000000180009294 f i libvcruntime:undname.obj
 0001:000082a8       ?getString@pDNameNode@@UEBAPEADPEAD0@Z 00000001800092a8 f i libvcruntime:undname.obj
 0001:000082d8       ?getString@pairNode@@UEBAPEADPEAD0@Z 00000001800092d8 f i libvcruntime:undname.obj
 0001:00008324       ?getString@pcharNode@@UEBAPEADPEAD0@Z 0000000180009324 f i libvcruntime:undname.obj
 0001:0000835c       ?getStringEncoding@UnDecorator@@CA?AVDName@@W4PrefixKind@@H@Z 000000018000935c f   libvcruntime:undname.obj
 0001:00008440       ?getStringHelper@@YAPEADPEADPEBD1H@Z 0000000180009440 f i libvcruntime:undname.obj
 0001:00008470       ?getStringObject@UnDecorator@@CA?AVDName@@XZ 0000000180009470 f   libvcruntime:undname.obj
 0001:000084d8       ?getSymbolName@UnDecorator@@CA?AVDName@@XZ 00000001800094d8 f i libvcruntime:undname.obj
 0001:00008524       ?getTemplateArgumentList@UnDecorator@@CA?AVDName@@XZ 0000000180009524 f   libvcruntime:undname.obj
 0001:00008798       ?getTemplateName@UnDecorator@@CA?AVDName@@_N@Z 0000000180009798 f   libvcruntime:undname.obj
 0001:00008a2c       ?getTemplateNonTypeArgument@UnDecorator@@CA?AVDName@@XZ 0000000180009a2c f   libvcruntime:undname.obj
 0001:00008ea8       ?getTemplateTypeArgument@UnDecorator@@CA?AVDName@@XZ 0000000180009ea8 f   libvcruntime:undname.obj
 0001:00009010       ?getThisType@UnDecorator@@CA?AVDName@@XZ 000000018000a010 f i libvcruntime:undname.obj
 0001:00009050       ?getThrowTypes@UnDecorator@@CA?AVDName@@XZ 000000018000a050 f   libvcruntime:undname.obj
 0001:00009074       ?getTypeEncoding@UnDecorator@@CAHXZ 000000018000a074 f i libvcruntime:undname.obj
 0001:000093e8       ?getUndecoratedName@UnDecorator@@QEAAPEADPEADH@Z 000000018000a3e8 f i libvcruntime:undname.obj
 0001:0000953c       ?getVCallThunkType@UnDecorator@@CA?AVDName@@XZ 000000018000a53c f i libvcruntime:undname.obj
 0001:000095b4       ?getValue@UnDecorator@@CA?AV?$optional@_K@std@@XZ 000000018000a5b4 f   libvcruntime:undname.obj
 0001:00009628       ?getValueObject@UnDecorator@@CA?AVDName@@XZ 000000018000a628 f   libvcruntime:undname.obj
 0001:00009778       ?getVbTableType@UnDecorator@@CA?AVDName@@AEBV2@@Z 000000018000a778 f i libvcruntime:undname.obj
 0001:00009790       ?getVdispMapType@UnDecorator@@CA?AVDName@@AEBV2@@Z 000000018000a790 f i libvcruntime:undname.obj
 0001:0000980c       ?getVfTableType@UnDecorator@@CA?AVDName@@AEBV2@@Z 000000018000a80c f i libvcruntime:undname.obj
 0001:00009a14       ?getZName@UnDecorator@@CA?AVDName@@_N0@Z 000000018000aa14 f   libvcruntime:undname.obj
 0001:00009cfc       ?haveTemplateParameters@UnDecorator@@SAHXZ 000000018000acfc f i libvcruntime:undname.obj
 0001:00009d08       ?isArray@DName@@QEBAHXZ    000000018000ad08 f i libvcruntime:undname.obj
 0001:00009d14       ?isComArray@DName@@QEBAHXZ 000000018000ad14 f i libvcruntime:undname.obj
 0001:00009d20       ?isEmpty@DName@@QEBAHXZ    000000018000ad20 f i libvcruntime:undname.obj
 0001:00009d2c       ?isFull@Replicator@@QEBAHXZ 000000018000ad2c f i libvcruntime:undname.obj
 0001:00009d38       ?isNoTE@DName@@QEBAHXZ     000000018000ad38 f i libvcruntime:undname.obj
 0001:00009d44       ?isPinPtr@DName@@QEBAHXZ   000000018000ad44 f i libvcruntime:undname.obj
 0001:00009d50       ?isPtrRef@DName@@QEBAHXZ   000000018000ad50 f i libvcruntime:undname.obj
 0001:00009d5c       ?isUDC@DName@@QEBAHXZ      000000018000ad5c f i libvcruntime:undname.obj
 0001:00009d74       ?isUDTThunk@DName@@QEBAHXZ 000000018000ad74 f i libvcruntime:undname.obj
 0001:00009d8c       ?isVCallThunk@DName@@QEBAHXZ 000000018000ad8c f i libvcruntime:undname.obj
 0001:00009d98       ?isValid@DName@@QEBAHXZ    000000018000ad98 f i libvcruntime:undname.obj
 0001:00009da4       ?length@DName@@QEBAHXZ     000000018000ada4 f i libvcruntime:undname.obj
 0001:00009dbc       ?length@DNameStatusNode@@UEBAHXZ 000000018000adbc f i libvcruntime:undname.obj
 0001:00009dc0       ?length@charNode@@UEBAHXZ  000000018000adc0 f i libvcruntime:undname.obj
 0001:00009dc8       ?length@pDNameNode@@UEBAHXZ 000000018000adc8 f i libvcruntime:undname.obj
 0001:00009df0       ?length@pairNode@@UEBAHXZ  000000018000adf0 f i libvcruntime:undname.obj
 0001:00009e38       ?length@pcharNode@@UEBAHXZ 000000018000ae38 f i libvcruntime:undname.obj
 0001:00009e3c       ?make@DNameStatusNode@@SAPEBV1@W4DNameStatus@@@Z 000000018000ae3c f i libvcruntime:undname.obj
 0001:00009e5c       ?parseDecoratedName@UnDecorator@@CA?AVDName@@XZ 000000018000ae5c f   libvcruntime:undname.obj
 0001:00009f70       ?raw_length@DNameStatusNode@@UEBAHXZ 000000018000af70 f i libvcruntime:undname.obj
 0001:00009f74       ?raw_length@charNode@@UEBAHXZ 000000018000af74 f i libvcruntime:undname.obj
 0001:00009f7c       ?raw_length@pDNameNode@@UEBAHXZ 000000018000af7c f i libvcruntime:undname.obj
 0001:00009f80       ?raw_length@pairNode@@UEBAHXZ 000000018000af80 f i libvcruntime:undname.obj
 0001:00009f84       ?raw_length@pcharNode@@UEBAHXZ 000000018000af84 f i libvcruntime:undname.obj
 0001:00009f88       ?setIsArray@DName@@QEAAXXZ 000000018000af88 f i libvcruntime:undname.obj
 0001:00009f90       ?setIsComArray@DName@@QEAAXXZ 000000018000af90 f i libvcruntime:undname.obj
 0001:00009f98       ?setIsNoTE@DName@@QEAAXXZ  000000018000af98 f i libvcruntime:undname.obj
 0001:00009fa0       ?setIsPinPtr@DName@@QEAAXXZ 000000018000afa0 f i libvcruntime:undname.obj
 0001:00009fa8       ?setIsUDC@DName@@QEAAXXZ   000000018000afa8 f i libvcruntime:undname.obj
 0001:00009fb4       ?setIsVCallThunk@DName@@QEAAXXZ 000000018000afb4 f i libvcruntime:undname.obj
 0001:00009fbc       ?setPtrRef@DName@@QEAAAEAV1@XZ 000000018000afbc f i libvcruntime:undname.obj
 0001:00009fc8       ?status@DName@@QEBA?AW4DNameStatus@@XZ 000000018000afc8 f i libvcruntime:undname.obj
 0001:0000a02c       __unDName                  000000018000b02c f   libvcruntime:undname.obj
 0001:0000a054       __unDNameEx                000000018000b054 f   libvcruntime:undname.obj
 0001:0000a188       _vsprintf_s_l              000000018000b188 f i libvcruntime:undname.obj
 0001:0000a1ec       sprintf_s                  000000018000b1ec f i libvcruntime:undname.obj
 0001:0000a240       unDNameGenerateCHPE        000000018000b240 f   libvcruntime:undname.obj
 0001:0000a348       ??$?RU__vcrt_ptd@@@__crt_internal_free_policy@@QEBAXQEBU__vcrt_ptd@@@Z 000000018000b348 f i libvcruntime:per_thread_data.obj
 0001:0000a350       ??0?$__crt_unique_heap_ptr@U__vcrt_ptd@@U__crt_internal_free_policy@@@@QEAA@QEAU__vcrt_ptd@@@Z 000000018000b350 f i libvcruntime:per_thread_data.obj
 0001:0000a374       ??1?$__crt_unique_heap_ptr@U__vcrt_ptd@@U__crt_internal_free_policy@@@@QEAA@XZ 000000018000b374 f i libvcruntime:per_thread_data.obj
 0001:0000a39c       ??B?$__crt_unique_heap_ptr@U__vcrt_ptd@@U__crt_internal_free_policy@@@@QEBA_NXZ 000000018000b39c f i libvcruntime:per_thread_data.obj
 0001:0000a3a4       ?detach@?$__crt_unique_heap_ptr@U__vcrt_ptd@@U__crt_internal_free_policy@@@@QEAAPEAU__vcrt_ptd@@XZ 000000018000b3a4 f i libvcruntime:per_thread_data.obj
 0001:0000a3ac       ?get@?$__crt_unique_heap_ptr@U__vcrt_ptd@@U__crt_internal_free_policy@@@@QEBAPEAU__vcrt_ptd@@XZ 000000018000b3ac f i libvcruntime:per_thread_data.obj
 0001:0000a3b0       ?is_valid@?$__crt_unique_heap_ptr@U__vcrt_ptd@@U__crt_internal_free_policy@@@@QEBA_NXZ 000000018000b3b0 f i libvcruntime:per_thread_data.obj
 0001:0000a3b8       ?release@?$__crt_unique_heap_ptr@U__vcrt_ptd@@U__crt_internal_free_policy@@@@QEAAXXZ 000000018000b3b8 f i libvcruntime:per_thread_data.obj
 0001:0000a400       __vcrt_freefls             000000018000b400 f   libvcruntime:per_thread_data.obj
 0001:0000a420       __vcrt_freeptd             000000018000b420 f   libvcruntime:per_thread_data.obj
 0001:0000a470       __vcrt_getptd              000000018000b470 f   libvcruntime:per_thread_data.obj
 0001:0000a48c       __vcrt_getptd_noexit       000000018000b48c f   libvcruntime:per_thread_data.obj
 0001:0000a54c       __vcrt_getptd_noinit       000000018000b54c f   libvcruntime:per_thread_data.obj
 0001:0000a59c       __vcrt_initialize_ptd      000000018000b59c f   libvcruntime:per_thread_data.obj
 0001:0000a5e4       __vcrt_uninitialize_ptd    000000018000b5e4 f   libvcruntime:per_thread_data.obj
 0001:0000a608       __vcrt_initialize_locks    000000018000b608 f   libvcruntime:locks.obj
 0001:0000a63c       __vcrt_lock                000000018000b63c f   libvcruntime:locks.obj
 0001:0000a658       __vcrt_uninitialize_locks  000000018000b658 f   libvcruntime:locks.obj
 0001:0000a690       __vcrt_unlock              000000018000b690 f   libvcruntime:locks.obj
 0001:0000a6ac       ??$__crt_interlocked_exchange_pointer@$$A6AXXZP6AXXZ@@YAP6AXXZPEDS6AXXZQ6AXXZ@Z 000000018000b6ac f i libvcruntime:purevirt.obj
 0001:0000a6b4       ??$__crt_interlocked_read_pointer@$$A6AXXZ@@YAP6AXXZPEDS6AXXZ@Z 000000018000b6b4 f i libvcruntime:purevirt.obj
 0001:0000a6b8       _get_purecall_handler      000000018000b6b8 f   libvcruntime:purevirt.obj
 0001:0000a6c0       _purecall                  000000018000b6c0 f   libvcruntime:purevirt.obj
 0001:0000a6dc       _set_purecall_handler      000000018000b6dc f   libvcruntime:purevirt.obj
 0001:0000a6e8       ??$?0AEAViterator@TryBlockMap4@FH4@@AEAV012@$0A@@?$pair@Viterator@TryBlockMap4@FH4@@V123@@std@@QEAA@AEAViterator@TryBlockMap4@FH4@@0@Z 000000018000b6e8 f i libvcruntime:risctrnsctrl.obj
 0001:0000a6fc       ??$?0AEAViterator@TryBlockMap@__FrameHandler3@@AEAV012@$0A@@?$pair@Viterator@TryBlockMap@__FrameHandler3@@V123@@std@@QEAA@AEAViterator@TryBlockMap@__FrameHandler3@@0@Z 000000018000b6fc f i libvcruntime:risctrnsctrl.obj
 0001:0000a84c       ??$_CallSETranslator@V__FrameHandler3@@@@YAHPEAUEHExceptionRecord@@PEA_KPEAU_CONTEXT@@PEAU_xDISPATCHER_CONTEXT@@PEBU_s_FuncInfo@@K1H@Z 000000018000b84c f i libvcruntime:risctrnsctrl.obj
 0001:0000a8a0       ??$_CallSETranslator@V__FrameHandler4@@@@YAHPEAUEHExceptionRecord@@PEA_KPEAU_CONTEXT@@PEAU_xDISPATCHER_CONTEXT@@PEAUFuncInfo4@FH4@@K1H@Z 000000018000b8a0 f i libvcruntime:risctrnsctrl.obj
 0001:0000a8f4       ??$forward@AEAViterator@TryBlockMap4@FH4@@@std@@YAAEAViterator@TryBlockMap4@FH4@@AEAV123@@Z 000000018000b8f4 f i libvcruntime:risctrnsctrl.obj
 0001:0000a8f8       ??$forward@AEAViterator@TryBlockMap@__FrameHandler3@@@std@@YAAEAViterator@TryBlockMap@__FrameHandler3@@AEAV123@@Z 000000018000b8f8 f i libvcruntime:risctrnsctrl.obj
 0001:0000a8fc       ??0FuncInfo4@FH4@@QEAA@XZ  000000018000b8fc f i libvcruntime:risctrnsctrl.obj
 0001:0000a910       ??0FuncInfoHeader@FH4@@QEAA@XZ 000000018000b910 f i libvcruntime:risctrnsctrl.obj
 0001:0000a918       ??0iterator@TryBlockMap4@FH4@@QEAA@AEAV12@I@Z 000000018000b918 f i libvcruntime:risctrnsctrl.obj
 0001:0000a924       ??0iterator@TryBlockMap@__FrameHandler3@@QEAA@AEAV12@I@Z 000000018000b924 f i libvcruntime:risctrnsctrl.obj
 0001:0000a930       ??4iterator@TryBlockMap4@FH4@@QEAAAEAV012@AEBV012@@Z 000000018000b930 f i libvcruntime:risctrnsctrl.obj
 0001:0000a93c       ??9iterator@TryBlockMap4@FH4@@QEBA_NAEBV012@@Z 000000018000b93c f i libvcruntime:risctrnsctrl.obj
 0001:0000a948       ??Diterator@TryBlockMap4@FH4@@QEAA?AUTryBlockMapEntry4@2@XZ 000000018000b948 f i libvcruntime:risctrnsctrl.obj
 0001:0000a958       ??Eiterator@TryBlockMap4@FH4@@QEAAAEAV012@XZ 000000018000b958 f i libvcruntime:risctrnsctrl.obj
 0001:0000a9f4       ?CatchTryBlock@__FrameHandler3@@SAPEBU_s_TryBlockMapEntry@@PEBU_s_FuncInfo@@H@Z 000000018000b9f4 f   libvcruntime:risctrnsctrl.obj
 0001:0000aa48       ?DecompFuncInfo@FH4@@YA_JPEAEAEAUFuncInfo4@1@_KH@Z 000000018000ba48 f i libvcruntime:risctrnsctrl.obj
 0001:0000aa5c       ?DecompFuncInfo@FH4@@YA_JPEAEAEAUFuncInfo4@1@_KH_N@Z 000000018000ba5c f i libvcruntime:risctrnsctrl.obj
 0001:0000ab80       ?DecompTryBlock@TryBlockMap4@FH4@@AEAAXXZ 000000018000bb80 f i libvcruntime:risctrnsctrl.obj
 0001:0000ac14       ?ExecutionInCatch@__FrameHandler3@@SA_NPEAU_xDISPATCHER_CONTEXT@@PEBU_s_FuncInfo@@@Z 000000018000bc14 f   libvcruntime:risctrnsctrl.obj
 0001:0000ac40       ?ExecutionInCatch@__FrameHandler4@@SA_NPEAU_xDISPATCHER_CONTEXT@@PEAUFuncInfo4@FH4@@@Z 000000018000bc40 f   libvcruntime:risctrnsctrl.obj
 0001:0000ac48       ?FrameUnwindToEmptyState@__FrameHandler3@@SAXPEA_KPEAU_xDISPATCHER_CONTEXT@@PEBU_s_FuncInfo@@@Z 000000018000bc48 f   libvcruntime:risctrnsctrl.obj
 0001:0000acac       ?FrameUnwindToEmptyState@__FrameHandler4@@SAXPEA_KPEAU_xDISPATCHER_CONTEXT@@PEAUFuncInfo4@FH4@@@Z 000000018000bcac f   libvcruntime:risctrnsctrl.obj
 0001:0000ace0       ?GetEstablisherFrame@__FrameHandler3@@SAPEA_KPEA_KPEAU_xDISPATCHER_CONTEXT@@PEBU_s_FuncInfo@@0@Z 000000018000bce0 f   libvcruntime:risctrnsctrl.obj
 0001:0000adac       ?GetEstablisherFrame@__FrameHandler4@@SAPEA_KPEA_KPEAU_xDISPATCHER_CONTEXT@@PEAUFuncInfo4@FH4@@0@Z 000000018000bdac f   libvcruntime:risctrnsctrl.obj
 0001:0000add0       ?GetRangeOfTrysToCheck@__FrameHandler3@@SA?AU?$pair@Viterator@TryBlockMap@__FrameHandler3@@V123@@std@@AEAVTryBlockMap@1@HPEAU_xDISPATCHER_CONTEXT@@PEBU_s_FuncInfo@@H@Z 000000018000bdd0 f   libvcruntime:risctrnsctrl.obj
 0001:0000af10       ?GetRangeOfTrysToCheck@__FrameHandler4@@SA?AU?$pair@Viterator@TryBlockMap4@FH4@@V123@@std@@AEAVTryBlockMap4@FH4@@HPEAU_xDISPATCHER_CONTEXT@@PEAUFuncInfo4@5@H@Z 000000018000bf10 f   libvcruntime:risctrnsctrl.obj
 0001:0000b078       ?ReadInt@FH4@@YAHPEAPEAE@Z 000000018000c078 f i libvcruntime:risctrnsctrl.obj
 0001:0000b088       ?ReadUnsigned@FH4@@YAIPEAPEAE@Z 000000018000c088 f i libvcruntime:risctrnsctrl.obj
 0001:0000b0b8       ?UnwindNestedFrames@__FrameHandler3@@SAXPEA_KPEAUEHExceptionRecord@@PEAU_CONTEXT@@0PEAXPEBU_s_FuncInfo@@HHPEBU_s_HandlerType@@PEAU_xDISPATCHER_CONTEXT@@E@Z 000000018000c0b8 f   libvcruntime:risctrnsctrl.obj
 0001:0000b1bc       ?UnwindNestedFrames@__FrameHandler4@@SAXPEA_KPEAUEHExceptionRecord@@PEAU_CONTEXT@@0PEAXPEAUFuncInfo4@FH4@@HHPEAUHandlerType4@5@PEAU_xDISPATCHER_CONTEXT@@E@Z 000000018000c1bc f   libvcruntime:risctrnsctrl.obj
 0001:0000b2dc       ?begin@TryBlockMap4@FH4@@QEAA?AViterator@12@XZ 000000018000c2dc f i libvcruntime:risctrnsctrl.obj
 0001:0000b2e8       ?end@TryBlockMap4@FH4@@QEAA?AViterator@12@XZ 000000018000c2e8 f i libvcruntime:risctrnsctrl.obj
 0001:0000b2f4       ?imageRelToByteBuffer@FH4@@YAPEAE_KH@Z 000000018000c2f4 f i libvcruntime:risctrnsctrl.obj
 0001:0000b2fc       ?incrementToSentinel@iterator@TryBlockMap4@FH4@@QEAAXXZ 000000018000c2fc f i libvcruntime:risctrnsctrl.obj
 0001:0000b300       ?setBuffer@TryBlockMap4@FH4@@QEAAXViterator@12@@Z 000000018000c300 f i libvcruntime:risctrnsctrl.obj
 0001:0000b4c0       _CreateFrameInfo           000000018000c4c0 f   libvcruntime:risctrnsctrl.obj
 0001:0000b4fc       _FindAndUnlinkFrame        000000018000c4fc f   libvcruntime:risctrnsctrl.obj
 0001:0000b550       _GetImageBase              000000018000c550 f   libvcruntime:risctrnsctrl.obj
 0001:0000b564       _GetThrowImageBase         000000018000c564 f   libvcruntime:risctrnsctrl.obj
 0001:0000b578       _SetImageBase              000000018000c578 f   libvcruntime:risctrnsctrl.obj
 0001:0000b590       _SetThrowImageBase         000000018000c590 f   libvcruntime:risctrnsctrl.obj
 0001:0000b5a8       __CxxFrameHandler          000000018000c5a8 f   libvcruntime:risctrnsctrl.obj
 0001:0000b5b0       __CxxFrameHandler2         000000018000c5b0 f   libvcruntime:risctrnsctrl.obj
 0001:0000b5b8       __CxxFrameHandler3         000000018000c5b8 f   libvcruntime:risctrnsctrl.obj
 0001:0000b640       __CxxFrameHandler4         000000018000c640 f   libvcruntime:risctrnsctrl.obj
 0001:0000b710       memcpy_repmovs             000000018000c710 f   libvcruntime:memcpy.obj
 0001:0000b730       memmove                    000000018000c730 f   libvcruntime:memcpy.obj
 0001:0000b730       memcpy                     000000018000c730 f   libvcruntime:memcpy.obj
 0001:0000bb08       ??$__crt_interlocked_exchange_pointer@UHINSTANCE__@@PEAU1@@@YAPEAUHINSTANCE__@@PEDSEAU0@QEAU0@@Z 000000018000cb08 f i libvcruntime:winapi_downlevel.obj
 0001:0000bb10       ??$__crt_interlocked_exchange_pointer@UHINSTANCE__@@PEAX@@YAPEAUHINSTANCE__@@PEDSEAU0@QEAX@Z 000000018000cb10 f i libvcruntime:winapi_downlevel.obj
 0001:0000bb18       ??$__crt_interlocked_exchange_pointer@XPEAX@@YAPEAXPEDSEAXQEAX@Z 000000018000cb18 f i libvcruntime:winapi_downlevel.obj
 0001:0000bb20       ??$__crt_interlocked_read_pointer@UHINSTANCE__@@@@YAPEAUHINSTANCE__@@PEDSEAU0@@Z 000000018000cb20 f i libvcruntime:winapi_downlevel.obj
 0001:0000bb24       ??$__crt_interlocked_read_pointer@X@@YAPEAXPEDSEAX@Z 000000018000cb24 f i libvcruntime:winapi_downlevel.obj
 0001:0000c058       __vcrt_FlsAlloc            000000018000d058 f   libvcruntime:winapi_downlevel.obj
 0001:0000c0a0       __vcrt_FlsFree             000000018000d0a0 f   libvcruntime:winapi_downlevel.obj
 0001:0000c0e8       __vcrt_FlsGetValue         000000018000d0e8 f   libvcruntime:winapi_downlevel.obj
 0001:0000c130       __vcrt_FlsSetValue         000000018000d130 f   libvcruntime:winapi_downlevel.obj
 0001:0000c184       __vcrt_InitializeCriticalSectionEx 000000018000d184 f   libvcruntime:winapi_downlevel.obj
 0001:0000c1e8       ?GetCurrentState@__FrameHandler3@@SAHPEA_KPEAU_xDISPATCHER_CONTEXT@@PEBU_s_FuncInfo@@@Z 000000018000d1e8 f   libvcruntime:ehstate.obj
 0001:0000c210       ?GetUnwindTryBlock@__FrameHandler3@@SAHPEA_KPEAU_xDISPATCHER_CONTEXT@@PEBU_s_FuncInfo@@@Z 000000018000d210 f   libvcruntime:ehstate.obj
 0001:0000c23c       ?SetState@__FrameHandler3@@SAXPEA_KPEBU_s_FuncInfo@@H@Z 000000018000d23c f   libvcruntime:ehstate.obj
 0001:0000c248       ?SetUnwindTryBlock@__FrameHandler3@@SAXPEA_KPEAU_xDISPATCHER_CONTEXT@@PEBU_s_FuncInfo@@H@Z 000000018000d248 f   libvcruntime:ehstate.obj
 0001:0000c284       ?StateFromControlPc@__FrameHandler3@@SAHPEBU_s_FuncInfo@@PEAU_xDISPATCHER_CONTEXT@@@Z 000000018000d284 f   libvcruntime:ehstate.obj
 0001:0000c28c       ?StateFromControlPc@__FrameHandler4@@SAHPEAUFuncInfo4@FH4@@PEAU_xDISPATCHER_CONTEXT@@@Z 000000018000d28c f   libvcruntime:ehstate.obj
 0001:0000c294       ?StateFromIp@__FrameHandler3@@SAHPEBU_s_FuncInfo@@PEAU_xDISPATCHER_CONTEXT@@_K@Z 000000018000d294 f   libvcruntime:ehstate.obj
 0001:0000c2fc       ?StateFromIp@__FrameHandler4@@SAHPEAUFuncInfo4@FH4@@PEAU_xDISPATCHER_CONTEXT@@_K@Z 000000018000d2fc f   libvcruntime:ehstate.obj
 0001:0000c3e4       ?__FuncRelToRealOffset@@YA_KPEAU_xDISPATCHER_CONTEXT@@I@Z 000000018000d3e4 f i libvcruntime:ehstate.obj
 0001:0000c3f4       ?__RVAtoRealOffset@@YA_KPEAU_xDISPATCHER_CONTEXT@@H@Z 000000018000d3f4 f i libvcruntime:ehstate.obj
 0001:0000da38       ??$TypeMatchHelper@V__FrameHandler3@@@@YAHPEBU_s_HandlerType@@PEBU_s_CatchableType@@PEBU_s_ThrowInfo@@@Z 000000018000ea38 f i libvcruntime:frame.obj
 0001:0000db78       ??$TypeMatchHelper@V__FrameHandler4@@@@YAHPEAUHandlerType4@FH4@@PEBU_s_CatchableType@@PEBU_s_ThrowInfo@@@Z 000000018000eb78 f i libvcruntime:frame.obj
 0001:0000dcbc       ??$__InternalCxxFrameHandler@V__FrameHandler3@@@@YA?AW4_EXCEPTION_DISPOSITION@@PEAUEHExceptionRecord@@PEA_KPEAU_CONTEXT@@PEAU_xDISPATCHER_CONTEXT@@PEBU_s_FuncInfo@@H1E@Z 000000018000ecbc f i libvcruntime:frame.obj
 0001:0000def4       ??$__InternalCxxFrameHandler@V__FrameHandler4@@@@YA?AW4_EXCEPTION_DISPOSITION@@PEAUEHExceptionRecord@@PEA_KPEAU_CONTEXT@@PEAU_xDISPATCHER_CONTEXT@@PEAUFuncInfo4@FH4@@H1E@Z 000000018000eef4 f i libvcruntime:frame.obj
 0001:0000e188       ??0HandlerMap4@FH4@@QEAA@PEBUTryBlockMapEntry4@1@_KH@Z 000000018000f188 f i libvcruntime:frame.obj
 0001:0000e204       ??0HandlerMap@__FrameHandler3@@QEAA@PEBU_s_TryBlockMapEntry@@_KI@Z 000000018000f204 f i libvcruntime:frame.obj
 0001:0000e218       ??0HandlerType4@FH4@@QEAA@XZ 000000018000f218 f i libvcruntime:frame.obj
 0001:0000e230       ??0TryBlockMap4@FH4@@QEAA@PEBUFuncInfo4@1@_K@Z 000000018000f230 f i libvcruntime:frame.obj
 0001:0000e308       ??0TryBlockMap@__FrameHandler3@@QEAA@PEBU_s_FuncInfo@@_K@Z 000000018000f308 f i libvcruntime:frame.obj
 0001:0000e314       ??0UWMap4@FH4@@QEAA@PEBUFuncInfo4@1@_K@Z 000000018000f314 f i libvcruntime:frame.obj
 0001:0000e358       ??0bad_exception@std@@QEAA@AEBV01@@Z 000000018000f358 f i libvcruntime:frame.obj
 0001:0000e394       ??0bad_exception@std@@QEAA@XZ 000000018000f394 f i libvcruntime:frame.obj
 0001:0000e3b4       ??0exception@std@@QEAA@AEBV01@@Z 000000018000f3b4 f i libvcruntime:frame.obj
 0001:0000e3e8       ??0exception@std@@QEAA@QEBDH@Z 000000018000f3e8 f i libvcruntime:frame.obj
 0001:0000e400       ??0iterator@HandlerMap4@FH4@@QEAA@AEAV12@I@Z 000000018000f400 f i libvcruntime:frame.obj
 0001:0000e40c       ??0iterator@HandlerMap@__FrameHandler3@@QEAA@AEAV12@I@Z 000000018000f40c f i libvcruntime:frame.obj
 0001:0000e418       ??0iterator@UWMap4@FH4@@QEAA@AEAV12@PEAE@Z 000000018000f418 f i libvcruntime:frame.obj
 0001:0000e424       ??1bad_exception@std@@UEAA@XZ 000000018000f424 f i libvcruntime:frame.obj
 0001:0000e438       ??1exception@std@@UEAA@XZ  000000018000f438 f i libvcruntime:frame.obj
 0001:0000e44c       ??4iterator@UWMap4@FH4@@QEAAAEAV012@AEBV012@@Z 000000018000f44c f i libvcruntime:frame.obj
 0001:0000e46c       ??8iterator@HandlerMap4@FH4@@QEBA_NAEBV012@@Z 000000018000f46c f i libvcruntime:frame.obj
 0001:0000e478       ??8iterator@HandlerMap@__FrameHandler3@@QEBA_NAEBV012@@Z 000000018000f478 f i libvcruntime:frame.obj
 0001:0000e484       ??8type_info@@QEBA_NAEBV0@@Z 000000018000f484 f i libvcruntime:frame.obj
 0001:0000e4a0       ??9iterator@HandlerMap4@FH4@@QEBA_NAEBV012@@Z 000000018000f4a0 f i libvcruntime:frame.obj
 0001:0000e4ac       ??9iterator@HandlerMap@__FrameHandler3@@QEBA_NAEBV012@@Z 000000018000f4ac f i libvcruntime:frame.obj
 0001:0000e4b8       ??Diterator@HandlerMap4@FH4@@QEAA?AUHandlerType4@2@XZ 000000018000f4b8 f i libvcruntime:frame.obj
 0001:0000e4d8       ??Diterator@HandlerMap@__FrameHandler3@@QEAA?BU_s_HandlerType@@XZ 000000018000f4d8 f i libvcruntime:frame.obj
 0001:0000e4fc       ??Diterator@TryBlockMap@__FrameHandler3@@QEAA?BU_s_TryBlockMapEntry@@XZ 000000018000f4fc f i libvcruntime:frame.obj
 0001:0000e52c       ??Diterator@UWMap4@FH4@@QEAA?AUUnwindMapEntry4@2@XZ 000000018000f52c f i libvcruntime:frame.obj
 0001:0000e580       ??Eiterator@HandlerMap4@FH4@@QEAAAEAV012@XZ 000000018000f580 f i libvcruntime:frame.obj
 0001:0000e5a0       ??Eiterator@HandlerMap@__FrameHandler3@@QEAAAEAV012@XZ 000000018000f5a0 f i libvcruntime:frame.obj
 0001:0000e5a8       ??Eiterator@TryBlockMap@__FrameHandler3@@QEAAAEAV012@XZ 000000018000f5a8 f i libvcruntime:frame.obj
 0001:0000e5b0       ??Eiterator@UWMap4@FH4@@QEAAAEAV012@XZ 000000018000f5b0 f i libvcruntime:frame.obj
 0001:0000e5d0       ??Giterator@UWMap4@FH4@@QEBA_JAEBV012@@Z 000000018000f5d0 f i libvcruntime:frame.obj
 0001:0000e5dc       ??Miterator@TryBlockMap4@FH4@@QEBA_NAEBV012@@Z 000000018000f5dc f i libvcruntime:frame.obj
 0001:0000e5e8       ??Miterator@TryBlockMap@__FrameHandler3@@QEBA_NAEBV012@@Z 000000018000f5e8 f i libvcruntime:frame.obj
 0001:0000e5f4       ??Oiterator@UWMap4@FH4@@QEBA_NAEBV012@@Z 000000018000f5f4 f i libvcruntime:frame.obj
 0001:0000e600       ??Piterator@UWMap4@FH4@@QEBA_NAEBV012@@Z 000000018000f600 f i libvcruntime:frame.obj
 0001:0000e60c       ??_Gbad_exception@std@@UEAAPEAXI@Z 000000018000f60c f i libvcruntime:frame.obj
 0001:0000e60c       ??_Ebad_exception@std@@UEAAPEAXI@Z 000000018000f60c f i libvcruntime:frame.obj
 0001:0000e650       ??_Gexception@std@@UEAAPEAXI@Z 000000018000f650 f i libvcruntime:frame.obj
 0001:0000e650       ??_Eexception@std@@UEAAPEAXI@Z 000000018000f650 f i libvcruntime:frame.obj
 0001:0000e694       ?BuildCatchObject@__FrameHandler3@@SAXPEAUEHExceptionRecord@@PEAXPEBU_s_HandlerType@@PEBU_s_CatchableType@@@Z 000000018000f694 f   libvcruntime:frame.obj
 0001:0000e69c       ?BuildCatchObject@__FrameHandler4@@SAXPEAUEHExceptionRecord@@PEAXPEAUHandlerType4@FH4@@PEBU_s_CatchableType@@@Z 000000018000f69c f   libvcruntime:frame.obj
 0001:0000e6a4       ?BuildCatchObjectHelper@__FrameHandler3@@SAHPEAUEHExceptionRecord@@PEAXPEBU_s_HandlerType@@PEBU_s_CatchableType@@@Z 000000018000f6a4 f   libvcruntime:frame.obj
 0001:0000e6ac       ?BuildCatchObjectHelper@__FrameHandler4@@SAHPEAUEHExceptionRecord@@PEAXPEAUHandlerType4@FH4@@PEBU_s_CatchableType@@@Z 000000018000f6ac f   libvcruntime:frame.obj
 0001:0000e6b4       ?CxxCallCatchBlock@__FrameHandler3@@SAPEAXPEAU_EXCEPTION_RECORD@@@Z 000000018000f6b4 f   libvcruntime:frame.obj
 0001:0000e8a0       ?CxxCallCatchBlock@__FrameHandler4@@SAPEAXPEAU_EXCEPTION_RECORD@@@Z 000000018000f8a0 f   libvcruntime:frame.obj
 0001:0000eaf0       ?DecompHandler@HandlerMap4@FH4@@AEAAXXZ 000000018000faf0 f i libvcruntime:frame.obj
 0001:0000ed30       ?FrameUnwindToState@__FrameHandler3@@SAXPEA_KPEAU_xDISPATCHER_CONTEXT@@PEBU_s_FuncInfo@@H@Z 000000018000fd30 f   libvcruntime:frame.obj
 0001:0000eebc       ?FrameUnwindToState@__FrameHandler4@@SAXPEA_KPEAU_xDISPATCHER_CONTEXT@@PEAUFuncInfo4@FH4@@H@Z 000000018000febc f   libvcruntime:frame.obj
 0001:0000f1a4       ?GetHandlerSearchState@__FrameHandler3@@SAHPEA_KPEAU_xDISPATCHER_CONTEXT@@PEBU_s_FuncInfo@@@Z 00000001800101a4 f i libvcruntime:frame.obj
 0001:0000f23c       ?GetHandlerSearchState@__FrameHandler4@@SAHPEA_KPEAU_xDISPATCHER_CONTEXT@@PEAUFuncInfo4@FH4@@@Z 000000018001023c f i libvcruntime:frame.obj
 0001:0000f2a0       ?GetMaxState@__FrameHandler3@@SAHPEAU_xDISPATCHER_CONTEXT@@PEBU_s_FuncInfo@@@Z 00000001800102a0 f i libvcruntime:frame.obj
 0001:0000f2a4       ?GetMaxState@__FrameHandler4@@SAHPEAU_xDISPATCHER_CONTEXT@@PEAUFuncInfo4@FH4@@@Z 00000001800102a4 f i libvcruntime:frame.obj
 0001:0000f454       ?ReadEntry@UWMap4@FH4@@AEAAXPEAPEAE@Z 0000000180010454 f i libvcruntime:frame.obj
 0001:0000f4f4       ?TypeMatch@__FrameHandler3@@SAHPEBU_s_HandlerType@@PEBU_s_CatchableType@@PEBU_s_ThrowInfo@@@Z 00000001800104f4 f   libvcruntime:frame.obj
 0001:0000f4fc       ?TypeMatch@__FrameHandler4@@SAHPEAUHandlerType4@FH4@@PEBU_s_CatchableType@@PEBU_s_ThrowInfo@@@Z 00000001800104fc f   libvcruntime:frame.obj
 0001:0000f504       ?WalkBack@UWMap4@FH4@@AEAAXPEAPEAE@Z 0000000180010504 f i libvcruntime:frame.obj
 0001:0000f53c       ?WalkBack@iterator@UWMap4@FH4@@QEAAXXZ 000000018001053c f i libvcruntime:frame.obj
 0001:0000f57c       ?WalkForward@UWMap4@FH4@@AEAAXPEAPEAE@Z 000000018001057c f i libvcruntime:frame.obj
 0001:0000f584       ?_CallMemberFunction1@@YAXQEAX00@Z 0000000180010584 f i libvcruntime:frame.obj
 0001:0000f590       ?_CallMemberFunction2@@YAXQEAX00H@Z 0000000180010590 f i libvcruntime:frame.obj
 0001:0000f5b4       ?begin@HandlerMap4@FH4@@QEAA?AViterator@12@XZ 00000001800105b4 f i libvcruntime:frame.obj
 0001:0000f5c0       ?begin@HandlerMap@__FrameHandler3@@QEAA?AViterator@12@XZ 00000001800105c0 f i libvcruntime:frame.obj
 0001:0000f5cc       ?begin@UWMap4@FH4@@QEAA?AViterator@12@XZ 00000001800105cc f i libvcruntime:frame.obj
 0001:0000f5dc       ?end@HandlerMap4@FH4@@QEAA?AViterator@12@XZ 00000001800105dc f i libvcruntime:frame.obj
 0001:0000f5e8       ?end@HandlerMap@__FrameHandler3@@QEAA?AViterator@12@XZ 00000001800105e8 f i libvcruntime:frame.obj
 0001:0000f5f4       ?getESTypes@__FrameHandler3@@SAPEBU_s_ESTypeList@@PEBU_s_FuncInfo@@@Z 00000001800105f4 f i libvcruntime:frame.obj
 0001:0000f61c       ?getESTypes@__FrameHandler4@@SAPEBU_s_ESTypeList@@PEAUFuncInfo4@FH4@@@Z 000000018001061c f i libvcruntime:frame.obj
 0001:0000f620       ?getLastEntry@HandlerMap4@FH4@@QEAAPEAUHandlerType4@2@XZ 0000000180010620 f i libvcruntime:frame.obj
 0001:0000f670       ?getLastEntry@HandlerMap@__FrameHandler3@@QEAAPEBU_s_HandlerType@@XZ 0000000180010670 f i libvcruntime:frame.obj
 0001:0000f684       ?getMagicNum@__FrameHandler3@@SAIPEBU_s_FuncInfo@@@Z 0000000180010684 f i libvcruntime:frame.obj
 0001:0000f68c       ?getMagicNum@__FrameHandler4@@SAIPEAUFuncInfo4@FH4@@@Z 000000018001068c f i libvcruntime:frame.obj
 0001:0000f694       ?getNumTryBlocks@TryBlockMap4@FH4@@QEAAIXZ 0000000180010694 f i libvcruntime:frame.obj
 0001:0000f698       ?getNumTryBlocks@TryBlockMap@__FrameHandler3@@QEAAIXZ 0000000180010698 f i libvcruntime:frame.obj
 0001:0000f6a0       ?getStartStop@UWMap4@FH4@@QEAAXHHAEAViterator@12@0@Z 00000001800106a0 f i libvcruntime:frame.obj
 0001:0000f770       ?getStateFromIterators@UWMap4@FH4@@SAHAEBViterator@12@H0H0@Z 0000000180010770 f i libvcruntime:frame.obj
 0001:0000f838       ?isEHs@__FrameHandler3@@SA_NPEBU_s_FuncInfo@@@Z 0000000180010838 f i libvcruntime:frame.obj
 0001:0000f840       ?isEHs@__FrameHandler4@@SA_NPEAUFuncInfo4@FH4@@@Z 0000000180010840 f i libvcruntime:frame.obj
 0001:0000f848       ?isNoExcept@__FrameHandler3@@SA_NPEBU_s_FuncInfo@@@Z 0000000180010848 f i libvcruntime:frame.obj
 0001:0000f854       ?isNoExcept@__FrameHandler4@@SA_NPEAUFuncInfo4@FH4@@@Z 0000000180010854 f i libvcruntime:frame.obj
 0001:0000f85c       ?reset@HandlerType4@FH4@@QEAAXXZ 000000018001085c f i libvcruntime:frame.obj
 0001:0000f870       ?resetBuffer@HandlerMap4@FH4@@QEAAXXZ 0000000180010870 f i libvcruntime:frame.obj
 0001:0000f880       ?setBuffer@HandlerMap4@FH4@@QEAAXI@Z 0000000180010880 f i libvcruntime:frame.obj
 0001:0000f8bc       ?what@exception@std@@UEBAPEBDXZ 00000001800108bc f i libvcruntime:frame.obj
 0001:0000f8d0       __BuildCatchObject         00000001800108d0 f   libvcruntime:frame.obj
 0001:0000f8d8       __BuildCatchObjectHelper   00000001800108d8 f   libvcruntime:frame.obj
 0001:0000f8e0       __TypeMatch                00000001800108e0 f   libvcruntime:frame.obj
 0001:0000f8e8       __vcrt_EncodePointer       00000001800108e8 f i libvcruntime:frame.obj
 0001:0000f900       _CallSettingFrame          0000000180010900 f   libvcruntime:handlers.obj
 0001:0000f950       _CallSettingFrame_LookupContinuationIndex 0000000180010950 f   libvcruntime:handlers.obj
 0001:0000f980       _CallSettingFrame_NotifyContinuationAddr 0000000180010980 f   libvcruntime:handlers.obj
 0001:0000f9b0       _CallSettingFrameEncoded   00000001800109b0 f   libvcruntime:handlers.obj
 0001:0000f9f8       ??$?RD@__crt_public_free_policy@@QEBAXQEBD@Z 00000001800109f8 f i libvcruntime:std_exception.obj
 0001:0000fa00       ??0?$__crt_unique_heap_ptr@DU__crt_public_free_policy@@@@QEAA@QEAD@Z 0000000180010a00 f i libvcruntime:std_exception.obj
 0001:0000fa08       ??1?$__crt_unique_heap_ptr@DU__crt_public_free_policy@@@@QEAA@XZ 0000000180010a08 f i libvcruntime:std_exception.obj
 0001:0000fa24       ??B?$__crt_unique_heap_ptr@DU__crt_public_free_policy@@@@QEBA_NXZ 0000000180010a24 f i libvcruntime:std_exception.obj
 0001:0000fa2c       ?detach@?$__crt_unique_heap_ptr@DU__crt_public_free_policy@@@@QEAAPEADXZ 0000000180010a2c f i libvcruntime:std_exception.obj
 0001:0000fa34       ?get@?$__crt_unique_heap_ptr@DU__crt_public_free_policy@@@@QEBAPEADXZ 0000000180010a34 f i libvcruntime:std_exception.obj
 0001:0000fa38       ?is_valid@?$__crt_unique_heap_ptr@DU__crt_public_free_policy@@@@QEBA_NXZ 0000000180010a38 f i libvcruntime:std_exception.obj
 0001:0000fa40       ?release@?$__crt_unique_heap_ptr@DU__crt_public_free_policy@@@@QEAAXXZ 0000000180010a40 f i libvcruntime:std_exception.obj
 0001:0000fa5c       __std_exception_copy       0000000180010a5c f   libvcruntime:std_exception.obj
 0001:0000faec       __std_exception_destroy    0000000180010aec f   libvcruntime:std_exception.obj
 0001:0000fb14       _CxxThrowException         0000000180010b14 f   libvcruntime:throw.obj
 0001:0000fbb4       ??$?RPEAU__crt_stdio_stream_data@@@__crt_internal_free_policy@@QEBAXQEBQEAU__crt_stdio_stream_data@@@Z 0000000180010bb4 f i libucrt:_file.obj
 0001:0000fbbc       ??0?$__crt_unique_heap_ptr@PEAU__crt_stdio_stream_data@@U__crt_internal_free_policy@@@@QEAA@QEAPEAU__crt_stdio_stream_data@@@Z 0000000180010bbc f i libucrt:_file.obj
 0001:0000fbc4       ??0__crt_stdio_stream@@QEAA@QEAU_iobuf@@@Z 0000000180010bc4 f i libucrt:_file.obj
 0001:0000fbcc       ??1?$__crt_unique_heap_ptr@PEAU__crt_stdio_stream_data@@U__crt_internal_free_policy@@@@QEAA@XZ 0000000180010bcc f i libucrt:_file.obj
 0001:0000fbe8       ??C__crt_stdio_stream@@QEBAPEAU__crt_stdio_stream_data@@XZ 0000000180010be8 f i libucrt:_file.obj
 0001:0000fbec       ?detach@?$__crt_unique_heap_ptr@PEAU__crt_stdio_stream_data@@U__crt_internal_free_policy@@@@QEAAPEAPEAU__crt_stdio_stream_data@@XZ 0000000180010bec f i libucrt:_file.obj
 0001:0000fbf4       ?release@?$__crt_unique_heap_ptr@PEAU__crt_stdio_stream_data@@U__crt_internal_free_policy@@@@QEAAXXZ 0000000180010bf4 f i libucrt:_file.obj
 0001:0000fc10       __acrt_initialize_stdio    0000000180010c10 f   libucrt:_file.obj
 0001:0000fd30       __acrt_iob_func            0000000180010d30 f   libucrt:_file.obj
 0001:0000fd44       __acrt_uninitialize_stdio  0000000180010d44 f   libucrt:_file.obj
 0001:0000fda0       _get_stream_buffer_pointers 0000000180010da0 f   libucrt:_file.obj
 0001:0000fde8       _lock_file                 0000000180010de8 f   libucrt:_file.obj
 0001:0000fdf4       _unlock_file               0000000180010df4 f   libucrt:_file.obj
 0001:0000fe00       ??$__crt_interlocked_read@J@@YAJPEDJ@Z 0000000180010e00 f i libucrt:fclose.obj
 0001:0000fe04       ?__crt_interlocked_read_32@@YAHPEDH@Z 0000000180010e04 f i libucrt:fclose.obj
 0001:0000fe08       ?get_flags@__crt_stdio_stream@@QEBAJXZ 0000000180010e08 f i libucrt:fclose.obj
 0001:0000fe10       ?is_in_use@__crt_stdio_stream@@QEBA_NXZ 0000000180010e10 f i libucrt:fclose.obj
 0001:0000fe1c       ?is_string_backed@__crt_stdio_stream@@QEBA_NXZ 0000000180010e1c f i libucrt:fclose.obj
 0001:0000fe28       ?public_stream@__crt_stdio_stream@@QEBAPEAU_iobuf@@XZ 0000000180010e28 f i libucrt:fclose.obj
 0001:0000fe2c       ?valid@__crt_stdio_stream@@QEBA_NXZ 0000000180010e2c f i libucrt:fclose.obj
 0001:0000fe34       _fclose_nolock             0000000180010e34 f   libucrt:fclose.obj
 0001:0000feb8       fclose                     0000000180010eb8 f   libucrt:fclose.obj
 0001:0001014c       ??$open_file@AEBQEBDAEBQEBDAEBHPEAU_iobuf@@@?$__crt_char_traits@D@@SAPEAU_iobuf@@AEBQEBD0AEBH$$QEAPEAU1@@Z 000000018001114c f i libucrt:fopen.obj
 0001:00010160       ??$open_file@AEBQEB_WAEBQEB_WAEBHPEAU_iobuf@@@?$__crt_char_traits@_W@@SAPEAU_iobuf@@AEBQEB_W0AEBH$$QEAPEAU1@@Z 0000000180011160 f i libucrt:fopen.obj
 0001:00010174       ?unlock@__crt_stdio_stream@@QEBAXXZ 0000000180011174 f i libucrt:fopen.obj
 0001:0001017c       _fsopen                    000000018001117c f   libucrt:fopen.obj
 0001:00010184       _wfopen                    0000000180011184 f   libucrt:fopen.obj
 0001:00010190       _wfopen_s                  0000000180011190 f   libucrt:fopen.obj
 0001:000101e8       _wfsopen                   00000001800111e8 f   libucrt:fopen.obj
 0001:000101f0       fopen                      00000001800111f0 f   libucrt:fopen.obj
 0001:000101fc       fopen_s                    00000001800111fc f   libucrt:fopen.obj
 0001:000103dc       ?detach@?$__crt_unique_heap_ptr@DU__crt_internal_free_policy@@@@QEAAPEADXZ 00000001800113dc f i libucrt:setvbuf.obj
 0001:000103fc       ?set_flags@__crt_stdio_stream@@QEBA_NJ@Z 00000001800113fc f i libucrt:setvbuf.obj
 0001:0001041c       ?unset_flags@__crt_stdio_stream@@QEBA_NJ@Z 000000018001141c f i libucrt:setvbuf.obj
 0001:00010444       setvbuf                    0000000180011444 f   libucrt:setvbuf.obj
 0001:000104e0       ??$?0AEBV?$stream_output_adapter@D@__crt_stdio_output@@AEB_KAEBQEBDAEBQEAU__crt_locale_pointers@@AEBQEAD@?$format_validation_base@DV?$stream_output_adapter@D@__crt_stdio_output@@@__crt_stdio_output@@IEAA@AEBV?$stream_output_adapter@D@1@AEB_KAEBQEBDAEBQEAU__crt_locale_pointers@@AEBQEAD@Z 00000001800114e0 f i libucrt:output.obj
 0001:00010564       ??$?0AEBV?$stream_output_adapter@D@__crt_stdio_output@@AEB_KAEBQEBDAEBQEAU__crt_locale_pointers@@AEBQEAD@?$positional_parameter_base@DV?$stream_output_adapter@D@__crt_stdio_output@@@__crt_stdio_output@@IEAA@AEBV?$stream_output_adapter@D@1@AEB_KAEBQEBDAEBQEAU__crt_locale_pointers@@AEBQEAD@Z 0000000180011564 f i libucrt:output.obj
 0001:00010604       ??$?0AEBV?$stream_output_adapter@D@__crt_stdio_output@@AEB_KAEBQEBDAEBQEAU__crt_locale_pointers@@AEBQEAD@?$standard_base@DV?$stream_output_adapter@D@__crt_stdio_output@@@__crt_stdio_output@@IEAA@AEBV?$stream_output_adapter@D@1@AEB_KAEBQEBDAEBQEAU__crt_locale_pointers@@AEBQEAD@Z 0000000180011604 f i libucrt:output.obj
 0001:00010688       ??$?0AEBV?$stream_output_adapter@_W@__crt_stdio_output@@AEB_KAEBQEB_WAEBQEAU__crt_locale_pointers@@AEBQEAD@?$format_validation_base@_WV?$stream_output_adapter@_W@__crt_stdio_output@@@__crt_stdio_output@@IEAA@AEBV?$stream_output_adapter@_W@1@AEB_KAEBQEB_WAEBQEAU__crt_locale_pointers@@AEBQEAD@Z 0000000180011688 f i libucrt:output.obj
 0001:00010710       ??$?0AEBV?$stream_output_adapter@_W@__crt_stdio_output@@AEB_KAEBQEB_WAEBQEAU__crt_locale_pointers@@AEBQEAD@?$positional_parameter_base@_WV?$stream_output_adapter@_W@__crt_stdio_output@@@__crt_stdio_output@@IEAA@AEBV?$stream_output_adapter@_W@1@AEB_KAEBQEB_WAEBQEAU__crt_locale_pointers@@AEBQEAD@Z 0000000180011710 f i libucrt:output.obj
 0001:000107b4       ??$?0AEBV?$stream_output_adapter@_W@__crt_stdio_output@@AEB_KAEBQEB_WAEBQEAU__crt_locale_pointers@@AEBQEAD@?$standard_base@_WV?$stream_output_adapter@_W@__crt_stdio_output@@@__crt_stdio_output@@IEAA@AEBV?$stream_output_adapter@_W@1@AEB_KAEBQEB_WAEBQEAU__crt_locale_pointers@@AEBQEAD@Z 00000001800117b4 f i libucrt:output.obj
 0001:0001083c       ??$?0AEBV?$string_output_adapter@D@__crt_stdio_output@@AEB_KAEBQEBDAEBQEAU__crt_locale_pointers@@AEBQEAD@?$format_validation_base@DV?$string_output_adapter@D@__crt_stdio_output@@@__crt_stdio_output@@IEAA@AEBV?$string_output_adapter@D@1@AEB_KAEBQEBDAEBQEAU__crt_locale_pointers@@AEBQEAD@Z 000000018001183c f i libucrt:output.obj
 0001:000108c0       ??$?0AEBV?$string_output_adapter@D@__crt_stdio_output@@AEB_KAEBQEBDAEBQEAU__crt_locale_pointers@@AEBQEAD@?$positional_parameter_base@DV?$string_output_adapter@D@__crt_stdio_output@@@__crt_stdio_output@@IEAA@AEBV?$string_output_adapter@D@1@AEB_KAEBQEBDAEBQEAU__crt_locale_pointers@@AEBQEAD@Z 00000001800118c0 f i libucrt:output.obj
 0001:00010960       ??$?0AEBV?$string_output_adapter@D@__crt_stdio_output@@AEB_KAEBQEBDAEBQEAU__crt_locale_pointers@@AEBQEAD@?$standard_base@DV?$string_output_adapter@D@__crt_stdio_output@@@__crt_stdio_output@@IEAA@AEBV?$string_output_adapter@D@1@AEB_KAEBQEBDAEBQEAU__crt_locale_pointers@@AEBQEAD@Z 0000000180011960 f i libucrt:output.obj
 0001:000109e4       ??$?0AEBV?$string_output_adapter@_W@__crt_stdio_output@@AEB_KAEBQEB_WAEBQEAU__crt_locale_pointers@@AEBQEAD@?$format_validation_base@_WV?$string_output_adapter@_W@__crt_stdio_output@@@__crt_stdio_output@@IEAA@AEBV?$string_output_adapter@_W@1@AEB_KAEBQEB_WAEBQEAU__crt_locale_pointers@@AEBQEAD@Z 00000001800119e4 f i libucrt:output.obj
 0001:00010a6c       ??$?0AEBV?$string_output_adapter@_W@__crt_stdio_output@@AEB_KAEBQEB_WAEBQEAU__crt_locale_pointers@@AEBQEAD@?$positional_parameter_base@_WV?$string_output_adapter@_W@__crt_stdio_output@@@__crt_stdio_output@@IEAA@AEBV?$string_output_adapter@_W@1@AEB_KAEBQEB_WAEBQEAU__crt_locale_pointers@@AEBQEAD@Z 0000000180011a6c f i libucrt:output.obj
 0001:00010b10       ??$?0AEBV?$string_output_adapter@_W@__crt_stdio_output@@AEB_KAEBQEB_WAEBQEAU__crt_locale_pointers@@AEBQEAD@?$standard_base@_WV?$string_output_adapter@_W@__crt_stdio_output@@@__crt_stdio_output@@IEAA@AEBV?$string_output_adapter@_W@1@AEB_KAEBQEB_WAEBQEAU__crt_locale_pointers@@AEBQEAD@Z 0000000180011b10 f i libucrt:output.obj
 0001:00011f50       ??$count@D@formatting_buffer@__crt_stdio_output@@QEBA_KXZ 0000000180012f50 f i libucrt:output.obj
 0001:00011f6c       ??$count@_W@formatting_buffer@__crt_stdio_output@@QEBA_KXZ 0000000180012f6c f i libucrt:output.obj
 0001:00011f88       ??$data@D@formatting_buffer@__crt_stdio_output@@QEAAPEADXZ 0000000180012f88 f i libucrt:output.obj
 0001:00011f98       ??$data@_W@formatting_buffer@__crt_stdio_output@@QEAAPEA_WXZ 0000000180012f98 f i libucrt:output.obj
 0001:00011fa8       ??$ensure_buffer_is_big_enough@D@formatting_buffer@__crt_stdio_output@@QEAA_N_K@Z 0000000180012fa8 f i libucrt:output.obj
 0001:00012050       ??$ensure_buffer_is_big_enough@_W@formatting_buffer@__crt_stdio_output@@QEAA_N_K@Z 0000000180013050 f i libucrt:output.obj
 0001:000120fc       ??$extract_argument_from_va_list@C_J@?$positional_parameter_base@DV?$stream_output_adapter@D@__crt_stdio_output@@@__crt_stdio_output@@IEAA_NAEA_J@Z 00000001800130fc f i libucrt:output.obj
 0001:000121b8       ??$extract_argument_from_va_list@C_J@?$positional_parameter_base@DV?$string_output_adapter@D@__crt_stdio_output@@@__crt_stdio_output@@IEAA_NAEA_J@Z 00000001800131b8 f i libucrt:output.obj
 0001:00012274       ??$extract_argument_from_va_list@C_J@?$positional_parameter_base@_WV?$stream_output_adapter@_W@__crt_stdio_output@@@__crt_stdio_output@@IEAA_NAEA_J@Z 0000000180013274 f i libucrt:output.obj
 0001:00012334       ??$extract_argument_from_va_list@C_J@?$positional_parameter_base@_WV?$string_output_adapter@_W@__crt_stdio_output@@@__crt_stdio_output@@IEAA_NAEA_J@Z 0000000180013334 f i libucrt:output.obj
 0001:000123f4       ??$extract_argument_from_va_list@C_J@?$standard_base@DV?$stream_output_adapter@D@__crt_stdio_output@@@__crt_stdio_output@@IEAA_NAEA_J@Z 00000001800133f4 f i libucrt:output.obj
 0001:00012408       ??$extract_argument_from_va_list@C_J@?$standard_base@DV?$string_output_adapter@D@__crt_stdio_output@@@__crt_stdio_output@@IEAA_NAEA_J@Z 0000000180013408 f i libucrt:output.obj
 0001:0001241c       ??$extract_argument_from_va_list@C_J@?$standard_base@_WV?$stream_output_adapter@_W@__crt_stdio_output@@@__crt_stdio_output@@IEAA_NAEA_J@Z 000000018001341c f i libucrt:output.obj
 0001:00012430       ??$extract_argument_from_va_list@C_J@?$standard_base@_WV?$string_output_adapter@_W@__crt_stdio_output@@@__crt_stdio_output@@IEAA_NAEA_J@Z 0000000180013430 f i libucrt:output.obj
 0001:00012444       ??$extract_argument_from_va_list@E_J@?$positional_parameter_base@DV?$stream_output_adapter@D@__crt_stdio_output@@@__crt_stdio_output@@IEAA_NAEA_J@Z 0000000180013444 f i libucrt:output.obj
 0001:00012500       ??$extract_argument_from_va_list@E_J@?$positional_parameter_base@DV?$string_output_adapter@D@__crt_stdio_output@@@__crt_stdio_output@@IEAA_NAEA_J@Z 0000000180013500 f i libucrt:output.obj
 0001:000125bc       ??$extract_argument_from_va_list@E_J@?$positional_parameter_base@_WV?$stream_output_adapter@_W@__crt_stdio_output@@@__crt_stdio_output@@IEAA_NAEA_J@Z 00000001800135bc f i libucrt:output.obj
 0001:0001267c       ??$extract_argument_from_va_list@E_J@?$positional_parameter_base@_WV?$string_output_adapter@_W@__crt_stdio_output@@@__crt_stdio_output@@IEAA_NAEA_J@Z 000000018001367c f i libucrt:output.obj
 0001:0001273c       ??$extract_argument_from_va_list@E_J@?$standard_base@DV?$stream_output_adapter@D@__crt_stdio_output@@@__crt_stdio_output@@IEAA_NAEA_J@Z 000000018001373c f i libucrt:output.obj
 0001:00012750       ??$extract_argument_from_va_list@E_J@?$standard_base@DV?$string_output_adapter@D@__crt_stdio_output@@@__crt_stdio_output@@IEAA_NAEA_J@Z 0000000180013750 f i libucrt:output.obj
 0001:00012764       ??$extract_argument_from_va_list@E_J@?$standard_base@_WV?$stream_output_adapter@_W@__crt_stdio_output@@@__crt_stdio_output@@IEAA_NAEA_J@Z 0000000180013764 f i libucrt:output.obj
 0001:00012778       ??$extract_argument_from_va_list@E_J@?$standard_base@_WV?$string_output_adapter@_W@__crt_stdio_output@@@__crt_stdio_output@@IEAA_NAEA_J@Z 0000000180013778 f i libucrt:output.obj
 0001:0001278c       ??$extract_argument_from_va_list@F_J@?$positional_parameter_base@DV?$stream_output_adapter@D@__crt_stdio_output@@@__crt_stdio_output@@IEAA_NAEA_J@Z 000000018001378c f i libucrt:output.obj
 0001:00012848       ??$extract_argument_from_va_list@F_J@?$positional_parameter_base@DV?$string_output_adapter@D@__crt_stdio_output@@@__crt_stdio_output@@IEAA_NAEA_J@Z 0000000180013848 f i libucrt:output.obj
 0001:00012904       ??$extract_argument_from_va_list@F_J@?$positional_parameter_base@_WV?$stream_output_adapter@_W@__crt_stdio_output@@@__crt_stdio_output@@IEAA_NAEA_J@Z 0000000180013904 f i libucrt:output.obj
 0001:000129c4       ??$extract_argument_from_va_list@F_J@?$positional_parameter_base@_WV?$string_output_adapter@_W@__crt_stdio_output@@@__crt_stdio_output@@IEAA_NAEA_J@Z 00000001800139c4 f i libucrt:output.obj
 0001:00012a84       ??$extract_argument_from_va_list@F_J@?$standard_base@DV?$stream_output_adapter@D@__crt_stdio_output@@@__crt_stdio_output@@IEAA_NAEA_J@Z 0000000180013a84 f i libucrt:output.obj
 0001:00012a98       ??$extract_argument_from_va_list@F_J@?$standard_base@DV?$string_output_adapter@D@__crt_stdio_output@@@__crt_stdio_output@@IEAA_NAEA_J@Z 0000000180013a98 f i libucrt:output.obj
 0001:00012aac       ??$extract_argument_from_va_list@F_J@?$standard_base@_WV?$stream_output_adapter@_W@__crt_stdio_output@@@__crt_stdio_output@@IEAA_NAEA_J@Z 0000000180013aac f i libucrt:output.obj
 0001:00012ac0       ??$extract_argument_from_va_list@F_J@?$standard_base@_WV?$string_output_adapter@_W@__crt_stdio_output@@@__crt_stdio_output@@IEAA_NAEA_J@Z 0000000180013ac0 f i libucrt:output.obj
 0001:00012ad4       ??$extract_argument_from_va_list@GD@?$positional_parameter_base@DV?$stream_output_adapter@D@__crt_stdio_output@@@__crt_stdio_output@@IEAA_NAEAD@Z 0000000180013ad4 f i libucrt:output.obj
 0001:00012b8c       ??$extract_argument_from_va_list@GD@?$positional_parameter_base@DV?$string_output_adapter@D@__crt_stdio_output@@@__crt_stdio_output@@IEAA_NAEAD@Z 0000000180013b8c f i libucrt:output.obj
 0001:00012c44       ??$extract_argument_from_va_list@GD@?$standard_base@DV?$stream_output_adapter@D@__crt_stdio_output@@@__crt_stdio_output@@IEAA_NAEAD@Z 0000000180013c44 f i libucrt:output.obj
 0001:00012c58       ??$extract_argument_from_va_list@GD@?$standard_base@DV?$string_output_adapter@D@__crt_stdio_output@@@__crt_stdio_output@@IEAA_NAEAD@Z 0000000180013c58 f i libucrt:output.obj
 0001:00012c6c       ??$extract_argument_from_va_list@G_J@?$positional_parameter_base@DV?$stream_output_adapter@D@__crt_stdio_output@@@__crt_stdio_output@@IEAA_NAEA_J@Z 0000000180013c6c f i libucrt:output.obj
 0001:00012d28       ??$extract_argument_from_va_list@G_J@?$positional_parameter_base@DV?$string_output_adapter@D@__crt_stdio_output@@@__crt_stdio_output@@IEAA_NAEA_J@Z 0000000180013d28 f i libucrt:output.obj
 0001:00012de4       ??$extract_argument_from_va_list@G_J@?$positional_parameter_base@_WV?$stream_output_adapter@_W@__crt_stdio_output@@@__crt_stdio_output@@IEAA_NAEA_J@Z 0000000180013de4 f i libucrt:output.obj
 0001:00012ea4       ??$extract_argument_from_va_list@G_J@?$positional_parameter_base@_WV?$string_output_adapter@_W@__crt_stdio_output@@@__crt_stdio_output@@IEAA_NAEA_J@Z 0000000180013ea4 f i libucrt:output.obj
 0001:00012f64       ??$extract_argument_from_va_list@G_J@?$standard_base@DV?$stream_output_adapter@D@__crt_stdio_output@@@__crt_stdio_output@@IEAA_NAEA_J@Z 0000000180013f64 f i libucrt:output.obj
[...]
 0002:000105b4       $unwind$_setmode_nolock    00000001800615b4     libucrt:setmode.obj
 0002:000105c4       $unwind$_chsize            00000001800615c4     libucrt:chsize.obj
 0002:000105cc       $unwind$_chsize_s          00000001800615cc     libucrt:chsize.obj
 0002:000105d8       $unwind$_chsize_nolock     00000001800615d8     libucrt:chsize.obj
 0002:000105f4       $unwind$??R<lambda_522ac1b1e1a1180d6f374a882b81d1c8>@@QEBAHXZ 00000001800615f4     libucrt:chsize.obj
 0002:000105fc       $unwind$??$__acrt_lowio_lock_fh_and_call@V<lambda_522ac1b1e1a1180d6f374a882b81d1c8>@@@@YAHH$$QEAV<lambda_522ac1b1e1a1180d6f374a882b81d1c8>@@@Z 00000001800615fc     libucrt:chsize.obj
 0002:00010604       $unwind$??0__crt_seek_guard@@QEAA@H_J@Z 0000000180061604     libucrt:chsize.obj
 0002:00010614       $unwind$??$?RV<lambda_63911f43cc86614963252b1f423aad40>@@AEAV<lambda_522ac1b1e1a1180d6f374a882b81d1c8>@@V<lambda_6da5eaf298b4749753c721cc8c61e051>@@@?$__crt_seh_guarded_call@H@@QEAAH$$QEAV<lambda_63911f43cc86614963252b1f423aad40>@@AEAV<lambda_522ac1b1e1a1180d6f374a882b81d1c8>@@$$QEAV<lambda_6da5eaf298b4749753c721cc8c61e051>@@@Z 0000000180061614     libucrt:chsize.obj
 0002:00010638       $unwind$?fin$0@?0???$?RV<lambda_63911f43cc86614963252b1f423aad40>@@AEAV<lambda_522ac1b1e1a1180d6f374a882b81d1c8>@@V<lambda_6da5eaf298b4749753c721cc8c61e051>@@@?$__crt_seh_guarded_call@H@@QEAAH$$QEAV<lambda_63911f43cc86614963252b1f423aad40>@@AEAV<lambda_522ac1b1e1a1180d6f374a882b81d1c8>@@$$QEAV<lambda_6da5eaf298b4749753c721cc8c61e051>@@@Z@4HA 0000000180061638     libucrt:chsize.obj
 0002:00010640       $unwind$_umask_s           0000000180061640     libucrt:umask.obj
 0002:00010648       $unwind$?__mbrtoc32_utf8@__crt_mbstring@@YA_KPEA_UPEBD_KPEAU_Mbstatet@@@Z 0000000180061648     libucrt:mbrtoc32.obj
 0002:00010664       $unwind$__acrt_GetLocaleInfoA 0000000180061664     libucrt:getlocaleinfoa.obj
 0002:00010684       $unwind$?InternalGetLocaleInfoA@@YAHQEAU__crt_locale_pointers@@QEB_WKQEADH@Z 0000000180061684     libucrt:getlocaleinfoa.obj
 0002:000106ac       $unwind$fegetenv           00000001800616ac     libucrt:fegetenv.obj
 0002:000106b4       $unwind$fesetenv           00000001800616b4     libucrt:fesetenv.obj
 0002:000106bc       $unwind$feholdexcept       00000001800616bc     libucrt:feholdexcept.obj
 0002:000106c8       $xdatasym                  00000001800616c8     libucrt:log10.obj
 0002:000106d4       $unwind$__acrt_stdio_allocate_buffer_nolock 00000001800616d4     libucrt:_getbuf.obj
 0002:000106e0       $unwind$_itow_s            00000001800616e0     libucrt:xtoa.obj
 0002:000106e8       $unwind$_itow              00000001800616e8     libucrt:xtoa.obj
 0002:000106f0       $unwind$_ltow_s            00000001800616f0     libucrt:xtoa.obj
 0002:000106f8       $unwind$_ltow              00000001800616f8     libucrt:xtoa.obj
 0002:00010700       $unwind$_ultow_s           0000000180061700     libucrt:xtoa.obj
 0002:00010708       $unwind$_ultow             0000000180061708     libucrt:xtoa.obj
 0002:00010710       $unwind$_i64tow_s          0000000180061710     libucrt:xtoa.obj
 0002:00010718       $unwind$_i64tow            0000000180061718     libucrt:xtoa.obj
 0002:00010720       $unwind$_ui64tow_s         0000000180061720     libucrt:xtoa.obj
 0002:00010728       $unwind$_ui64tow           0000000180061728     libucrt:xtoa.obj
 0002:00010730       $unwind$_itoa_s            0000000180061730     libucrt:xtoa.obj
 0002:00010738       $unwind$_itoa              0000000180061738     libucrt:xtoa.obj
 0002:00010740       $unwind$_ltoa_s            0000000180061740     libucrt:xtoa.obj
 0002:00010748       $unwind$_ltoa              0000000180061748     libucrt:xtoa.obj
 0002:00010750       $unwind$_ultoa_s           0000000180061750     libucrt:xtoa.obj
 0002:00010758       $unwind$_ultoa             0000000180061758     libucrt:xtoa.obj
 0002:00010760       $unwind$_i64toa_s          0000000180061760     libucrt:xtoa.obj
 0002:00010768       $unwind$_i64toa            0000000180061768     libucrt:xtoa.obj
 0002:00010770       $unwind$_ui64toa_s         0000000180061770     libucrt:xtoa.obj
 0002:00010778       $unwind$_ui64toa           0000000180061778     libucrt:xtoa.obj
 0002:00010780       $unwind$??$common_xtox_s@KD@@YAHKQEAD_KI_N@Z 0000000180061780     libucrt:xtoa.obj
 0002:00010788       $unwind$??$common_xtox@KD@@YAHKQEAD_KI_N@Z 0000000180061788     libucrt:xtoa.obj
 0002:000107a0       $unwind$??$common_xtox_s@_KD@@YAH_KQEAD0I_N@Z 00000001800617a0     libucrt:xtoa.obj
 0002:000107a8       $unwind$??$common_xtox@_KD@@YAH_KQEAD0I_N@Z 00000001800617a8     libucrt:xtoa.obj
 0002:000107c0       $unwind$??$common_xtox_s@K_W@@YAHKQEA_W_KI_N@Z 00000001800617c0     libucrt:xtoa.obj
 0002:000107c8       $unwind$??$common_xtox@K_W@@YAHKQEA_W_KI_N@Z 00000001800617c8     libucrt:xtoa.obj
 0002:000107e0       $unwind$??$common_xtox_s@_K_W@@YAH_KQEA_W0I_N@Z 00000001800617e0     libucrt:xtoa.obj
 0002:000107e8       $unwind$??$common_xtox@_K_W@@YAH_KQEA_W0I_N@Z 00000001800617e8     libucrt:xtoa.obj
 0002:00010800       $unwind$_wcsicmp           0000000180061800     libucrt:wcsicmp.obj
 0002:00010808       $unwind$_wcsicmp_l         0000000180061808     libucrt:wcsicmp.obj
 0002:00010820       $unwind$__acrt_CompareStringW 0000000180061820     libucrt:comparestringw.obj
 0002:00010838       $unwind$__acrt_CompareStringA 0000000180061838     libucrt:comparestringa.obj
 0002:00010848       $unwind$?InternalCompareStringA@@YAHPEAU__crt_locale_pointers@@PEB_WKPEBDH2HH@Z 0000000180061848     libucrt:comparestringa.obj
 0002:0001086c       $unwind$__dcrt_lowio_ensure_console_output_initialized 000000018006186c     libucrt:initcon.obj
 0002:00010874       $unwind$__dcrt_write_console 0000000180061874     libucrt:initcon.obj
 0002:00010888       $unwind$?__dcrt_lowio_initialize_console_output@@YAXXZ 0000000180061888     libucrt:initcon.obj
 0002:00010890       $unwind$__dcrt_terminate_console_output 0000000180061890     libucrt:initcon.obj
 0002:00010898       $unwind$??R<lambda_61c1b8a38cedca4df5fdc542e6ccae6d>@@QEBAHXZ 0000000180061898     libucrt:initcon.obj
 0002:000108a0       $unwind$??$console_output_reopen_and_retry@V<lambda_61c1b8a38cedca4df5fdc542e6ccae6d>@@@@YAHAEBV<lambda_61c1b8a38cedca4df5fdc542e6ccae6d>@@@Z 00000001800618a0     libucrt:initcon.obj
 0002:000108ac       $unwind$_set_error_mode    00000001800618ac     libucrt:set_error_mode.obj
 0002:000108b4       $unwind$__acrt_show_narrow_message_box 00000001800618b4     libucrt:crtmbox.obj
 0002:000108c8       $unwind$__acrt_show_wide_message_box 00000001800618c8     libucrt:crtmbox.obj
 0002:000108dc       $unwind$??$common_show_message_box@D@@YAHQEBD0I@Z 00000001800618dc     libucrt:crtmbox.obj
 0002:000108f0       $unwind$??$common_show_message_box@_W@@YAHQEB_W0I@Z 00000001800618f0     libucrt:crtmbox.obj
 0002:00010904       $unwind$__acrt_LCMapStringW 0000000180061904     libucrt:lcmapstringw.obj
 0002:00010918       $unwind$__acrt_fenv_set_control 0000000180061918     libucrt:_fenvutils.obj
 0002:00010928       $unwind$?to_machine_sse_control@@YA?AW4__acrt_fenv_machine_sse_control@@W4__acrt_fenv_abstract_control@@@Z 0000000180061928     libucrt:_fenvutils.obj
 0002:00010938       $unwind$_clearfp           0000000180061938     libucrt:ieee.obj
 0002:00010940       $unwind$_set_controlfp     0000000180061940     libucrt:ieee.obj
 0002:00010948       $unwind$common_control87   0000000180061948     libucrt:ieee.obj
 0002:00010974       $unwind$common_control87$filt$0 0000000180061974     libucrt:ieee.obj
 0002:0001097c       $unwind$_call_matherr      000000018006197c     libucrt:libm_error.obj
 0002:00010984       $unwind$_exception_enabled 0000000180061984     libucrt:libm_error.obj
 0002:00010994       $unwind$_handle_errorf     0000000180061994     libucrt:libm_error.obj
 0002:000109b4       $unwind$_handle_error      00000001800619b4     libucrt:libm_error.obj
 0002:000109d4       $unwind$__acrt_initialize_fma3 00000001800619d4     libucrt:fma3_available.obj
 0002:000109dc       $unwind$_logf_special_common 00000001800619dc     libucrt:log_special.obj
 0002:000109e8       $unwind$_logf_special      00000001800619e8     libucrt:log_special.obj
 0002:000109f0       $unwind$_log10f_special    00000001800619f0     libucrt:log_special.obj
 0002:000109f8       $unwind$_log_special_common 00000001800619f8     libucrt:log_special.obj
 0002:00010a04       $unwind$_log_special       0000000180061a04     libucrt:log_special.obj
 0002:00010a0c       $unwind$_log10_special     0000000180061a0c     libucrt:log_special.obj
 0002:00010a14       $unwind$__acrt_OutputDebugStringA 0000000180061a14     libucrt:outputdebugstringa.obj
 0002:00010a30       $xdatasym                  0000000180061a30     libucrt:fpsr.obj
 0002:00010a38       $unwind$_except1           0000000180061a38     libucrt:fpexcept.obj
 0002:00010a58       $unwind$_except2           0000000180061a58     libucrt:fpexcept.obj
 0002:00010a7c       $unwind$_set_errno_from_matherr 0000000180061a7c     libucrt:fpexcept.obj
 0002:00010a84       $unwind$_handle_exc        0000000180061a84     libucrt:fpexcept.obj
 0002:00010aa0       $unwind$_raise_excf        0000000180061aa0     libucrt:fpexcept.obj
 0002:00010aa8       $unwind$_raise_exc         0000000180061aa8     libucrt:fpexcept.obj
 0002:00010ab0       $unwind$_umatherr          0000000180061ab0     libucrt:fpexcept.obj
 0002:00010ab8       $unwind$_raise_exc_ex      0000000180061ab8     libucrt:fpexcept.obj
 0002:00010acc       $unwind$_clrfp             0000000180061acc     libucrt:fpctrl.obj
 0002:00010ad4       $unwind$_ctrlfp            0000000180061ad4     libucrt:fpctrl.obj
 0002:00010afc       $unwind$_ctrlfp$filt$0     0000000180061afc     libucrt:fpctrl.obj
 0002:00010b04       $unwind$_statfp            0000000180061b04     libucrt:fpctrl.obj
 0002:00010b0c       $unwind$_set_statfp        0000000180061b0c     libucrt:fpctrl.obj
 0002:00010b14       $unwind$mbstowcs_s         0000000180061b14     libucrt:mbstowcs.obj
 0002:00010b1c       $unwind$_mbstowcs_s_l      0000000180061b1c     libucrt:mbstowcs.obj
 0002:00010b34       $unwind$?_mbstowcs_l_helper@@YA_KPEA_WPEBD_KPEAU__crt_locale_pointers@@@Z 0000000180061b34     libucrt:mbstowcs.obj
 0002:00010b4c       $unwind$_IsNonwritableInCurrentImage 0000000180061b4c     LIBCMT:pesect.obj
 0002:00010b70       $unwind$_IsNonwritableInCurrentImage$filt$0 0000000180061b70     LIBCMT:pesect.obj
 0002:00010b78       $unwind$??_Gtype_info@@UEAAPEAXI@Z 0000000180061b78     LIBCMT:std_type_info_static.obj
 0002:00010b80       $unwind$__GSHandlerCheckCommon 0000000180061b80     LIBCMT:gshandler.obj
 0002:00010b88       $unwind$__GSHandlerCheck   0000000180061b88     LIBCMT:gshandler.obj
 0002:00010b90       $xdatasym                  0000000180061b90     LIBCMT:amdsecgs.obj
 0002:00010b94       $unwind$__GSHandlerCheck_SEH 0000000180061b94     LIBCMT:gshandlerseh.obj
 0002:00010bac       $unwind$__report_securityfailure 0000000180061bac     LIBCMT:gs_report.obj
 0002:00010bb4       $unwind$__report_securityfailureEx 0000000180061bb4     LIBCMT:gs_report.obj
 0002:00010bbc       $unwind$__report_rangecheckfailure 0000000180061bbc     LIBCMT:gs_report.obj
 0002:00010bc4       $unwind$__report_gsfailure 0000000180061bc4     LIBCMT:gs_report.obj
 0002:00010bcc       $unwind$capture_current_context 0000000180061bcc     LIBCMT:gs_report.obj
 0002:00010bd8       $unwind$capture_previous_context 0000000180061bd8     LIBCMT:gs_report.obj
 0002:00010be4       $unwind$__raise_securityfailure 0000000180061be4     LIBCMT:gs_report.obj
 0002:00010bf0       $xdatasym                  0000000180061bf0     LIBCMT:chkstk.obj
 0002:00010bf8       $unwind$_local_unwind      0000000180061bf8     libvcruntime:jmpuwind.obj
 0002:00010c00       $xdatasym                  0000000180061c00     libvcruntime:memcmp.obj
 0002:00010c90       .edata                     0000000180061c90     game.exp
 0002:00010cb8       rgpv                       0000000180061cb8     game.exp
 0002:00010cc4       rgszName                   0000000180061cc4     game.exp
 0002:00010cd0       rgwOrd                     0000000180061cd0     game.exp
 0002:00010cd6       szName                     0000000180061cd6     game.exp
 0002:00010cdf       $N00001                    0000000180061cdf     game.exp
 0002:00010ce8       $N00002                    0000000180061ce8     game.exp
 0002:00010cf3       $N00003                    0000000180061cf3     game.exp
 0002:00011128       .idata$6                   0000000180062128     kernel32:KERNEL32.dll
 0003:00000030       ?prefix@?1??getDimension@UnDecorator@@CA?AVDName@@_N@Z@4UStringLiteral@@A 0000000180063030     libvcruntime:undname.obj
 0003:00000040       ?__vcrt_flsindex@@3KA      0000000180063040     libvcruntime:per_thread_data.obj
 0003:00000160       ?errno_no_memory@@3HA      0000000180063160     libucrt:errno.obj
 0003:00000164       ?doserrno_no_memory@@3KA   0000000180063164     libucrt:errno.obj
 0003:000001b8       ?__acrt_flsindex@@3KA      00000001800631b8     libucrt:per_thread_data.obj
 0003:000001c0       _ctype_loc_style           00000001800631c0     libucrt:wsetlocale.obj
 0003:00000570       _mbctypes                  0000000180063570     libucrt:mbctype.obj
 0003:00000680       _mbcasemaps                0000000180063680     libucrt:mbctype.obj
 0003:00000780       ?__rgctypeflag@@3PADA      0000000180063780     libucrt:mbctype.obj
 0003:00000790       ?__rgcode_page_info@@3PAUcode_page_info@@A 0000000180063790     libucrt:mbctype.obj
 0003:00000a50       ?__dcrt_lowio_console_output_handle@@3PEAXEA 0000000180063a50     libucrt:initcon.obj
 0003:00000a58       ?dazSupported@?1??common_control87@@9@9 0000000180063a58     libucrt:ieee.obj
 0003:00000a60       ?dazSupported@?1??_ctrlfp@@9@9 0000000180063a60     libucrt:fpctrl.obj
 0003:00000bf8       ?globalGameGameState@@3PEAUgame_state@@EA 0000000180063bf8     game.obj
 0003:00000c00       ?theGreatThreeOfRendering@@3PEAUrender_group@@EA 0000000180063c00     game.obj
 0003:00000c08       ?__proc_attached@@3HA      0000000180063c08     LIBCMT:dll_dllmain.obj
 0003:00000c38       ?is_initialized_as_dll@@3_NA 0000000180063c38     LIBCMT:utility.obj
 0003:00000c39       ?module_local_atexit_table_initialized@@3_NA 0000000180063c39     LIBCMT:utility.obj
 0003:00000c40       ?module_local_atexit_table@@3U_onexit_table_t@@A 0000000180063c40     LIBCMT:utility.obj
 0003:00000c58       ?module_local_at_quick_exit_table@@3U_onexit_table_t@@A 0000000180063c58     LIBCMT:utility.obj
 0003:00000cd0       ?heap@@3V_HeapManager@@A   0000000180063cd0     libvcruntime:undname.obj
 0003:00000d00       ?__vcrt_startup_thread_ptd@@3U__vcrt_ptd@@A 0000000180063d00     libvcruntime:per_thread_data.obj
 0003:00000d80       __vcrt_lock_table          0000000180063d80     libvcruntime:locks.obj
 0003:00000da8       __vcrt_locks_initialized   0000000180063da8     libvcruntime:locks.obj
 0003:00000db0       ?module_handles@@3PAPEAUHINSTANCE__@@A 0000000180063db0     libvcruntime:winapi_downlevel.obj
 0003:00000dc8       ?function_pointers@@3PAPEAXA 0000000180063dc8     libvcruntime:winapi_downlevel.obj
 0003:00000e0c       ?c_termination_complete@@3JA 0000000180063e0c     libucrt:exit.obj
 0003:00000e10       ?thread_local_exit_callback_func@@3P6AXPEAXK0@ZEA 0000000180063e10     libucrt:exit.obj
 0003:00000e20       ?program_name@?1???$common_configure_argv@D@@YAHW4_crt_argv_mode@@@Z@4PADA 0000000180063e20     libucrt:argv_parsing.obj
 0003:00000f30       ?program_name@?1???$common_configure_argv@_W@@YAHW4_crt_argv_mode@@@Z@4PA_WA 0000000180063f30     libucrt:argv_parsing.obj
 0003:00001190       ?__acrt_invalid_parameter_handler@@3V?$dual_state_global@P6AXPEB_W00I_K@Z@__crt_state_management@@A 0000000180064190     libucrt:invalid_parameter.obj
 0003:000011a0       ?module_handles@@3PAPEAUHINSTANCE__@@A 00000001800641a0     libucrt:winapi_thunks.obj
 0003:00001240       ?encoded_function_pointers@@3PAPEAXA 0000000180064240     libucrt:winapi_thunks.obj
 0003:00001350       ?static_enum_proc@?1??enum_system_locales_ex_nolock@@YAHQ6AHPEA_WK_J@Z@Z@4P6AH0K1@ZEA 0000000180064350     libucrt:winapi_thunks.obj
 0003:00001768       ?internal_state@?1??_mbtowc_l@@9@4U_Mbstatet@@A 0000000180064768     libucrt:mbtowc.obj
 0003:00001770       ?enable_percent_n@@3_KA    0000000180064770     libucrt:printf_count_output.obj
 0003:000017a0       ?__acrt_lock_table@@3PAU_RTL_CRITICAL_SECTION@@A 00000001800647a0     libucrt:locks.obj
 0003:000019d0       ?__acrt_locks_initialized@@3IA 00000001800649d0     libucrt:locks.obj
 0003:000019d4       ?state_cache@?1???$get_cached_win_policy@Ubegin_thread_init_policy_properties@?1??__acrt_get_begin_thread_init_policy@@YA?AW4begin_thread_init_policy@@XZ@@@YA?AW4begin_thread_init_policy@@W4AppPolicyThreadInitializationType@@@Z@4JA 00000001800649d4     libucrt:win_policies.obj
 0003:000019d8       ?state_cache@?1???$get_cached_win_policy@Udeveloper_information_policy_properties@?1??__acrt_get_developer_information_policy@@YA?AW4developer_information_policy@@XZ@@@YA?AW4developer_information_policy@@W4AppPolicyShowDeveloperDiagnostic@@@Z@4JA 00000001800649d8     libucrt:win_policies.obj
 0003:000019dc       ?state_cache@?1???$get_cached_win_policy@Uwindowing_model_policy_properties@?1??__acrt_get_windowing_model_policy@@YA?AW4windowing_model_policy@@XZ@@@YA?AW4windowing_model_policy@@W4AppPolicyWindowingModel@@@Z@4JA 00000001800649dc     libucrt:win_policies.obj
 0003:000019f8       ?fSystemSet@@3HA           00000001800649f8     libucrt:mbctype.obj
 0003:000019fc       ?initialized@?1??__acrt_initialize_multibyte@@9@4_NA 00000001800649fc     libucrt:mbctype.obj
 0003:00001a40       ?__acrt_new_handler@@3V?$dual_state_global@P6AH_K@Z@__crt_state_management@@A 0000000180064a40     libucrt:new_handler.obj
 0003:00001a48       ?console_ctrl_handler_installed@@3_NA 0000000180064a48     libucrt:signal.obj
 0003:00001a50       ?ctrlc_action@@3V?$dual_state_global@P6AXH@Z@__crt_state_management@@A 0000000180064a50     libucrt:signal.obj
 0003:00001a58       ?ctrlbreak_action@@3V?$dual_state_global@P6AXH@Z@__crt_state_management@@A 0000000180064a58     libucrt:signal.obj
 0003:00001a60       ?abort_action@@3V?$dual_state_global@P6AXH@Z@__crt_state_management@@A 0000000180064a60     libucrt:signal.obj
 0003:00001a68       ?term_action@@3V?$dual_state_global@P6AXH@Z@__crt_state_management@@A 0000000180064a68     libucrt:signal.obj
 0003:00001a70       ?user_matherr@@3V?$dual_state_global@P6AHPEAU_exception@@@Z@__crt_state_management@@A 0000000180064a70     libucrt:matherr.obj
 0003:00001a78       ?__acrt_global_new_mode@@3V?$dual_state_global@J@__crt_state_management@@A 0000000180064a78     libucrt:new_mode.obj
 0003:00001a80       ?mbst@?1??mbrlen@@9@4U_Mbstatet@@A 0000000180064a80     libucrt:mbrtowc.obj
 0003:00001a88       ?mbst@?1??mbrtowc@@9@4U_Mbstatet@@A 0000000180064a88     libucrt:mbrtowc.obj
 0003:00001a90       ?mbst@?1??_mbsrtowcs_helper@@YA_KPEA_WPEAPEBD_KPEAU_Mbstatet@@@Z@4U2@A 0000000180064a90     libucrt:mbrtowc.obj
 0003:00001aa0       ?__acrt_app_type@@3W4_crt_app_type@@A 0000000180064aa0     libucrt:report_runtime_error.obj
 0003:00001ab0       ?outmsg@?9??__acrt_report_runtime_error@@9@4PA_WA 0000000180064ab0     libucrt:report_runtime_error.obj
 0003:000020e0       ?internal_pst@?1??__mbrtoc32_utf8@__crt_mbstring@@YA_KPEA_UPEBD_KPEAU_Mbstatet@@@Z@4U3@A 00000001800650e0     libucrt:mbrtoc32.obj
 0003:000020e8       __acrt_error_mode          00000001800650e8     libucrt:set_error_mode.obj
 0003:00002100       GS_ExceptionRecord         0000000180065100     LIBCMT:gs_report.obj
 0003:000021a0       GS_ContextRecord           00000001800651a0     LIBCMT:gs_report.obj
 0005:00000000       MsetTab                    000000018006b000     libvcruntime:memset.obj
 0005:00000050       MoveSmall                  000000018006b050     libvcruntime:memcpy.obj
