 win32_platform

 Timestamp is 5fd91b07 (Tue Dec 15 12:22:31 2020)

 Preferred load address is 0000000140000000

 Start         Length     Name                   Class
 0001:00000000 00051c60H .text$mn                CODE
 0001:00051c60 00000040H .text$mn$00             CODE
 0001:00051ca0 000009c0H .text$x                 CODE
 0002:00000000 000003c0H .idata$5                DATA
 0002:000003c0 00000028H .00cfg                  DATA
 0002:000003e8 00000008H .CRT$XCA                DATA
 0002:000003f0 00000008H .CRT$XCAA               DATA
 0002:000003f8 00000008H .CRT$XCZ                DATA
 0002:00000400 00000008H .CRT$XIA                DATA
 0002:00000408 00000008H .CRT$XIAA               DATA
 0002:00000410 00000008H .CRT$XIAC               DATA
 0002:00000418 00000018H .CRT$XIC                DATA
 0002:00000430 00000008H .CRT$XIZ                DATA
 0002:00000438 00000008H .CRT$XPA                DATA
 0002:00000440 00000010H .CRT$XPX                DATA
 0002:00000450 00000008H .CRT$XPXA               DATA
 0002:00000458 00000008H .CRT$XPZ                DATA
 0002:00000460 00000008H .CRT$XTA                DATA
 0002:00000468 00000008H .CRT$XTZ                DATA
 0002:00000470 00000000H .gehcont$y              DATA
 0002:00000470 00000000H .gfids$y                DATA
 0002:00000470 0000b210H .rdata                  DATA
 0002:0000b680 00000008H .rdata$CastGuardVftablesA DATA
 0002:0000b688 00000008H .rdata$CastGuardVftablesC DATA
 0002:0000b690 00000464H .rdata$r                DATA
 0002:0000baf4 0000037cH .rdata$zzzdbg           DATA
 0002:0000be70 00000008H .rtc$IAA                DATA
 0002:0000be78 00000008H .rtc$IZZ                DATA
 0002:0000be80 00000008H .rtc$TAA                DATA
 0002:0000be88 00000008H .rtc$TZZ                DATA
 0002:0000be90 00005658H .xdata                  DATA
 0002:000114e8 00000084H .xdata$x                DATA
 0002:0001156c 00000000H .edata                  DATA
 0002:0001156c 00000050H .idata$2                DATA
 0002:000115bc 00000014H .idata$3                DATA
 0002:000115d0 000003c0H .idata$4                DATA
 0002:00011990 0000088aH .idata$6                DATA
 0003:00000000 00000a70H .data                   DATA
 0003:00000a70 00000078H .data$r                 DATA
 0003:00000ae8 000000f8H .data$rs                DATA
 0003:00000be0 00001be0H .bss                    DATA
 0004:00000000 000048ccH .pdata                  DATA
 0005:00000000 00000094H _RDATA                  DATA

  Address         Publics by Value              Rva+Base               Lib:Object

 0000:00000000       __guard_check_icall_a64n_fptr 0000000000000000     <absolute>
 0000:00000000       __dynamic_value_reloc_table 0000000000000000     <absolute>
 0000:00000000       __guard_longjmp_table      0000000000000000     <absolute>
 0000:00000000       __x64_code_ranges_to_entry_points_count 0000000000000000     <absolute>
 0000:00000000       __enclave_config           0000000000000000     <absolute>
 0000:00000000       __arm64x_native_entrypoint 0000000000000000     <absolute>
 0000:00000000       __hybrid_code_map_count    0000000000000000     <absolute>
 0000:00000000       __guard_fids_count         0000000000000000     <absolute>
 0000:00000000       __hybrid_code_map          0000000000000000     <absolute>
 0000:00000000       __volatile_metadata        0000000000000000     <absolute>
 0000:00000000       __guard_iat_count          0000000000000000     <absolute>
 0000:00000000       __hybrid_auxiliary_iat_copy 0000000000000000     <absolute>
 0000:00000000       __guard_iat_table          0000000000000000     <absolute>
 0000:00000000       __AbsoluteZero             0000000000000000     <absolute>
 0000:00000000       __hybrid_auxiliary_iat     0000000000000000     <absolute>
 0000:00000000       __guard_fids_table         0000000000000000     <absolute>
 0000:00000000       ___safe_se_handler_count   0000000000000000     <absolute>
 0000:00000000       __arm64x_extra_rfe_table_size 0000000000000000     <absolute>
 0000:00000000       __guard_eh_cont_count      0000000000000000     <absolute>
 0000:00000000       __arm64x_redirection_metadata 0000000000000000     <absolute>
 0000:00000000       __guard_longjmp_count      0000000000000000     <absolute>
 0000:00000000       __x64_code_ranges_to_entry_points 0000000000000000     <absolute>
 0000:00000000       __guard_eh_cont_table      0000000000000000     <absolute>
 0000:00000000       ___safe_se_handler_table   0000000000000000     <absolute>
 0000:00000000       __arm64x_redirection_metadata_count 0000000000000000     <absolute>
 0000:00000000       __arm64x_extra_rfe_table   0000000000000000     <absolute>
 0000:00000100       __guard_flags              0000000000000100     <absolute>
 0000:00000000       __ImageBase                0000000140000000     <linker-defined>
 0001:00000000       WinMain                    0000000140001000 f   win32_platform.obj
 0001:00000790       ??0memory_arena@@QEAA@PEAXI@Z 0000000140001790 f   win32_platform.obj
 0001:000007e0       ??0memory_arena@@QEAA@AEAU0@I@Z 00000001400017e0 f   win32_platform.obj
 0001:00000850       ?ArenaAlloc@memory_arena@@QEAAPEAXI@Z 0000000140001850 f   win32_platform.obj
 0001:00000940       ?ClearArenaToZero@memory_arena@@QEAAXXZ 0000000140001940 f   win32_platform.obj
 0001:00000990       ??0temp_memory@@QEAA@AEAUmemory_arena@@I@Z 0000000140001990 f   win32_platform.obj
 0001:00000a40       ??1temp_memory@@QEAA@XZ    0000000140001a40 f   win32_platform.obj
 0001:00000ab0       ?TempAlloc@temp_memory@@QEAAPEAXI@Z 0000000140001ab0 f   win32_platform.obj
 0001:00000d40       ??0d3d_group@@QEAA@PEAUHWND__@@@Z 0000000140001d40 f   win32_platform.obj
 0001:00001680       ??1d3d_group@@QEAA@XZ      0000000140002680 f   win32_platform.obj
 0001:00001760       ?Clear@d3d_group@@QEAAXTv3@@@Z 0000000140002760 f   win32_platform.obj
 0001:00001820       ?UpdateWindow@d3d_group@@QEAAXXZ 0000000140002820 f   win32_platform.obj
 0001:00001860       ?Game_EndStub@@YAXAEAUgame_state@@AEAUmemory_arena@@@Z 0000000140002860 f   win32_platform.obj
 0001:00001880       ?Game_StartStub@@YAXAEAUgame_state@@AEAUmemory_arena@@@Z 0000000140002880 f   win32_platform.obj
 0001:000018a0       ?Game_UpdateAndRenderStub@@YAXAEAUgame_state@@AEAUmemory_arena@@@Z 00000001400028a0 f   win32_platform.obj
 0001:00003800       ?GetTime_MS@@YAMXZ         0000000140004800 f i win32_platform.obj
 0001:00003850       ?OSEvent@@YA?AUos_event@@W4os_event_type@@@Z 0000000140004850 f i win32_platform.obj
 0001:000038c0       ?Win32_BeginFrame@@YAXPEAUtimer_info@@@Z 00000001400048c0 f i win32_platform.obj
 0001:000038d0       ?Win32_EndFrame@@YAXPEAUtimer_info@@M@Z 00000001400048d0 f i win32_platform.obj
 0001:00003950       ?v3_color@@YA?ATv3@@EEE@Z  0000000140004950 f i win32_platform.obj
 0001:000039c0       __local_stdio_printf_options 00000001400049c0 f i win32_platform.obj
 0001:000039d0       _vfprintf_l                00000001400049d0 f i win32_platform.obj
 0001:00003a20       fprintf                    0000000140004a20 f i win32_platform.obj
 0001:00003a70       vsnprintf                  0000000140004a70 f i win32_platform.obj
 0001:00003ae4       D3D11CreateDeviceAndSwapChain 0000000140004ae4 f   d3d11:d3d11.dll
 0001:00003aea       D3DCompileFromFile         0000000140004aea f   d3dcompiler:D3DCOMPILER_47.dll
 0001:00003af0       TranslateMessage           0000000140004af0 f   user32:USER32.dll
 0001:00003af6       DispatchMessageA           0000000140004af6 f   user32:USER32.dll
 0001:00003afc       PeekMessageA               0000000140004afc f   user32:USER32.dll
 0001:00003b02       DefWindowProcA             0000000140004b02 f   user32:USER32.dll
 0001:00003b08       RegisterClassA             0000000140004b08 f   user32:USER32.dll
 0001:00003b0e       CreateWindowExA            0000000140004b0e f   user32:USER32.dll
 0001:00003b14       DestroyWindow              0000000140004b14 f   user32:USER32.dll
 0001:00003b1a       SetWindowPos               0000000140004b1a f   user32:USER32.dll
 0001:00003b20       GetWindowPlacement         0000000140004b20 f   user32:USER32.dll
 0001:00003b26       SetWindowPlacement         0000000140004b26 f   user32:USER32.dll
 0001:00003b2c       GetDC                      0000000140004b2c f   user32:USER32.dll
 0001:00003b32       ReleaseDC                  0000000140004b32 f   user32:USER32.dll
 0001:00003b38       BeginPaint                 0000000140004b38 f   user32:USER32.dll
 0001:00003b3e       EndPaint                   0000000140004b3e f   user32:USER32.dll
 0001:00003b44       GetClientRect              0000000140004b44 f   user32:USER32.dll
 0001:00003b4a       AdjustWindowRect           0000000140004b4a f   user32:USER32.dll
 0001:00003b50       GetWindowLongA             0000000140004b50 f   user32:USER32.dll
 0001:00003b56       SetWindowLongA             0000000140004b56 f   user32:USER32.dll
 0001:00003b5c       LoadCursorA                0000000140004b5c f   user32:USER32.dll
 0001:00003b62       MonitorFromWindow          0000000140004b62 f   user32:USER32.dll
 0001:00003b68       GetMonitorInfoA            0000000140004b68 f   user32:USER32.dll
 0001:00003b70       __GSHandlerCheck           0000000140004b70 f   LIBCMT:gshandler.obj
 0001:00003b90       __GSHandlerCheckCommon     0000000140004b90 f   LIBCMT:gshandler.obj
 0001:00003c00       __security_check_cookie    0000000140004c00 f   LIBCMT:amdsecgs.obj
 0001:00003e90       ?configure_argv@__scrt_narrow_argv_policy@@SAHXZ 0000000140004e90 f i LIBCMT:exe_winmain.obj
 0001:00003ea4       ?initialize_environment@__scrt_narrow_environment_policy@@SAHXZ 0000000140004ea4 f i LIBCMT:exe_winmain.obj
 0001:00003ed8       ?set_app_type@__scrt_winmain_policy@@SAXXZ 0000000140004ed8 f i LIBCMT:exe_winmain.obj
 0001:00003ee4       ?set_commode@__scrt_file_policy@@SAXXZ 0000000140004ee4 f i LIBCMT:exe_winmain.obj
 0001:00003f00       ?set_fmode@__scrt_file_policy@@SAXXZ 0000000140004f00 f i LIBCMT:exe_winmain.obj
 0001:00003f14       WinMainCRTStartup          0000000140004f14 f   LIBCMT:exe_winmain.obj
 0001:00003f28       __raise_securityfailure    0000000140004f28 f   LIBCMT:gs_report.obj
 0001:00003f5c       __report_gsfailure         0000000140004f5c f   LIBCMT:gs_report.obj
 0001:00004030       __report_rangecheckfailure 0000000140005030 f   LIBCMT:gs_report.obj
 0001:00004044       __report_securityfailure   0000000140005044 f   LIBCMT:gs_report.obj
 0001:000040e0       __report_securityfailureEx 00000001400050e0 f   LIBCMT:gs_report.obj
 0001:00004350       NtCurrentTeb               0000000140005350 f i LIBCMT:utility.obj
 0001:0000435c       __scrt_acquire_startup_lock 000000014000535c f   LIBCMT:utility.obj
 0001:00004398       __scrt_dllmain_after_initialize_c 0000000140005398 f   LIBCMT:utility.obj
 0001:000043cc       __scrt_dllmain_before_initialize_c 00000001400053cc f   LIBCMT:utility.obj
 0001:000043e4       __scrt_dllmain_crt_thread_attach 00000001400053e4 f   LIBCMT:utility.obj
 0001:0000440c       __scrt_dllmain_crt_thread_detach 000000014000540c f   LIBCMT:utility.obj
 0001:00004424       __scrt_dllmain_exception_filter 0000000140005424 f   LIBCMT:utility.obj
 0001:00004484       __scrt_dllmain_uninitialize_c 0000000140005484 f   LIBCMT:utility.obj
 0001:000044b4       __scrt_dllmain_uninitialize_critical 00000001400054b4 f   LIBCMT:utility.obj
 0001:000044c8       __scrt_initialize_crt      00000001400054c8 f   LIBCMT:utility.obj
 0001:00004514       __scrt_initialize_onexit_tables 0000000140005514 f   LIBCMT:utility.obj
 0001:000045a0       __scrt_is_nonwritable_in_current_image 00000001400055a0 f   LIBCMT:utility.obj
 0001:00004638       __scrt_release_startup_lock 0000000140005638 f   LIBCMT:utility.obj
 0001:0000465c       __scrt_uninitialize_crt    000000014000565c f   LIBCMT:utility.obj
 0001:00004688       _onexit                    0000000140005688 f   LIBCMT:utility.obj
 0001:000046c4       at_quick_exit              00000001400056c4 f   LIBCMT:utility.obj
 0001:000046e4       atexit                     00000001400056e4 f   LIBCMT:utility.obj
 0001:00004768       __security_init_cookie     0000000140005768 f   LIBCMT:gs_support.obj
 0001:00004814       _matherr                   0000000140005814 f   LIBCMT:matherr.obj
 0001:00004818       _get_startup_argv_mode     0000000140005818 f   LIBCMT:argv_mode.obj
 0001:00004820       _get_startup_commit_mode   0000000140005820 f   LIBCMT:commit_mode.obj
 0001:00004824       _get_startup_file_mode     0000000140005824 f   LIBCMT:file_mode.obj
 0001:0000482c       _get_startup_new_mode      000000014000582c f   LIBCMT:new_mode.obj
 0001:00004830       _get_startup_thread_locale_mode 0000000140005830 f   LIBCMT:thread_locale.obj
 0001:00004834       ?__scrt_initialize_type_info@@YAXXZ 0000000140005834 f   LIBCMT:tncleanup.obj
 0001:00004844       ?__scrt_uninitialize_type_info@@YAXXZ 0000000140005844 f   LIBCMT:tncleanup.obj
 0001:00004850       _should_initialize_environment 0000000140005850 f   LIBCMT:env_mode.obj
 0001:00004854       _initialize_invalid_parameter_handler 0000000140005854 f   LIBCMT:invalid_parameter_handler.obj
 0001:00004858       _initialize_denormal_control 0000000140005858 f   LIBCMT:denormal_control.obj
 0001:0000485c       __local_stdio_scanf_options 000000014000585c f i LIBCMT:default_local_stdio_options.obj
 0001:00004864       __scrt_initialize_default_local_stdio_options 0000000140005864 f   LIBCMT:default_local_stdio_options.obj
 0001:00004880       __scrt_is_user_matherr_present 0000000140005880 f   LIBCMT:matherr_detection.obj
 0001:0000488c       __scrt_get_dyn_tls_init_callback 000000014000588c f   LIBCMT:dyn_tls_init.obj
 0001:00004894       __scrt_get_dyn_tls_dtor_callback 0000000140005894 f   LIBCMT:dyn_tls_dtor.obj
 0001:0000489c       __crt_debugger_hook        000000014000589c f   LIBCMT:utility_desktop.obj
 0001:000048a4       __scrt_fastfail            00000001400058a4 f   LIBCMT:utility_desktop.obj
 0001:000049f0       __scrt_get_show_window_mode 00000001400059f0 f   LIBCMT:utility_desktop.obj
 0001:00004a2c       __scrt_initialize_mta      0000000140005a2c f   LIBCMT:utility_desktop.obj
 0001:00004a34       __scrt_initialize_winrt    0000000140005a34 f   LIBCMT:utility_desktop.obj
 0001:00004a38       __scrt_is_managed_app      0000000140005a38 f   LIBCMT:utility_desktop.obj
 0001:00004a8c       __scrt_set_unhandled_exception_filter 0000000140005a8c f   LIBCMT:utility_desktop.obj
 0001:00004a9c       __scrt_stub_for_initialize_mta 0000000140005a9c f   LIBCMT:utility_desktop.obj
 0001:00004a9c       __scrt_exe_initialize_mta  0000000140005a9c f   LIBCMT:utility_desktop.obj
 0001:00004aa0       __scrt_unhandled_exception_filter 0000000140005aa0 f   LIBCMT:utility_desktop.obj
 0001:00004afc       _RTC_Initialize            0000000140005afc f   LIBCMT:initsect.obj
 0001:00004b38       _RTC_Terminate             0000000140005b38 f   LIBCMT:initsect.obj
 0001:00004b74       _guard_check_icall_nop     0000000140005b74 f i LIBCMT:guard_support.obj
 0001:00004b78       ReadNoFence64              0000000140005b78 f i LIBCMT:guard_support.obj
 0001:00004b7c       ReadPointerNoFence         0000000140005b7c f i LIBCMT:guard_support.obj
 0001:00004b80       __castguard_check_failure_debugbreak 0000000140005b80 f i LIBCMT:guard_support.obj
 0001:00004b9c       __castguard_check_failure_fastfail 0000000140005b9c f i LIBCMT:guard_support.obj
 0001:00004bc0       __castguard_check_failure_nop 0000000140005bc0 f i LIBCMT:guard_support.obj
 0001:00004bc4       __castguard_check_failure_os_handled 0000000140005bc4 f i LIBCMT:guard_support.obj
 0001:00004c24       __castguard_slow_path_check_debugbreak 0000000140005c24 f i LIBCMT:guard_support.obj
 0001:00004c58       __castguard_slow_path_check_fastfail 0000000140005c58 f i LIBCMT:guard_support.obj
 0001:00004c94       __castguard_slow_path_check_nop 0000000140005c94 f i LIBCMT:guard_support.obj
 0001:00004c98       __castguard_slow_path_check_os_handled 0000000140005c98 f i LIBCMT:guard_support.obj
 0001:00004d0c       _guard_icall_checks_enforced 0000000140005d0c f i LIBCMT:guard_support.obj
 0001:00004d24       _guard_rf_checks_enforced  0000000140005d24 f i LIBCMT:guard_support.obj
 0001:00004d28       __isa_available_init       0000000140005d28 f   LIBCMT:cpu_disp.obj
 0001:00004ecc       __scrt_is_ucrt_dll_in_use  0000000140005ecc f   LIBCMT:ucrt_detection.obj
 0001:00004ee0       CompareFileTime            0000000140005ee0 f   kernel32:KERNEL32.dll
 0001:00004ee6       CreateFileA                0000000140005ee6 f   kernel32:KERNEL32.dll
 0001:00004eec       GetFileTime                0000000140005eec f   kernel32:KERNEL32.dll
 0001:00004ef2       CloseHandle                0000000140005ef2 f   kernel32:KERNEL32.dll
 0001:00004ef8       QueryPerformanceCounter    0000000140005ef8 f   kernel32:KERNEL32.dll
 0001:00004efe       QueryPerformanceFrequency  0000000140005efe f   kernel32:KERNEL32.dll
 0001:00004f04       Sleep                      0000000140005f04 f   kernel32:KERNEL32.dll
 0001:00004f0a       VirtualAlloc               0000000140005f0a f   kernel32:KERNEL32.dll
 0001:00004f10       VirtualFree                0000000140005f10 f   kernel32:KERNEL32.dll
 0001:00004f16       FreeLibrary                0000000140005f16 f   kernel32:KERNEL32.dll
 0001:00004f1c       GetProcAddress             0000000140005f1c f   kernel32:KERNEL32.dll
 0001:00004f22       LoadLibraryA               0000000140005f22 f   kernel32:KERNEL32.dll
 0001:00004f28       CopyFileA                  0000000140005f28 f   kernel32:KERNEL32.dll
 0001:00004f2e       RtlCaptureContext          0000000140005f2e f   kernel32:KERNEL32.dll
 0001:00004f34       RtlLookupFunctionEntry     0000000140005f34 f   kernel32:KERNEL32.dll
 0001:00004f3a       RtlVirtualUnwind           0000000140005f3a f   kernel32:KERNEL32.dll
 0001:00004f40       UnhandledExceptionFilter   0000000140005f40 f   kernel32:KERNEL32.dll
 0001:00004f46       SetUnhandledExceptionFilter 0000000140005f46 f   kernel32:KERNEL32.dll
 0001:00004f4c       GetCurrentProcess          0000000140005f4c f   kernel32:KERNEL32.dll
 0001:00004f52       TerminateProcess           0000000140005f52 f   kernel32:KERNEL32.dll
 0001:00004f58       IsProcessorFeaturePresent  0000000140005f58 f   kernel32:KERNEL32.dll
 0001:00004f5e       GetCurrentProcessId        0000000140005f5e f   kernel32:KERNEL32.dll
 0001:00004f64       GetCurrentThreadId         0000000140005f64 f   kernel32:KERNEL32.dll
 0001:00004f6a       GetSystemTimeAsFileTime    0000000140005f6a f   kernel32:KERNEL32.dll
 0001:00004f70       InitializeSListHead        0000000140005f70 f   kernel32:KERNEL32.dll
 0001:00004f76       IsDebuggerPresent          0000000140005f76 f   kernel32:KERNEL32.dll
 0001:00004f7c       GetStartupInfoW            0000000140005f7c f   kernel32:KERNEL32.dll
 0001:00004f82       GetModuleHandleW           0000000140005f82 f   kernel32:KERNEL32.dll
 0001:00004fa0       memset_repmovs             0000000140005fa0 f   libvcruntime:memset.obj
 0001:00004fc0       memset                     0000000140005fc0 f   libvcruntime:memset.obj
 0001:00005150       __C_specific_handler       0000000140006150 f   libvcruntime:riscchandler.obj
 0001:0000535c       __vcrt_initialize          000000014000635c f   libvcruntime:initialization.obj
 0001:00005384       __vcrt_thread_attach       0000000140006384 f   libvcruntime:initialization.obj
 0001:00005398       __vcrt_thread_detach       0000000140006398 f   libvcruntime:initialization.obj
 0001:000053ac       __vcrt_uninitialize        00000001400063ac f   libvcruntime:initialization.obj
 0001:000053c8       __vcrt_uninitialize_critical 00000001400063c8 f   libvcruntime:initialization.obj
 0001:000053ec       ??$?RD@__crt_internal_free_policy@@QEBAXQEBD@Z 00000001400063ec f i libvcruntime:std_type_info.obj
 0001:000053f4       ??$?RX@__crt_internal_free_policy@@QEBAXQEBX@Z 00000001400063f4 f i libvcruntime:std_type_info.obj
 0001:000053fc       ??$__crt_interlocked_compare_exchange_pointer@$$CBDPEAD$$T@@YAPEBDPEDSEBDQEAD$$T@Z 00000001400063fc f i libvcruntime:std_type_info.obj
 0001:00005408       ??$__crt_interlocked_read_pointer@$$CBD@@YAPEBDPEDSEBD@Z 0000000140006408 f i libvcruntime:std_type_info.obj
 0001:0000540c       ??0?$__crt_unique_heap_ptr@DU__crt_internal_free_policy@@@@QEAA@QEAD@Z 000000014000640c f i libvcruntime:std_type_info.obj
 0001:00005414       ??0?$__crt_unique_heap_ptr@XU__crt_internal_free_policy@@@@QEAA@QEAX@Z 0000000140006414 f i libvcruntime:std_type_info.obj
 0001:0000541c       ??1?$__crt_unique_heap_ptr@DU__crt_internal_free_policy@@@@QEAA@XZ 000000014000641c f i libvcruntime:std_type_info.obj
 0001:00005438       ??1?$__crt_unique_heap_ptr@XU__crt_internal_free_policy@@@@QEAA@XZ 0000000140006438 f i libvcruntime:std_type_info.obj
 0001:00005454       ??B?$__crt_unique_heap_ptr@DU__crt_internal_free_policy@@@@QEBA_NXZ 0000000140006454 f i libvcruntime:std_type_info.obj
 0001:0000545c       ??B?$__crt_unique_heap_ptr@XU__crt_internal_free_policy@@@@QEBA_NXZ 000000014000645c f i libvcruntime:std_type_info.obj
 0001:00005484       ?__crt_interlocked_read_64@@YA_JPED_J@Z 0000000140006484 f i libvcruntime:std_type_info.obj
 0001:00005488       ?detach@?$__crt_unique_heap_ptr@XU__crt_internal_free_policy@@@@QEAAPEAXXZ 0000000140006488 f i libvcruntime:std_type_info.obj
 0001:00005490       ?get@?$__crt_unique_heap_ptr@DU__crt_internal_free_policy@@@@QEBAPEADXZ 0000000140006490 f i libvcruntime:std_type_info.obj
 0001:00005494       ?get@?$__crt_unique_heap_ptr@XU__crt_internal_free_policy@@@@QEBAPEAXXZ 0000000140006494 f i libvcruntime:std_type_info.obj
 0001:00005498       ?is_valid@?$__crt_unique_heap_ptr@DU__crt_internal_free_policy@@@@QEBA_NXZ 0000000140006498 f i libvcruntime:std_type_info.obj
 0001:000054a0       ?is_valid@?$__crt_unique_heap_ptr@XU__crt_internal_free_policy@@@@QEBA_NXZ 00000001400064a0 f i libvcruntime:std_type_info.obj
 0001:000054a8       ?release@?$__crt_unique_heap_ptr@DU__crt_internal_free_policy@@@@QEAAXXZ 00000001400064a8 f i libvcruntime:std_type_info.obj
 0001:000054c4       ?release@?$__crt_unique_heap_ptr@XU__crt_internal_free_policy@@@@QEAAXXZ 00000001400064c4 f i libvcruntime:std_type_info.obj
 0001:000054e0       __std_type_info_compare    00000001400064e0 f   libvcruntime:std_type_info.obj
 0001:00005508       __std_type_info_destroy_list 0000000140006508 f   libvcruntime:std_type_info.obj
 0001:00005534       __std_type_info_hash       0000000140006534 f   libvcruntime:std_type_info.obj
 0001:0000556c       __std_type_info_name       000000014000656c f   libvcruntime:std_type_info.obj
 0001:00005684       __DestructExceptionObject  0000000140006684 f   libvcruntime:ehhelpers.obj
 0001:000056f4       ?_CallMemberFunction0@@YAXQEAX0@Z 00000001400066f4 f i libvcruntime:ehhelpers.obj
 0001:00005750       ?raw_name@type_info@@QEBAPEBDXZ 0000000140006750 f i libvcruntime:ehhelpers.obj
 0001:00005758       _IsExceptionObjectToBeDestroyed 0000000140006758 f   libvcruntime:ehhelpers.obj
 0001:00005788       _SetWinRTOutOfMemoryExceptionCallback 0000000140006788 f   libvcruntime:ehhelpers.obj
 0001:00005790       __AdjustPointer            0000000140006790 f   libvcruntime:ehhelpers.obj
 0001:000057b4       __FrameUnwindFilter        00000001400067b4 f   libvcruntime:ehhelpers.obj
 0001:0000581c       __GetPlatformExceptionInfo 000000014000681c f   libvcruntime:ehhelpers.obj
 0001:00005878       __current_exception        0000000140006878 f   libvcruntime:ehhelpers.obj
 0001:0000588c       __current_exception_context 000000014000688c f   libvcruntime:ehhelpers.obj
 0001:000058a0       __processing_throw         00000001400068a0 f   libvcruntime:ehhelpers.obj
 0001:000058b4       __std_terminate            00000001400068b4 f   libvcruntime:ehhelpers.obj
 0001:000058c0       _is_exception_typeof       00000001400068c0 f   libvcruntime:ehhelpers.obj
 0001:00005980       _NLG_Notify                0000000140006980 f   libvcruntime:notify.obj
 0001:000059a0       __NLG_Dispatch2            00000001400069a0 f   libvcruntime:notify.obj
 0001:000059b0       __NLG_Return2              00000001400069b0 f   libvcruntime:notify.obj
 0001:000059bc       __except_validate_context_record 00000001400069bc f   libvcruntime:jbcxrval.obj
 0001:000059f4       __except_validate_jump_buffer 00000001400069f4 f   libvcruntime:jbcxrval.obj
 0001:00005a34       __except_validate_jump_buffer_common 0000000140006a34 f i libvcruntime:jbcxrval.obj
 0001:00005a90       ??$?RU__vcrt_ptd@@@__crt_internal_free_policy@@QEBAXQEBU__vcrt_ptd@@@Z 0000000140006a90 f i libvcruntime:per_thread_data.obj
 0001:00005a98       ??0?$__crt_unique_heap_ptr@U__vcrt_ptd@@U__crt_internal_free_policy@@@@QEAA@QEAU__vcrt_ptd@@@Z 0000000140006a98 f i libvcruntime:per_thread_data.obj
 0001:00005abc       ??1?$__crt_unique_heap_ptr@U__vcrt_ptd@@U__crt_internal_free_policy@@@@QEAA@XZ 0000000140006abc f i libvcruntime:per_thread_data.obj
 0001:00005ae4       ??B?$__crt_unique_heap_ptr@U__vcrt_ptd@@U__crt_internal_free_policy@@@@QEBA_NXZ 0000000140006ae4 f i libvcruntime:per_thread_data.obj
 0001:00005aec       ?detach@?$__crt_unique_heap_ptr@U__vcrt_ptd@@U__crt_internal_free_policy@@@@QEAAPEAU__vcrt_ptd@@XZ 0000000140006aec f i libvcruntime:per_thread_data.obj
 0001:00005af4       ?get@?$__crt_unique_heap_ptr@U__vcrt_ptd@@U__crt_internal_free_policy@@@@QEBAPEAU__vcrt_ptd@@XZ 0000000140006af4 f i libvcruntime:per_thread_data.obj
 0001:00005af8       ?is_valid@?$__crt_unique_heap_ptr@U__vcrt_ptd@@U__crt_internal_free_policy@@@@QEBA_NXZ 0000000140006af8 f i libvcruntime:per_thread_data.obj
 0001:00005b00       ?release@?$__crt_unique_heap_ptr@U__vcrt_ptd@@U__crt_internal_free_policy@@@@QEAAXXZ 0000000140006b00 f i libvcruntime:per_thread_data.obj
 0001:00005b48       __vcrt_freefls             0000000140006b48 f   libvcruntime:per_thread_data.obj
 0001:00005b68       __vcrt_freeptd             0000000140006b68 f   libvcruntime:per_thread_data.obj
 0001:00005bb8       __vcrt_getptd              0000000140006bb8 f   libvcruntime:per_thread_data.obj
 0001:00005bd4       __vcrt_getptd_noexit       0000000140006bd4 f   libvcruntime:per_thread_data.obj
 0001:00005c94       __vcrt_getptd_noinit       0000000140006c94 f   libvcruntime:per_thread_data.obj
 0001:00005ce4       __vcrt_initialize_ptd      0000000140006ce4 f   libvcruntime:per_thread_data.obj
 0001:00005d2c       __vcrt_uninitialize_ptd    0000000140006d2c f   libvcruntime:per_thread_data.obj
 0001:00005d50       __vcrt_initialize_locks    0000000140006d50 f   libvcruntime:locks.obj
 0001:00005d84       __vcrt_lock                0000000140006d84 f   libvcruntime:locks.obj
 0001:00005da0       __vcrt_uninitialize_locks  0000000140006da0 f   libvcruntime:locks.obj
 0001:00005dd8       __vcrt_unlock              0000000140006dd8 f   libvcruntime:locks.obj
 0001:00005df4       ??$?0$00@DName@@QEAA@PEBDU?$StringLifeSelector@$00@@@Z 0000000140006df4 f i libvcruntime:undname.obj
 0001:00005e34       ??$?0$00@pcharNode@@QEAA@PEBDHU?$StringLifeSelector@$00@@@Z 0000000140006e34 f i libvcruntime:undname.obj
 0001:00005e4c       ??$?0$01@DName@@QEAA@PEBDU?$StringLifeSelector@$01@@@Z 0000000140006e4c f i libvcruntime:undname.obj
 0001:00005e8c       ??$?0$01@pcharNode@@QEAA@PEBDHU?$StringLifeSelector@$01@@@Z 0000000140006e8c f i libvcruntime:undname.obj
 0001:00005f00       ??$?0$0A@@DName@@QEAA@PEBDU?$StringLifeSelector@$0A@@@@Z 0000000140006f00 f i libvcruntime:undname.obj
 0001:00005f40       ??$?0$0A@@pcharNode@@QEAA@PEBDHU?$StringLifeSelector@$0A@@@@Z 0000000140006f40 f i libvcruntime:undname.obj
 0001:00005fb4       ??$?0_K$0A@@?$optional@_K@std@@QEAA@$$QEA_K@Z 0000000140006fb4 f i libvcruntime:undname.obj
 0001:00005fc4       ??$?0_K@?$_Optional_construct_base@_K@std@@QEAA@Uin_place_t@1@$$QEA_K@Z 0000000140006fc4 f i libvcruntime:undname.obj
 0001:00005fd4       ??$?0_K@?$_Optional_destruct_base@_K$00@std@@QEAA@Uin_place_t@1@$$QEA_K@Z 0000000140006fd4 f i libvcruntime:undname.obj
 0001:00005fe4       ??$append@VDNameNode@@@DName@@AEAAXPEBVDNameNode@@@Z 0000000140006fe4 f i libvcruntime:undname.obj
 0001:00006048       ??$append@VDNameStatusNode@@@DName@@AEAAXPEBVDNameStatusNode@@@Z 0000000140007048 f i libvcruntime:undname.obj
 0001:000060ac       ??$append@VcharNode@@@DName@@AEAAXPEBVcharNode@@@Z 00000001400070ac f i libvcruntime:undname.obj
 0001:00006110       ??$append@VpDNameNode@@@DName@@AEAAXPEBVpDNameNode@@@Z 0000000140007110 f i libvcruntime:undname.obj
 0001:00006174       ??$append@VpcharNode@@@DName@@AEAAXPEBVpcharNode@@@Z 0000000140007174 f i libvcruntime:undname.obj
 0001:000061d8       ??$doPchar@$00@DName@@AEAAXPEBDH@Z 00000001400071d8 f i libvcruntime:undname.obj
 0001:0000627c       ??$doPchar@$01@DName@@AEAAXPEBDH@Z 000000014000727c f i libvcruntime:undname.obj
 0001:00006314       ??$doPchar@$0A@@DName@@AEAAXPEBDH@Z 0000000140007314 f i libvcruntime:undname.obj
 0001:000063ac       ??$forward@_K@std@@YA$$QEA_KAEA_K@Z 00000001400073ac f i libvcruntime:undname.obj
 0001:000063b0       ??$size@D$04@std@@YA_KAEAY04$$CBD@Z 00000001400073b0 f i libvcruntime:undname.obj
 0001:000063b8       ??$size@D$0EB@@std@@YA_KAEAY0EB@$$CBD@Z 00000001400073b8 f i libvcruntime:undname.obj
 0001:000063c0       ??0?$_Optional_construct_base@_K@std@@QEAA@XZ 00000001400073c0 f i libvcruntime:undname.obj
 0001:000063c8       ??0?$_Optional_destruct_base@_K$00@std@@QEAA@XZ 00000001400073c8 f i libvcruntime:undname.obj
 0001:000063d0       ??0?$optional@_K@std@@QEAA@XZ 00000001400073d0 f i libvcruntime:undname.obj
 0001:000063d8       ??0Block@_HeapManager@@QEAA@XZ 00000001400073d8 f i libvcruntime:undname.obj
 0001:000063e0       ??0DName@@QEAA@AEAPEBDD@Z  00000001400073e0 f   libvcruntime:undname.obj
 0001:00006490       ??0DName@@QEAA@AEBUStringLiteral@@@Z 0000000140007490 f   libvcruntime:undname.obj
 0001:000064bc       ??0DName@@QEAA@AEBV0@@Z    00000001400074bc f i libvcruntime:undname.obj
 0001:000064cc       ??0DName@@QEAA@D@Z         00000001400074cc f   libvcruntime:undname.obj
 0001:000064ec       ??0DName@@QEAA@PEAV0@@Z    00000001400074ec f   libvcruntime:undname.obj
 0001:00006570       ??0DName@@QEAA@W4DNameStatus@@@Z 0000000140007570 f   libvcruntime:undname.obj
 0001:000065a0       ??0DName@@QEAA@XZ          00000001400075a0 f i libvcruntime:undname.obj
 0001:000065ac       ??0DName@@QEAA@_J@Z        00000001400075ac f   libvcruntime:undname.obj
 0001:00006654       ??0DName@@QEAA@_K@Z        0000000140007654 f   libvcruntime:undname.obj
 0001:000066dc       ??0DNameNode@@IEAA@XZ      00000001400076dc f i libvcruntime:undname.obj
 0001:000066ec       ??0Replicator@@QEAA@XZ     00000001400076ec f i libvcruntime:undname.obj
 0001:00006700       ??0UnDecorator@@QEAA@PEBDP6APEADJ@ZK@Z 0000000140007700 f i libvcruntime:undname.obj
 0001:00006750       ??0_Nontrivial_dummy_type@std@@QEAA@XZ 0000000140007750 f i libvcruntime:undname.obj
 0001:00006754       ??0charNode@@QEAA@D@Z      0000000140007754 f i libvcruntime:undname.obj
 0001:00006768       ??0pDNameNode@@QEAA@PEAVDName@@@Z 0000000140007768 f   libvcruntime:undname.obj
 0001:00006790       ??0pairNode@@QEAA@PEBVDNameNode@@0@Z 0000000140007790 f i libvcruntime:undname.obj
 0001:000067b4       ??2@YAPEAX_KAEAV_HeapManager@@H@Z 00000001400077b4 f   libvcruntime:undname.obj
 0001:000067e0       ??4DName@@QEAAAEAV0@AEBUStringLiteral@@@Z 00000001400077e0 f   libvcruntime:undname.obj
 0001:00006808       ??4DName@@QEAAAEAV0@AEBV0@@Z 0000000140007808 f   libvcruntime:undname.obj
 0001:00006818       ??4DName@@QEAAAEAV0@D@Z    0000000140007818 f i libvcruntime:undname.obj
 0001:00006838       ??4DName@@QEAAAEAV0@PEAV0@@Z 0000000140007838 f   libvcruntime:undname.obj
 0001:000068b0       ??4DName@@QEAAAEAV0@W4DNameStatus@@@Z 00000001400078b0 f   libvcruntime:undname.obj
 0001:000068d0       ??AReplicator@@QEBA?AVDName@@H@Z 00000001400078d0 f   libvcruntime:undname.obj
 0001:00006910       ??B?$optional@_K@std@@QEBA_NXZ 0000000140007910 f i libvcruntime:undname.obj
 0001:00006914       ??D?$optional@_K@std@@QEGAAAEA_KXZ 0000000140007914 f i libvcruntime:undname.obj
 0001:00006918       ??H@YA?AVDName@@AEBUStringLiteral@@AEBV0@@Z 0000000140007918 f i libvcruntime:undname.obj
 0001:00006950       ??H@YA?AVDName@@DAEBV0@@Z  0000000140007950 f i libvcruntime:undname.obj
 0001:00006994       ??H@YA?AVDName@@W4DNameStatus@@AEBV0@@Z 0000000140007994 f i libvcruntime:undname.obj
 0001:000069e0       ??HDName@@QEBA?AV0@AEBUStringLiteral@@@Z 00000001400079e0 f   libvcruntime:undname.obj
 0001:00006a0c       ??HDName@@QEBA?AV0@AEBV0@@Z 0000000140007a0c f   libvcruntime:undname.obj
 0001:00006a38       ??HDName@@QEBA?AV0@D@Z     0000000140007a38 f   libvcruntime:undname.obj
 0001:00006a64       ??HDName@@QEBA?AV0@PEAV0@@Z 0000000140007a64 f   libvcruntime:undname.obj
 0001:00006a90       ??HDName@@QEBA?AV0@W4DNameStatus@@@Z 0000000140007a90 f   libvcruntime:undname.obj
 0001:00006abc       ??HStringLiteral@@QEBA?AU0@H@Z 0000000140007abc f i libvcruntime:undname.obj
 0001:00006ad4       ??YDName@@QEAAAEAV0@AEBUStringLiteral@@@Z 0000000140007ad4 f   libvcruntime:undname.obj
 0001:00006b54       ??YDName@@QEAAAEAV0@AEBV0@@Z 0000000140007b54 f   libvcruntime:undname.obj
 0001:00006c08       ??YDName@@QEAAAEAV0@D@Z    0000000140007c08 f   libvcruntime:undname.obj
 0001:00006c74       ??YDName@@QEAAAEAV0@PEAV0@@Z 0000000140007c74 f   libvcruntime:undname.obj
 0001:00006d08       ??YDName@@QEAAAEAV0@W4DNameStatus@@@Z 0000000140007d08 f   libvcruntime:undname.obj
 0001:00006d74       ??YReplicator@@QEAAAEAV0@AEBVDName@@@Z 0000000140007d74 f   libvcruntime:undname.obj
 0001:00006dcc       ??_5DName@@QEAAAEAV0@AEBV0@@Z 0000000140007dcc f   libvcruntime:undname.obj
 0001:00006de0       ??__K_l@@YA?AUStringLiteral@@PEBD_K@Z 0000000140007de0 f i libvcruntime:undname.obj
 0001:00006dec       ?Constructor@_HeapManager@@QEAAXP6APEAX_K@ZP6AXPEAX@Z@Z 0000000140007dec f i libvcruntime:undname.obj
 0001:00006e04       ?Destructor@_HeapManager@@QEAAXXZ 0000000140007e04 f i libvcruntime:undname.obj
 0001:00006e58       ?UScore@UnDecorator@@SA?AUStringLiteral@@W4Tokens@@@Z 0000000140007e58 f   libvcruntime:undname.obj
 0001:00006ea4       ?composeDeclaration@UnDecorator@@CA?AVDName@@AEBV2@@Z 0000000140007ea4 f i libvcruntime:undname.obj
 0001:00007d4c       ?doAccessSpecifiers@UnDecorator@@SAHXZ 0000000140008d4c f i libvcruntime:undname.obj
 0001:00007d5c       ?doAllocationLanguage@UnDecorator@@SAHXZ 0000000140008d5c f i libvcruntime:undname.obj
 0001:00007d6c       ?doAllocationModel@UnDecorator@@SAHXZ 0000000140008d6c f i libvcruntime:undname.obj
 0001:00007d7c       ?doEcsu@UnDecorator@@SAHXZ 0000000140008d7c f i libvcruntime:undname.obj
 0001:00007d8c       ?doEllipsis@UnDecorator@@SAHXZ 0000000140008d8c f i libvcruntime:undname.obj
 0001:00007d9c       ?doFunctionReturns@UnDecorator@@SAHXZ 0000000140008d9c f i libvcruntime:undname.obj
 0001:00007dac       ?doMSKeywords@UnDecorator@@SAHXZ 0000000140008dac f i libvcruntime:undname.obj
 0001:00007dbc       ?doMemberTypes@UnDecorator@@SAHXZ 0000000140008dbc f i libvcruntime:undname.obj
 0001:00007dcc       ?doNameOnly@UnDecorator@@SAHXZ 0000000140008dcc f i libvcruntime:undname.obj
 0001:00007dd8       ?doNoIdentCharCheck@UnDecorator@@SAHXZ 0000000140008dd8 f i libvcruntime:undname.obj
 0001:00007de4       ?doPchar@DName@@AEAAXD@Z   0000000140008de4 f   libvcruntime:undname.obj
 0001:00007e34       ?doPtr64@UnDecorator@@SAHXZ 0000000140008e34 f i libvcruntime:undname.obj
 0001:00007e44       ?doRestrictionSpec@UnDecorator@@SAHXZ 0000000140008e44 f i libvcruntime:undname.obj
 0001:00007e54       ?doThisTypes@UnDecorator@@SAHXZ 0000000140008e54 f i libvcruntime:undname.obj
 0001:00007e68       ?doThrowTypes@UnDecorator@@SAHXZ 0000000140008e68 f i libvcruntime:undname.obj
 0001:00007e78       ?doTypeOnly@UnDecorator@@SAHXZ 0000000140008e78 f i libvcruntime:undname.obj
 0001:00007e84       ?doUnderScore@UnDecorator@@SAHXZ 0000000140008e84 f i libvcruntime:undname.obj
 0001:00007e90       ?getArgumentList@UnDecorator@@CA?AVDName@@XZ 0000000140008e90 f   libvcruntime:undname.obj
 0001:00008024       ?getArgumentTypes@UnDecorator@@CA?AVDName@@XZ 0000000140009024 f   libvcruntime:undname.obj
 0001:00008180       ?getArrayObject@UnDecorator@@CA?AVDName@@XZ 0000000140009180 f   libvcruntime:undname.obj
 0001:00008248       ?getArrayType@UnDecorator@@CA?AVDName@@AEBV2@@Z 0000000140009248 f i libvcruntime:undname.obj
 0001:00008490       ?getBasedType@UnDecorator@@CA?AVDName@@XZ 0000000140009490 f   libvcruntime:undname.obj
 0001:00008588       ?getBasicDataType@UnDecorator@@CA?AVDName@@AEBV2@@Z 0000000140009588 f   libvcruntime:undname.obj
 0001:00008acc       ?getCHPEName@UnDecorator@@QEAAPEADPEADH@Z 0000000140009acc f i libvcruntime:undname.obj
 0001:00008bec       ?getCallIndex@UnDecorator@@CA?AVDName@@XZ 0000000140009bec f i libvcruntime:undname.obj
 0001:00008c08       ?getCallingConvention@UnDecorator@@CA?AVDName@@XZ 0000000140009c08 f   libvcruntime:undname.obj
 0001:00008d48       ?getDataIndirectType@UnDecorator@@CA?AVDName@@AEBV2@W4IndirectionKind@@0H@Z 0000000140009d48 f   libvcruntime:undname.obj
 0001:000095e0       ?getDataIndirectType@UnDecorator@@CA?AVDName@@XZ 000000014000a5e0 f i libvcruntime:undname.obj
 0001:0000961c       ?getDataType@UnDecorator@@CA?AVDName@@PEAV2@@Z 000000014000a61c f   libvcruntime:undname.obj
 0001:00009730       ?getDecoratedName@UnDecorator@@CA?AVDName@@XZ 000000014000a730 f   libvcruntime:undname.obj
 0001:00009a14       ?getDimension@UnDecorator@@CA?AVDName@@_N@Z 000000014000aa14 f   libvcruntime:undname.obj
 0001:00009b60       ?getDispatchTarget@UnDecorator@@CA?AVDName@@XZ 000000014000ab60 f   libvcruntime:undname.obj
 0001:00009bac       ?getDisplacement@UnDecorator@@CA?AVDName@@XZ 000000014000abac f i libvcruntime:undname.obj
 0001:00009bc8       ?getECSUDataType@UnDecorator@@CA?AVDName@@XZ 000000014000abc8 f   libvcruntime:undname.obj
 0001:00009da8       ?getECSUName@UnDecorator@@CA?AVDName@@XZ 000000014000ada8 f i libvcruntime:undname.obj
 0001:00009dc0       ?getEnumType@UnDecorator@@CA?AVDName@@XZ 000000014000adc0 f i libvcruntime:undname.obj
 0001:00009ee8       ?getExtendedDataIndirectType@UnDecorator@@CA?AVDName@@AEAW4IndirectionKind@@AEA_NH@Z 000000014000aee8 f   libvcruntime:undname.obj
 0001:0000a0f0       ?getExternalDataType@UnDecorator@@CA?AVDName@@AEBV2@@Z 000000014000b0f0 f i libvcruntime:undname.obj
 0001:0000a1b0       ?getFloatingPoint@UnDecorator@@CA?AVDName@@H@Z 000000014000b1b0 f   libvcruntime:undname.obj
 0001:0000a2d0       ?getFunctionIndirectType@UnDecorator@@CA?AVDName@@AEBV2@@Z 000000014000b2d0 f   libvcruntime:undname.obj
 0001:0000a808       ?getGuardNumber@UnDecorator@@CA?AVDName@@XZ 000000014000b808 f i libvcruntime:undname.obj
 0001:0000a824       ?getLastChar@DName@@QEBADXZ 000000014000b824 f i libvcruntime:undname.obj
 0001:0000a840       ?getLastChar@DNameStatusNode@@UEBADXZ 000000014000b840 f i libvcruntime:undname.obj
 0001:0000a84c       ?getLastChar@charNode@@UEBADXZ 000000014000b84c f i libvcruntime:undname.obj
 0001:0000a850       ?getLastChar@pDNameNode@@UEBADXZ 000000014000b850 f i libvcruntime:undname.obj
 0001:0000a87c       ?getLastChar@pairNode@@UEBADXZ 000000014000b87c f i libvcruntime:undname.obj
 0001:0000a8b4       ?getLastChar@pcharNode@@UEBADXZ 000000014000b8b4 f i libvcruntime:undname.obj
 0001:0000a8c8       ?getLexicalFrame@UnDecorator@@CA?AVDName@@XZ 000000014000b8c8 f i libvcruntime:undname.obj
 0001:0000a92c       ?getMemoryWithBuffer@_HeapManager@@QEAAPEAX_K@Z 000000014000b92c f   libvcruntime:undname.obj
 0001:0000a9bc       ?getMemoryWithoutBuffer@_HeapManager@@QEAAPEAX_K@Z 000000014000b9bc f   libvcruntime:undname.obj
 0001:0000a9d0       ?getNoexcept@UnDecorator@@CA?AVDName@@XZ 000000014000b9d0 f   libvcruntime:undname.obj
 0001:0000aa34       ?getNumberOfDimensions@UnDecorator@@CAHXZ 000000014000ba34 f   libvcruntime:undname.obj
 0001:0000aaa8       ?getOperatorName@UnDecorator@@CA?AVDName@@_NPEA_N@Z 000000014000baa8 f i libvcruntime:undname.obj
 0001:0000b2f0       ?getPointerType@UnDecorator@@CA?AVDName@@AEBV2@0@Z 000000014000c2f0 f i libvcruntime:undname.obj
 0001:0000b310       ?getPointerTypeArray@UnDecorator@@CA?AVDName@@AEBV2@0@Z 000000014000c310 f i libvcruntime:undname.obj
 0001:0000b32c       ?getPrimaryDataType@UnDecorator@@CA?AVDName@@AEBV2@@Z 000000014000c32c f   libvcruntime:undname.obj
 0001:0000b5e0       ?getPtrRefDataType@UnDecorator@@CA?AVDName@@AEBV2@H@Z 000000014000c5e0 f   libvcruntime:undname.obj
 0001:0000b7ac       ?getPtrRefType@UnDecorator@@CA?AVDName@@AEBV2@0W4IndirectionKind@@@Z 000000014000c7ac f   libvcruntime:undname.obj
 0001:0000b984       ?getReferenceType@UnDecorator@@CA?AVDName@@AEBV2@0W4IndirectionKind@@@Z 000000014000c984 f i libvcruntime:undname.obj
 0001:0000b99c       ?getRestrictionSpec@UnDecorator@@CA?AVDName@@XZ 000000014000c99c f   libvcruntime:undname.obj
 0001:0000bb68       ?getReturnType@UnDecorator@@CA?AVDName@@PEAV2@@Z 000000014000cb68 f   libvcruntime:undname.obj
 0001:0000bb9c       ?getScope@UnDecorator@@CA?AVDName@@XZ 000000014000cb9c f   libvcruntime:undname.obj
 0001:0000c050       ?getScopedName@UnDecorator@@CA?AVDName@@XZ 000000014000d050 f   libvcruntime:undname.obj
 0001:0000c18c       ?getSignedDimension@UnDecorator@@CA?AVDName@@XZ 000000014000d18c f   libvcruntime:undname.obj
 0001:0000c214       ?getStorageConvention@UnDecorator@@CA?AVDName@@XZ 000000014000d214 f i libvcruntime:undname.obj
 0001:0000c250       ?getString@DName@@QEBAPEADPEAD0@Z 000000014000d250 f i libvcruntime:undname.obj
 0001:0000c26c       ?getString@DName@@QEBAPEADPEADH@Z 000000014000d26c f i libvcruntime:undname.obj
 0001:0000c300       ?getString@DNameStatusNode@@UEBAPEADPEAD0@Z 000000014000d300 f i libvcruntime:undname.obj
 0001:0000c348       ?getString@charNode@@UEBAPEADPEAD0@Z 000000014000d348 f i libvcruntime:undname.obj
 0001:0000c35c       ?getString@pDNameNode@@UEBAPEADPEAD0@Z 000000014000d35c f i libvcruntime:undname.obj
 0001:0000c38c       ?getString@pairNode@@UEBAPEADPEAD0@Z 000000014000d38c f i libvcruntime:undname.obj
 0001:0000c3d8       ?getString@pcharNode@@UEBAPEADPEAD0@Z 000000014000d3d8 f i libvcruntime:undname.obj
 0001:0000c410       ?getStringEncoding@UnDecorator@@CA?AVDName@@W4PrefixKind@@H@Z 000000014000d410 f   libvcruntime:undname.obj
 0001:0000c4f4       ?getStringHelper@@YAPEADPEADPEBD1H@Z 000000014000d4f4 f i libvcruntime:undname.obj
 0001:0000c524       ?getStringObject@UnDecorator@@CA?AVDName@@XZ 000000014000d524 f   libvcruntime:undname.obj
 0001:0000c58c       ?getSymbolName@UnDecorator@@CA?AVDName@@XZ 000000014000d58c f i libvcruntime:undname.obj
 0001:0000c5d8       ?getTemplateArgumentList@UnDecorator@@CA?AVDName@@XZ 000000014000d5d8 f   libvcruntime:undname.obj
 0001:0000c84c       ?getTemplateName@UnDecorator@@CA?AVDName@@_N@Z 000000014000d84c f   libvcruntime:undname.obj
 0001:0000cae0       ?getTemplateNonTypeArgument@UnDecorator@@CA?AVDName@@XZ 000000014000dae0 f   libvcruntime:undname.obj
 0001:0000cf5c       ?getTemplateTypeArgument@UnDecorator@@CA?AVDName@@XZ 000000014000df5c f   libvcruntime:undname.obj
 0001:0000d0c4       ?getThisType@UnDecorator@@CA?AVDName@@XZ 000000014000e0c4 f i libvcruntime:undname.obj
 0001:0000d104       ?getThrowTypes@UnDecorator@@CA?AVDName@@XZ 000000014000e104 f   libvcruntime:undname.obj
 0001:0000d128       ?getTypeEncoding@UnDecorator@@CAHXZ 000000014000e128 f i libvcruntime:undname.obj
 0001:0000d49c       ?getUndecoratedName@UnDecorator@@QEAAPEADPEADH@Z 000000014000e49c f i libvcruntime:undname.obj
 0001:0000d5f0       ?getVCallThunkType@UnDecorator@@CA?AVDName@@XZ 000000014000e5f0 f i libvcruntime:undname.obj
 0001:0000d668       ?getValue@UnDecorator@@CA?AV?$optional@_K@std@@XZ 000000014000e668 f   libvcruntime:undname.obj
 0001:0000d6dc       ?getValueObject@UnDecorator@@CA?AVDName@@XZ 000000014000e6dc f   libvcruntime:undname.obj
 0001:0000d82c       ?getVbTableType@UnDecorator@@CA?AVDName@@AEBV2@@Z 000000014000e82c f i libvcruntime:undname.obj
 0001:0000d844       ?getVdispMapType@UnDecorator@@CA?AVDName@@AEBV2@@Z 000000014000e844 f i libvcruntime:undname.obj
 0001:0000d8c0       ?getVfTableType@UnDecorator@@CA?AVDName@@AEBV2@@Z 000000014000e8c0 f i libvcruntime:undname.obj
 0001:0000dac8       ?getZName@UnDecorator@@CA?AVDName@@_N0@Z 000000014000eac8 f   libvcruntime:undname.obj
 0001:0000ddb0       ?haveTemplateParameters@UnDecorator@@SAHXZ 000000014000edb0 f i libvcruntime:undname.obj
 0001:0000ddbc       ?isArray@DName@@QEBAHXZ    000000014000edbc f i libvcruntime:undname.obj
 0001:0000ddc8       ?isComArray@DName@@QEBAHXZ 000000014000edc8 f i libvcruntime:undname.obj
 0001:0000ddd4       ?isEmpty@DName@@QEBAHXZ    000000014000edd4 f i libvcruntime:undname.obj
 0001:0000dde0       ?isFull@Replicator@@QEBAHXZ 000000014000ede0 f i libvcruntime:undname.obj
 0001:0000ddec       ?isNoTE@DName@@QEBAHXZ     000000014000edec f i libvcruntime:undname.obj
 0001:0000ddf8       ?isPinPtr@DName@@QEBAHXZ   000000014000edf8 f i libvcruntime:undname.obj
 0001:0000de04       ?isPtrRef@DName@@QEBAHXZ   000000014000ee04 f i libvcruntime:undname.obj
 0001:0000de10       ?isUDC@DName@@QEBAHXZ      000000014000ee10 f i libvcruntime:undname.obj
 0001:0000de28       ?isUDTThunk@DName@@QEBAHXZ 000000014000ee28 f i libvcruntime:undname.obj
 0001:0000de40       ?isVCallThunk@DName@@QEBAHXZ 000000014000ee40 f i libvcruntime:undname.obj
 0001:0000de4c       ?isValid@DName@@QEBAHXZ    000000014000ee4c f i libvcruntime:undname.obj
 0001:0000de58       ?length@DName@@QEBAHXZ     000000014000ee58 f i libvcruntime:undname.obj
 0001:0000de70       ?length@DNameStatusNode@@UEBAHXZ 000000014000ee70 f i libvcruntime:undname.obj
 0001:0000de74       ?length@charNode@@UEBAHXZ  000000014000ee74 f i libvcruntime:undname.obj
 0001:0000de7c       ?length@pDNameNode@@UEBAHXZ 000000014000ee7c f i libvcruntime:undname.obj
 0001:0000dea4       ?length@pairNode@@UEBAHXZ  000000014000eea4 f i libvcruntime:undname.obj
 0001:0000deec       ?length@pcharNode@@UEBAHXZ 000000014000eeec f i libvcruntime:undname.obj
 0001:0000def0       ?make@DNameStatusNode@@SAPEBV1@W4DNameStatus@@@Z 000000014000eef0 f i libvcruntime:undname.obj
 0001:0000df10       ?parseDecoratedName@UnDecorator@@CA?AVDName@@XZ 000000014000ef10 f   libvcruntime:undname.obj
 0001:0000e024       ?raw_length@DNameStatusNode@@UEBAHXZ 000000014000f024 f i libvcruntime:undname.obj
 0001:0000e028       ?raw_length@charNode@@UEBAHXZ 000000014000f028 f i libvcruntime:undname.obj
 0001:0000e030       ?raw_length@pDNameNode@@UEBAHXZ 000000014000f030 f i libvcruntime:undname.obj
 0001:0000e034       ?raw_length@pairNode@@UEBAHXZ 000000014000f034 f i libvcruntime:undname.obj
 0001:0000e038       ?raw_length@pcharNode@@UEBAHXZ 000000014000f038 f i libvcruntime:undname.obj
 0001:0000e03c       ?setIsArray@DName@@QEAAXXZ 000000014000f03c f i libvcruntime:undname.obj
 0001:0000e044       ?setIsComArray@DName@@QEAAXXZ 000000014000f044 f i libvcruntime:undname.obj
 0001:0000e04c       ?setIsNoTE@DName@@QEAAXXZ  000000014000f04c f i libvcruntime:undname.obj
 0001:0000e054       ?setIsPinPtr@DName@@QEAAXXZ 000000014000f054 f i libvcruntime:undname.obj
 0001:0000e05c       ?setIsUDC@DName@@QEAAXXZ   000000014000f05c f i libvcruntime:undname.obj
 0001:0000e068       ?setIsVCallThunk@DName@@QEAAXXZ 000000014000f068 f i libvcruntime:undname.obj
 0001:0000e070       ?setPtrRef@DName@@QEAAAEAV1@XZ 000000014000f070 f i libvcruntime:undname.obj
 0001:0000e07c       ?status@DName@@QEBA?AW4DNameStatus@@XZ 000000014000f07c f i libvcruntime:undname.obj
 0001:0000e0e0       __unDName                  000000014000f0e0 f   libvcruntime:undname.obj
 0001:0000e108       __unDNameEx                000000014000f108 f   libvcruntime:undname.obj
 0001:0000e23c       _vsprintf_s_l              000000014000f23c f i libvcruntime:undname.obj
 0001:0000e2a0       sprintf_s                  000000014000f2a0 f i libvcruntime:undname.obj
 0001:0000e2f4       unDNameGenerateCHPE        000000014000f2f4 f   libvcruntime:undname.obj
 0001:0000e3fc       ??$__crt_interlocked_exchange_pointer@UHINSTANCE__@@PEAU1@@@YAPEAUHINSTANCE__@@PEDSEAU0@QEAU0@@Z 000000014000f3fc f i libvcruntime:winapi_downlevel.obj
 0001:0000e404       ??$__crt_interlocked_exchange_pointer@UHINSTANCE__@@PEAX@@YAPEAUHINSTANCE__@@PEDSEAU0@QEAX@Z 000000014000f404 f i libvcruntime:winapi_downlevel.obj
 0001:0000e40c       ??$__crt_interlocked_exchange_pointer@XPEAX@@YAPEAXPEDSEAXQEAX@Z 000000014000f40c f i libvcruntime:winapi_downlevel.obj
 0001:0000e414       ??$__crt_interlocked_read_pointer@UHINSTANCE__@@@@YAPEAUHINSTANCE__@@PEDSEAU0@@Z 000000014000f414 f i libvcruntime:winapi_downlevel.obj
 0001:0000e418       ??$__crt_interlocked_read_pointer@X@@YAPEAXPEDSEAX@Z 000000014000f418 f i libvcruntime:winapi_downlevel.obj
 0001:0000e94c       __vcrt_FlsAlloc            000000014000f94c f   libvcruntime:winapi_downlevel.obj
 0001:0000e994       __vcrt_FlsFree             000000014000f994 f   libvcruntime:winapi_downlevel.obj
 0001:0000e9dc       __vcrt_FlsGetValue         000000014000f9dc f   libvcruntime:winapi_downlevel.obj
 0001:0000ea24       __vcrt_FlsSetValue         000000014000fa24 f   libvcruntime:winapi_downlevel.obj
 0001:0000ea78       __vcrt_InitializeCriticalSectionEx 000000014000fa78 f   libvcruntime:winapi_downlevel.obj
 0001:0000eadc       ??$__crt_interlocked_exchange_pointer@$$A6AXXZP6AXXZ@@YAP6AXXZPEDS6AXXZQ6AXXZ@Z 000000014000fadc f i libvcruntime:purevirt.obj
 0001:0000eae4       ??$__crt_interlocked_read_pointer@$$A6AXXZ@@YAP6AXXZPEDS6AXXZ@Z 000000014000fae4 f i libvcruntime:purevirt.obj
 0001:0000eae8       _get_purecall_handler      000000014000fae8 f   libvcruntime:purevirt.obj
 0001:0000eaf0       _purecall                  000000014000faf0 f   libvcruntime:purevirt.obj
 0001:0000eb0c       _set_purecall_handler      000000014000fb0c f   libvcruntime:purevirt.obj
 0001:0000eb18       ??$?0AEAViterator@TryBlockMap4@FH4@@AEAV012@$0A@@?$pair@Viterator@TryBlockMap4@FH4@@V123@@std@@QEAA@AEAViterator@TryBlockMap4@FH4@@0@Z 000000014000fb18 f i libvcruntime:risctrnsctrl.obj
 0001:0000eb2c       ??$?0AEAViterator@TryBlockMap@__FrameHandler3@@AEAV012@$0A@@?$pair@Viterator@TryBlockMap@__FrameHandler3@@V123@@std@@QEAA@AEAViterator@TryBlockMap@__FrameHandler3@@0@Z 000000014000fb2c f i libvcruntime:risctrnsctrl.obj
 0001:0000ec7c       ??$_CallSETranslator@V__FrameHandler3@@@@YAHPEAUEHExceptionRecord@@PEA_KPEAU_CONTEXT@@PEAU_xDISPATCHER_CONTEXT@@PEBU_s_FuncInfo@@K1H@Z 000000014000fc7c f i libvcruntime:risctrnsctrl.obj
 0001:0000ecd0       ??$_CallSETranslator@V__FrameHandler4@@@@YAHPEAUEHExceptionRecord@@PEA_KPEAU_CONTEXT@@PEAU_xDISPATCHER_CONTEXT@@PEAUFuncInfo4@FH4@@K1H@Z 000000014000fcd0 f i libvcruntime:risctrnsctrl.obj
 0001:0000ed24       ??$forward@AEAViterator@TryBlockMap4@FH4@@@std@@YAAEAViterator@TryBlockMap4@FH4@@AEAV123@@Z 000000014000fd24 f i libvcruntime:risctrnsctrl.obj
 0001:0000ed28       ??$forward@AEAViterator@TryBlockMap@__FrameHandler3@@@std@@YAAEAViterator@TryBlockMap@__FrameHandler3@@AEAV123@@Z 000000014000fd28 f i libvcruntime:risctrnsctrl.obj
 0001:0000ed2c       ??0FuncInfo4@FH4@@QEAA@XZ  000000014000fd2c f i libvcruntime:risctrnsctrl.obj
 0001:0000ed40       ??0FuncInfoHeader@FH4@@QEAA@XZ 000000014000fd40 f i libvcruntime:risctrnsctrl.obj
 0001:0000ed48       ??0iterator@TryBlockMap4@FH4@@QEAA@AEAV12@I@Z 000000014000fd48 f i libvcruntime:risctrnsctrl.obj
 0001:0000ed54       ??0iterator@TryBlockMap@__FrameHandler3@@QEAA@AEAV12@I@Z 000000014000fd54 f i libvcruntime:risctrnsctrl.obj
 0001:0000ed60       ??4iterator@TryBlockMap4@FH4@@QEAAAEAV012@AEBV012@@Z 000000014000fd60 f i libvcruntime:risctrnsctrl.obj
 0001:0000ed6c       ??9iterator@TryBlockMap4@FH4@@QEBA_NAEBV012@@Z 000000014000fd6c f i libvcruntime:risctrnsctrl.obj
 0001:0000ed78       ??Diterator@TryBlockMap4@FH4@@QEAA?AUTryBlockMapEntry4@2@XZ 000000014000fd78 f i libvcruntime:risctrnsctrl.obj
 0001:0000ed88       ??Eiterator@TryBlockMap4@FH4@@QEAAAEAV012@XZ 000000014000fd88 f i libvcruntime:risctrnsctrl.obj
 0001:0000ee24       ?CatchTryBlock@__FrameHandler3@@SAPEBU_s_TryBlockMapEntry@@PEBU_s_FuncInfo@@H@Z 000000014000fe24 f   libvcruntime:risctrnsctrl.obj
 0001:0000ee78       ?DecompFuncInfo@FH4@@YA_JPEAEAEAUFuncInfo4@1@_KH@Z 000000014000fe78 f i libvcruntime:risctrnsctrl.obj
 0001:0000ee8c       ?DecompFuncInfo@FH4@@YA_JPEAEAEAUFuncInfo4@1@_KH_N@Z 000000014000fe8c f i libvcruntime:risctrnsctrl.obj
 0001:0000efb0       ?DecompTryBlock@TryBlockMap4@FH4@@AEAAXXZ 000000014000ffb0 f i libvcruntime:risctrnsctrl.obj
 0001:0000f044       ?ExecutionInCatch@__FrameHandler3@@SA_NPEAU_xDISPATCHER_CONTEXT@@PEBU_s_FuncInfo@@@Z 0000000140010044 f   libvcruntime:risctrnsctrl.obj
 0001:0000f070       ?ExecutionInCatch@__FrameHandler4@@SA_NPEAU_xDISPATCHER_CONTEXT@@PEAUFuncInfo4@FH4@@@Z 0000000140010070 f   libvcruntime:risctrnsctrl.obj
 0001:0000f078       ?FrameUnwindToEmptyState@__FrameHandler3@@SAXPEA_KPEAU_xDISPATCHER_CONTEXT@@PEBU_s_FuncInfo@@@Z 0000000140010078 f   libvcruntime:risctrnsctrl.obj
 0001:0000f0dc       ?FrameUnwindToEmptyState@__FrameHandler4@@SAXPEA_KPEAU_xDISPATCHER_CONTEXT@@PEAUFuncInfo4@FH4@@@Z 00000001400100dc f   libvcruntime:risctrnsctrl.obj
 0001:0000f110       ?GetEstablisherFrame@__FrameHandler3@@SAPEA_KPEA_KPEAU_xDISPATCHER_CONTEXT@@PEBU_s_FuncInfo@@0@Z 0000000140010110 f   libvcruntime:risctrnsctrl.obj
 0001:0000f1dc       ?GetEstablisherFrame@__FrameHandler4@@SAPEA_KPEA_KPEAU_xDISPATCHER_CONTEXT@@PEAUFuncInfo4@FH4@@0@Z 00000001400101dc f   libvcruntime:risctrnsctrl.obj
 0001:0000f200       ?GetRangeOfTrysToCheck@__FrameHandler3@@SA?AU?$pair@Viterator@TryBlockMap@__FrameHandler3@@V123@@std@@AEAVTryBlockMap@1@HPEAU_xDISPATCHER_CONTEXT@@PEBU_s_FuncInfo@@H@Z 0000000140010200 f   libvcruntime:risctrnsctrl.obj
 0001:0000f340       ?GetRangeOfTrysToCheck@__FrameHandler4@@SA?AU?$pair@Viterator@TryBlockMap4@FH4@@V123@@std@@AEAVTryBlockMap4@FH4@@HPEAU_xDISPATCHER_CONTEXT@@PEAUFuncInfo4@5@H@Z 0000000140010340 f   libvcruntime:risctrnsctrl.obj
 0001:0000f4a8       ?ReadInt@FH4@@YAHPEAPEAE@Z 00000001400104a8 f i libvcruntime:risctrnsctrl.obj
 0001:0000f4b8       ?ReadUnsigned@FH4@@YAIPEAPEAE@Z 00000001400104b8 f i libvcruntime:risctrnsctrl.obj
 0001:0000f4e8       ?UnwindNestedFrames@__FrameHandler3@@SAXPEA_KPEAUEHExceptionRecord@@PEAU_CONTEXT@@0PEAXPEBU_s_FuncInfo@@HHPEBU_s_HandlerType@@PEAU_xDISPATCHER_CONTEXT@@E@Z 00000001400104e8 f   libvcruntime:risctrnsctrl.obj
 0001:0000f5ec       ?UnwindNestedFrames@__FrameHandler4@@SAXPEA_KPEAUEHExceptionRecord@@PEAU_CONTEXT@@0PEAXPEAUFuncInfo4@FH4@@HHPEAUHandlerType4@5@PEAU_xDISPATCHER_CONTEXT@@E@Z 00000001400105ec f   libvcruntime:risctrnsctrl.obj
 0001:0000f70c       ?begin@TryBlockMap4@FH4@@QEAA?AViterator@12@XZ 000000014001070c f i libvcruntime:risctrnsctrl.obj
 0001:0000f718       ?end@TryBlockMap4@FH4@@QEAA?AViterator@12@XZ 0000000140010718 f i libvcruntime:risctrnsctrl.obj
 0001:0000f724       ?imageRelToByteBuffer@FH4@@YAPEAE_KH@Z 0000000140010724 f i libvcruntime:risctrnsctrl.obj
 0001:0000f72c       ?incrementToSentinel@iterator@TryBlockMap4@FH4@@QEAAXXZ 000000014001072c f i libvcruntime:risctrnsctrl.obj
 0001:0000f730       ?setBuffer@TryBlockMap4@FH4@@QEAAXViterator@12@@Z 0000000140010730 f i libvcruntime:risctrnsctrl.obj
 0001:0000f8f0       _CreateFrameInfo           00000001400108f0 f   libvcruntime:risctrnsctrl.obj
 0001:0000f92c       _FindAndUnlinkFrame        000000014001092c f   libvcruntime:risctrnsctrl.obj
 0001:0000f980       _GetImageBase              0000000140010980 f   libvcruntime:risctrnsctrl.obj
 0001:0000f994       _GetThrowImageBase         0000000140010994 f   libvcruntime:risctrnsctrl.obj
 0001:0000f9a8       _SetImageBase              00000001400109a8 f   libvcruntime:risctrnsctrl.obj
 0001:0000f9c0       _SetThrowImageBase         00000001400109c0 f   libvcruntime:risctrnsctrl.obj
 0001:0000f9d8       __CxxFrameHandler          00000001400109d8 f   libvcruntime:risctrnsctrl.obj
 0001:0000f9e0       __CxxFrameHandler2         00000001400109e0 f   libvcruntime:risctrnsctrl.obj
 0001:0000f9e8       __CxxFrameHandler3         00000001400109e8 f   libvcruntime:risctrnsctrl.obj
 0001:0000fa70       __CxxFrameHandler4         0000000140010a70 f   libvcruntime:risctrnsctrl.obj
 0001:0000fb40       memcpy_repmovs             0000000140010b40 f   libvcruntime:memcpy.obj
 0001:0000fb60       memcpy                     0000000140010b60 f   libvcruntime:memcpy.obj
 0001:0000fb60       memmove                    0000000140010b60 f   libvcruntime:memcpy.obj
 0001:0000ff38       ?GetCurrentState@__FrameHandler3@@SAHPEA_KPEAU_xDISPATCHER_CONTEXT@@PEBU_s_FuncInfo@@@Z 0000000140010f38 f   libvcruntime:ehstate.obj
 0001:0000ff60       ?GetUnwindTryBlock@__FrameHandler3@@SAHPEA_KPEAU_xDISPATCHER_CONTEXT@@PEBU_s_FuncInfo@@@Z 0000000140010f60 f   libvcruntime:ehstate.obj
 0001:0000ff8c       ?SetState@__FrameHandler3@@SAXPEA_KPEBU_s_FuncInfo@@H@Z 0000000140010f8c f   libvcruntime:ehstate.obj
 0001:0000ff98       ?SetUnwindTryBlock@__FrameHandler3@@SAXPEA_KPEAU_xDISPATCHER_CONTEXT@@PEBU_s_FuncInfo@@H@Z 0000000140010f98 f   libvcruntime:ehstate.obj
 0001:0000ffd4       ?StateFromControlPc@__FrameHandler3@@SAHPEBU_s_FuncInfo@@PEAU_xDISPATCHER_CONTEXT@@@Z 0000000140010fd4 f   libvcruntime:ehstate.obj
 0001:0000ffdc       ?StateFromControlPc@__FrameHandler4@@SAHPEAUFuncInfo4@FH4@@PEAU_xDISPATCHER_CONTEXT@@@Z 0000000140010fdc f   libvcruntime:ehstate.obj
 0001:0000ffe4       ?StateFromIp@__FrameHandler3@@SAHPEBU_s_FuncInfo@@PEAU_xDISPATCHER_CONTEXT@@_K@Z 0000000140010fe4 f   libvcruntime:ehstate.obj
 0001:0001004c       ?StateFromIp@__FrameHandler4@@SAHPEAUFuncInfo4@FH4@@PEAU_xDISPATCHER_CONTEXT@@_K@Z 000000014001104c f   libvcruntime:ehstate.obj
 0001:00010134       ?__FuncRelToRealOffset@@YA_KPEAU_xDISPATCHER_CONTEXT@@I@Z 0000000140011134 f i libvcruntime:ehstate.obj
 0001:00010144       ?__RVAtoRealOffset@@YA_KPEAU_xDISPATCHER_CONTEXT@@H@Z 0000000140011144 f i libvcruntime:ehstate.obj
 0001:00011788       ??$TypeMatchHelper@V__FrameHandler3@@@@YAHPEBU_s_HandlerType@@PEBU_s_CatchableType@@PEBU_s_ThrowInfo@@@Z 0000000140012788 f i libvcruntime:frame.obj
 0001:000118c8       ??$TypeMatchHelper@V__FrameHandler4@@@@YAHPEAUHandlerType4@FH4@@PEBU_s_CatchableType@@PEBU_s_ThrowInfo@@@Z 00000001400128c8 f i libvcruntime:frame.obj
 0001:00011a0c       ??$__InternalCxxFrameHandler@V__FrameHandler3@@@@YA?AW4_EXCEPTION_DISPOSITION@@PEAUEHExceptionRecord@@PEA_KPEAU_CONTEXT@@PEAU_xDISPATCHER_CONTEXT@@PEBU_s_FuncInfo@@H1E@Z 0000000140012a0c f i libvcruntime:frame.obj
 0001:00011c44       ??$__InternalCxxFrameHandler@V__FrameHandler4@@@@YA?AW4_EXCEPTION_DISPOSITION@@PEAUEHExceptionRecord@@PEA_KPEAU_CONTEXT@@PEAU_xDISPATCHER_CONTEXT@@PEAUFuncInfo4@FH4@@H1E@Z 0000000140012c44 f i libvcruntime:frame.obj
 0001:00011ed8       ??0HandlerMap4@FH4@@QEAA@PEBUTryBlockMapEntry4@1@_KH@Z 0000000140012ed8 f i libvcruntime:frame.obj
 0001:00011f54       ??0HandlerMap@__FrameHandler3@@QEAA@PEBU_s_TryBlockMapEntry@@_KI@Z 0000000140012f54 f i libvcruntime:frame.obj
 0001:00011f68       ??0HandlerType4@FH4@@QEAA@XZ 0000000140012f68 f i libvcruntime:frame.obj
 0001:00011f80       ??0TryBlockMap4@FH4@@QEAA@PEBUFuncInfo4@1@_K@Z 0000000140012f80 f i libvcruntime:frame.obj
 0001:00012058       ??0TryBlockMap@__FrameHandler3@@QEAA@PEBU_s_FuncInfo@@_K@Z 0000000140013058 f i libvcruntime:frame.obj
 0001:00012064       ??0UWMap4@FH4@@QEAA@PEBUFuncInfo4@1@_K@Z 0000000140013064 f i libvcruntime:frame.obj
 0001:000120a8       ??0bad_exception@std@@QEAA@AEBV01@@Z 00000001400130a8 f i libvcruntime:frame.obj
 0001:000120e4       ??0bad_exception@std@@QEAA@XZ 00000001400130e4 f i libvcruntime:frame.obj
 0001:00012104       ??0exception@std@@QEAA@AEBV01@@Z 0000000140013104 f i libvcruntime:frame.obj
 0001:00012138       ??0exception@std@@QEAA@QEBDH@Z 0000000140013138 f i libvcruntime:frame.obj
 0001:00012150       ??0iterator@HandlerMap4@FH4@@QEAA@AEAV12@I@Z 0000000140013150 f i libvcruntime:frame.obj
 0001:0001215c       ??0iterator@HandlerMap@__FrameHandler3@@QEAA@AEAV12@I@Z 000000014001315c f i libvcruntime:frame.obj
 0001:00012168       ??0iterator@UWMap4@FH4@@QEAA@AEAV12@PEAE@Z 0000000140013168 f i libvcruntime:frame.obj
 0001:00012174       ??1bad_exception@std@@UEAA@XZ 0000000140013174 f i libvcruntime:frame.obj
 0001:00012188       ??1exception@std@@UEAA@XZ  0000000140013188 f i libvcruntime:frame.obj
 0001:0001219c       ??4iterator@UWMap4@FH4@@QEAAAEAV012@AEBV012@@Z 000000014001319c f i libvcruntime:frame.obj
 0001:000121bc       ??8iterator@HandlerMap4@FH4@@QEBA_NAEBV012@@Z 00000001400131bc f i libvcruntime:frame.obj
 0001:000121c8       ??8iterator@HandlerMap@__FrameHandler3@@QEBA_NAEBV012@@Z 00000001400131c8 f i libvcruntime:frame.obj
 0001:000121d4       ??8type_info@@QEBA_NAEBV0@@Z 00000001400131d4 f i libvcruntime:frame.obj
 0001:000121f0       ??9iterator@HandlerMap4@FH4@@QEBA_NAEBV012@@Z 00000001400131f0 f i libvcruntime:frame.obj
 0001:000121fc       ??9iterator@HandlerMap@__FrameHandler3@@QEBA_NAEBV012@@Z 00000001400131fc f i libvcruntime:frame.obj
 0001:00012208       ??Diterator@HandlerMap4@FH4@@QEAA?AUHandlerType4@2@XZ 0000000140013208 f i libvcruntime:frame.obj
 0001:00012228       ??Diterator@HandlerMap@__FrameHandler3@@QEAA?BU_s_HandlerType@@XZ 0000000140013228 f i libvcruntime:frame.obj
 0001:0001224c       ??Diterator@TryBlockMap@__FrameHandler3@@QEAA?BU_s_TryBlockMapEntry@@XZ 000000014001324c f i libvcruntime:frame.obj
 0001:0001227c       ??Diterator@UWMap4@FH4@@QEAA?AUUnwindMapEntry4@2@XZ 000000014001327c f i libvcruntime:frame.obj
 0001:000122d0       ??Eiterator@HandlerMap4@FH4@@QEAAAEAV012@XZ 00000001400132d0 f i libvcruntime:frame.obj
 0001:000122f0       ??Eiterator@HandlerMap@__FrameHandler3@@QEAAAEAV012@XZ 00000001400132f0 f i libvcruntime:frame.obj
 0001:000122f8       ??Eiterator@TryBlockMap@__FrameHandler3@@QEAAAEAV012@XZ 00000001400132f8 f i libvcruntime:frame.obj
 0001:00012300       ??Eiterator@UWMap4@FH4@@QEAAAEAV012@XZ 0000000140013300 f i libvcruntime:frame.obj
 0001:00012320       ??Giterator@UWMap4@FH4@@QEBA_JAEBV012@@Z 0000000140013320 f i libvcruntime:frame.obj
 0001:0001232c       ??Miterator@TryBlockMap4@FH4@@QEBA_NAEBV012@@Z 000000014001332c f i libvcruntime:frame.obj
 0001:00012338       ??Miterator@TryBlockMap@__FrameHandler3@@QEBA_NAEBV012@@Z 0000000140013338 f i libvcruntime:frame.obj
 0001:00012344       ??Oiterator@UWMap4@FH4@@QEBA_NAEBV012@@Z 0000000140013344 f i libvcruntime:frame.obj
 0001:00012350       ??Piterator@UWMap4@FH4@@QEBA_NAEBV012@@Z 0000000140013350 f i libvcruntime:frame.obj
 0001:0001235c       ??_Ebad_exception@std@@UEAAPEAXI@Z 000000014001335c f i libvcruntime:frame.obj
 0001:0001235c       ??_Gbad_exception@std@@UEAAPEAXI@Z 000000014001335c f i libvcruntime:frame.obj
 0001:000123a0       ??_Gexception@std@@UEAAPEAXI@Z 00000001400133a0 f i libvcruntime:frame.obj
 0001:000123a0       ??_Eexception@std@@UEAAPEAXI@Z 00000001400133a0 f i libvcruntime:frame.obj
 0001:000123e4       ?BuildCatchObject@__FrameHandler3@@SAXPEAUEHExceptionRecord@@PEAXPEBU_s_HandlerType@@PEBU_s_CatchableType@@@Z 00000001400133e4 f   libvcruntime:frame.obj
 0001:000123ec       ?BuildCatchObject@__FrameHandler4@@SAXPEAUEHExceptionRecord@@PEAXPEAUHandlerType4@FH4@@PEBU_s_CatchableType@@@Z 00000001400133ec f   libvcruntime:frame.obj
 0001:000123f4       ?BuildCatchObjectHelper@__FrameHandler3@@SAHPEAUEHExceptionRecord@@PEAXPEBU_s_HandlerType@@PEBU_s_CatchableType@@@Z 00000001400133f4 f   libvcruntime:frame.obj
 0001:000123fc       ?BuildCatchObjectHelper@__FrameHandler4@@SAHPEAUEHExceptionRecord@@PEAXPEAUHandlerType4@FH4@@PEBU_s_CatchableType@@@Z 00000001400133fc f   libvcruntime:frame.obj
 0001:00012404       ?CxxCallCatchBlock@__FrameHandler3@@SAPEAXPEAU_EXCEPTION_RECORD@@@Z 0000000140013404 f   libvcruntime:frame.obj
 0001:000125f0       ?CxxCallCatchBlock@__FrameHandler4@@SAPEAXPEAU_EXCEPTION_RECORD@@@Z 00000001400135f0 f   libvcruntime:frame.obj
 0001:00012840       ?DecompHandler@HandlerMap4@FH4@@AEAAXXZ 0000000140013840 f i libvcruntime:frame.obj
 0001:00012a80       ?FrameUnwindToState@__FrameHandler3@@SAXPEA_KPEAU_xDISPATCHER_CONTEXT@@PEBU_s_FuncInfo@@H@Z 0000000140013a80 f   libvcruntime:frame.obj
 0001:00012c0c       ?FrameUnwindToState@__FrameHandler4@@SAXPEA_KPEAU_xDISPATCHER_CONTEXT@@PEAUFuncInfo4@FH4@@H@Z 0000000140013c0c f   libvcruntime:frame.obj
 0001:00012ef4       ?GetHandlerSearchState@__FrameHandler3@@SAHPEA_KPEAU_xDISPATCHER_CONTEXT@@PEBU_s_FuncInfo@@@Z 0000000140013ef4 f i libvcruntime:frame.obj
 0001:00012f8c       ?GetHandlerSearchState@__FrameHandler4@@SAHPEA_KPEAU_xDISPATCHER_CONTEXT@@PEAUFuncInfo4@FH4@@@Z 0000000140013f8c f i libvcruntime:frame.obj
 0001:00012ff0       ?GetMaxState@__FrameHandler3@@SAHPEAU_xDISPATCHER_CONTEXT@@PEBU_s_FuncInfo@@@Z 0000000140013ff0 f i libvcruntime:frame.obj
 0001:00012ff4       ?GetMaxState@__FrameHandler4@@SAHPEAU_xDISPATCHER_CONTEXT@@PEAUFuncInfo4@FH4@@@Z 0000000140013ff4 f i libvcruntime:frame.obj
 0001:000131a4       ?ReadEntry@UWMap4@FH4@@AEAAXPEAPEAE@Z 00000001400141a4 f i libvcruntime:frame.obj
 0001:00013244       ?TypeMatch@__FrameHandler3@@SAHPEBU_s_HandlerType@@PEBU_s_CatchableType@@PEBU_s_ThrowInfo@@@Z 0000000140014244 f   libvcruntime:frame.obj
 0001:0001324c       ?TypeMatch@__FrameHandler4@@SAHPEAUHandlerType4@FH4@@PEBU_s_CatchableType@@PEBU_s_ThrowInfo@@@Z 000000014001424c f   libvcruntime:frame.obj
 0001:00013254       ?WalkBack@UWMap4@FH4@@AEAAXPEAPEAE@Z 0000000140014254 f i libvcruntime:frame.obj
 0001:0001328c       ?WalkBack@iterator@UWMap4@FH4@@QEAAXXZ 000000014001428c f i libvcruntime:frame.obj
 0001:000132cc       ?WalkForward@UWMap4@FH4@@AEAAXPEAPEAE@Z 00000001400142cc f i libvcruntime:frame.obj
 0001:000132d4       ?_CallMemberFunction1@@YAXQEAX00@Z 00000001400142d4 f i libvcruntime:frame.obj
 0001:000132e0       ?_CallMemberFunction2@@YAXQEAX00H@Z 00000001400142e0 f i libvcruntime:frame.obj
 0001:00013304       ?begin@HandlerMap4@FH4@@QEAA?AViterator@12@XZ 0000000140014304 f i libvcruntime:frame.obj
 0001:00013310       ?begin@HandlerMap@__FrameHandler3@@QEAA?AViterator@12@XZ 0000000140014310 f i libvcruntime:frame.obj
 0001:0001331c       ?begin@UWMap4@FH4@@QEAA?AViterator@12@XZ 000000014001431c f i libvcruntime:frame.obj
 0001:0001332c       ?end@HandlerMap4@FH4@@QEAA?AViterator@12@XZ 000000014001432c f i libvcruntime:frame.obj
 0001:00013338       ?end@HandlerMap@__FrameHandler3@@QEAA?AViterator@12@XZ 0000000140014338 f i libvcruntime:frame.obj
 0001:00013344       ?getESTypes@__FrameHandler3@@SAPEBU_s_ESTypeList@@PEBU_s_FuncInfo@@@Z 0000000140014344 f i libvcruntime:frame.obj
 0001:0001336c       ?getESTypes@__FrameHandler4@@SAPEBU_s_ESTypeList@@PEAUFuncInfo4@FH4@@@Z 000000014001436c f i libvcruntime:frame.obj
 0001:00013370       ?getLastEntry@HandlerMap4@FH4@@QEAAPEAUHandlerType4@2@XZ 0000000140014370 f i libvcruntime:frame.obj
 0001:000133c0       ?getLastEntry@HandlerMap@__FrameHandler3@@QEAAPEBU_s_HandlerType@@XZ 00000001400143c0 f i libvcruntime:frame.obj
 0001:000133d4       ?getMagicNum@__FrameHandler3@@SAIPEBU_s_FuncInfo@@@Z 00000001400143d4 f i libvcruntime:frame.obj
 0001:000133dc       ?getMagicNum@__FrameHandler4@@SAIPEAUFuncInfo4@FH4@@@Z 00000001400143dc f i libvcruntime:frame.obj
 0001:000133e4       ?getNumTryBlocks@TryBlockMap4@FH4@@QEAAIXZ 00000001400143e4 f i libvcruntime:frame.obj
 0001:000133e8       ?getNumTryBlocks@TryBlockMap@__FrameHandler3@@QEAAIXZ 00000001400143e8 f i libvcruntime:frame.obj
 0001:000133f0       ?getStartStop@UWMap4@FH4@@QEAAXHHAEAViterator@12@0@Z 00000001400143f0 f i libvcruntime:frame.obj
 0001:000134c0       ?getStateFromIterators@UWMap4@FH4@@SAHAEBViterator@12@H0H0@Z 00000001400144c0 f i libvcruntime:frame.obj
 0001:00013588       ?isEHs@__FrameHandler3@@SA_NPEBU_s_FuncInfo@@@Z 0000000140014588 f i libvcruntime:frame.obj
 0001:00013590       ?isEHs@__FrameHandler4@@SA_NPEAUFuncInfo4@FH4@@@Z 0000000140014590 f i libvcruntime:frame.obj
 0001:00013598       ?isNoExcept@__FrameHandler3@@SA_NPEBU_s_FuncInfo@@@Z 0000000140014598 f i libvcruntime:frame.obj
 0001:000135a4       ?isNoExcept@__FrameHandler4@@SA_NPEAUFuncInfo4@FH4@@@Z 00000001400145a4 f i libvcruntime:frame.obj
 0001:000135ac       ?reset@HandlerType4@FH4@@QEAAXXZ 00000001400145ac f i libvcruntime:frame.obj
 0001:000135c0       ?resetBuffer@HandlerMap4@FH4@@QEAAXXZ 00000001400145c0 f i libvcruntime:frame.obj
 0001:000135d0       ?setBuffer@HandlerMap4@FH4@@QEAAXI@Z 00000001400145d0 f i libvcruntime:frame.obj
 0001:0001360c       ?what@exception@std@@UEBAPEBDXZ 000000014001460c f i libvcruntime:frame.obj
 0001:00013620       __BuildCatchObject         0000000140014620 f   libvcruntime:frame.obj
 0001:00013628       __BuildCatchObjectHelper   0000000140014628 f   libvcruntime:frame.obj
 0001:00013630       __TypeMatch                0000000140014630 f   libvcruntime:frame.obj
 0001:00013638       __vcrt_EncodePointer       0000000140014638 f i libvcruntime:frame.obj
 0001:00013650       _CallSettingFrame          0000000140014650 f   libvcruntime:handlers.obj
 0001:000136a0       _CallSettingFrame_LookupContinuationIndex 00000001400146a0 f   libvcruntime:handlers.obj
 0001:000136d0       _CallSettingFrame_NotifyContinuationAddr 00000001400146d0 f   libvcruntime:handlers.obj
 0001:00013700       _CallSettingFrameEncoded   0000000140014700 f   libvcruntime:handlers.obj
 0001:00013748       ??$?RD@__crt_public_free_policy@@QEBAXQEBD@Z 0000000140014748 f i libvcruntime:std_exception.obj
 0001:00013750       ??0?$__crt_unique_heap_ptr@DU__crt_public_free_policy@@@@QEAA@QEAD@Z 0000000140014750 f i libvcruntime:std_exception.obj
 0001:00013758       ??1?$__crt_unique_heap_ptr@DU__crt_public_free_policy@@@@QEAA@XZ 0000000140014758 f i libvcruntime:std_exception.obj
 0001:00013774       ??B?$__crt_unique_heap_ptr@DU__crt_public_free_policy@@@@QEBA_NXZ 0000000140014774 f i libvcruntime:std_exception.obj
 0001:0001377c       ?detach@?$__crt_unique_heap_ptr@DU__crt_public_free_policy@@@@QEAAPEADXZ 000000014001477c f i libvcruntime:std_exception.obj
 0001:00013784       ?get@?$__crt_unique_heap_ptr@DU__crt_public_free_policy@@@@QEBAPEADXZ 0000000140014784 f i libvcruntime:std_exception.obj
 0001:00013788       ?is_valid@?$__crt_unique_heap_ptr@DU__crt_public_free_policy@@@@QEBA_NXZ 0000000140014788 f i libvcruntime:std_exception.obj
 0001:00013790       ?release@?$__crt_unique_heap_ptr@DU__crt_public_free_policy@@@@QEAAXXZ 0000000140014790 f i libvcruntime:std_exception.obj
 0001:000137ac       __std_exception_copy       00000001400147ac f   libvcruntime:std_exception.obj
 0001:0001383c       __std_exception_destroy    000000014001483c f   libvcruntime:std_exception.obj
 0001:00013864       _CxxThrowException         0000000140014864 f   libvcruntime:throw.obj
 0001:00013904       ??$__crt_interlocked_read@J@@YAJPEDJ@Z 0000000140014904 f i libucrt:assert.obj
 0001:00014718       ??$ftprintf@PEAU_iobuf@@PEBDAEBQEBDAEBQEBDAEBI@?$__crt_char_traits@D@@SAH$$QEAPEAU_iobuf@@$$QEAPEBDAEBQEBD2AEBI@Z 0000000140015718 f i libucrt:assert.obj
 0001:00014738       ??$ftprintf@PEAU_iobuf@@PEB_WAEBQEB_WAEBQEB_WAEBI@?$__crt_char_traits@_W@@SAH$$QEAPEAU_iobuf@@$$QEAPEB_WAEBQEB_W2AEBI@Z 0000000140015738 f i libucrt:assert.obj
 0001:00014758       ??$get_module_file_name@AEAPEAUHINSTANCE__@@AEAY0BAF@DK@?$__crt_char_traits@D@@SAKAEAPEAUHINSTANCE__@@AEAY0BAF@D$$QEAK@Z 0000000140015758 f i libucrt:assert.obj
 0001:00014764       ??$get_module_file_name@AEAPEAUHINSTANCE__@@AEAY0BAF@_WK@?$__crt_char_traits@_W@@SAKAEAPEAUHINSTANCE__@@AEAY0BAF@_W$$QEAK@Z 0000000140015764 f i libucrt:assert.obj
 0001:00014774       ??$itot_s@AEBIPEAD_KH@?$__crt_char_traits@D@@SAHAEBI$$QEAPEAD$$QEA_K$$QEAH@Z 0000000140015774 f i libucrt:assert.obj
 0001:00014784       ??$itot_s@AEBIPEA_W_KH@?$__crt_char_traits@_W@@SAHAEBI$$QEAPEA_W$$QEA_K$$QEAH@Z 0000000140015784 f i libucrt:assert.obj
 0001:00014794       ??$show_message_box@AEAY0CEA@DPEBDJ@?$__crt_char_traits@D@@SAHAEAY0CEA@D$$QEAPEBD$$QEAJ@Z 0000000140015794 f i libucrt:assert.obj
 0001:000147a0       ??$show_message_box@AEAY0CEA@_WPEB_WJ@?$__crt_char_traits@_W@@SAHAEAY0CEA@_W$$QEAPEB_W$$QEAJ@Z 00000001400157a0 f i libucrt:assert.obj
 0001:000147ac       ??$tcscat_s@AEBQEADAEB_KAEAPEAD@?$__crt_char_traits@D@@SAHAEBQEADAEB_KAEAPEAD@Z 00000001400157ac f i libucrt:assert.obj
 0001:000147bc       ??$tcscat_s@AEBQEADAEB_KAEBQEBD@?$__crt_char_traits@D@@SAHAEBQEADAEB_KAEBQEBD@Z 00000001400157bc f i libucrt:assert.obj
 0001:000147cc       ??$tcscat_s@AEBQEADAEB_KPEBD@?$__crt_char_traits@D@@SAHAEBQEADAEB_K$$QEAPEBD@Z 00000001400157cc f i libucrt:assert.obj
 0001:000147dc       ??$tcscat_s@AEBQEA_WAEB_KAEAPEA_W@?$__crt_char_traits@_W@@SAHAEBQEA_WAEB_KAEAPEA_W@Z 00000001400157dc f i libucrt:assert.obj
 0001:000147ec       ??$tcscat_s@AEBQEA_WAEB_KAEBQEB_W@?$__crt_char_traits@_W@@SAHAEBQEA_WAEB_KAEBQEB_W@Z 00000001400157ec f i libucrt:assert.obj
 0001:000147fc       ??$tcscat_s@AEBQEA_WAEB_KPEB_W@?$__crt_char_traits@_W@@SAHAEBQEA_WAEB_K$$QEAPEB_W@Z 00000001400157fc f i libucrt:assert.obj
 0001:0001480c       ??$tcscpy_s@AEAY0BAF@D_KPEBD@?$__crt_char_traits@D@@SAHAEAY0BAF@D$$QEA_K$$QEAPEBD@Z 000000014001580c f i libucrt:assert.obj
 0001:00014818       ??$tcscpy_s@AEAY0BAF@_W_KPEB_W@?$__crt_char_traits@_W@@SAHAEAY0BAF@_W$$QEA_K$$QEAPEB_W@Z 0000000140015818 f i libucrt:assert.obj
 0001:00014824       ??$tcscpy_s@AEBQEADAEB_KPEBD@?$__crt_char_traits@D@@SAHAEBQEADAEB_K$$QEAPEBD@Z 0000000140015824 f i libucrt:assert.obj
 0001:00014834       ??$tcscpy_s@AEBQEA_WAEB_KPEB_W@?$__crt_char_traits@_W@@SAHAEBQEA_WAEB_K$$QEAPEB_W@Z 0000000140015834 f i libucrt:assert.obj
 0001:00014844       ??$tcslen@AEAY0BAF@D@?$__crt_char_traits@D@@SA_KAEAY0BAF@D@Z 0000000140015844 f i libucrt:assert.obj
 0001:00014854       ??$tcslen@AEAY0BAF@_W@?$__crt_char_traits@_W@@SA_KAEAY0BAF@_W@Z 0000000140015854 f i libucrt:assert.obj
 0001:00014864       ??$tcslen@AEBQEAD@?$__crt_char_traits@D@@SA_KAEBQEAD@Z 0000000140015864 f i libucrt:assert.obj
 0001:00014878       ??$tcslen@AEBQEA_W@?$__crt_char_traits@_W@@SA_KAEBQEA_W@Z 0000000140015878 f i libucrt:assert.obj
 0001:0001488c       ??$tcslen@AEBQEBD@?$__crt_char_traits@D@@SA_KAEBQEBD@Z 000000014001588c f i libucrt:assert.obj
 0001:000148a0       ??$tcslen@AEBQEB_W@?$__crt_char_traits@_W@@SA_KAEBQEB_W@Z 00000001400158a0 f i libucrt:assert.obj
 0001:000148b4       ??$tcsncat_s@AEBQEADAEB_KAEAPEBD_K@?$__crt_char_traits@D@@SAHAEBQEADAEB_KAEAPEBD$$QEA_K@Z 00000001400158b4 f i libucrt:assert.obj
 0001:000148c8       ??$tcsncat_s@AEBQEADAEB_KAEBQEBDAEB_K@?$__crt_char_traits@D@@SAHAEBQEADAEB_KAEBQEBD1@Z 00000001400158c8 f i libucrt:assert.obj
 0001:000148dc       ??$tcsncat_s@AEBQEADAEB_KPEBD_K@?$__crt_char_traits@D@@SAHAEBQEADAEB_K$$QEAPEBD$$QEA_K@Z 00000001400158dc f i libucrt:assert.obj
 0001:000148f0       ??$tcsncat_s@AEBQEA_WAEB_KAEAPEB_W_K@?$__crt_char_traits@_W@@SAHAEBQEA_WAEB_KAEAPEB_W$$QEA_K@Z 00000001400158f0 f i libucrt:assert.obj
 0001:00014904       ??$tcsncat_s@AEBQEA_WAEB_KAEBQEB_WAEB_K@?$__crt_char_traits@_W@@SAHAEBQEA_WAEB_KAEBQEB_W1@Z 0000000140015904 f i libucrt:assert.obj
 0001:00014918       ??$tcsncat_s@AEBQEA_WAEB_KPEB_W_K@?$__crt_char_traits@_W@@SAHAEBQEA_WAEB_K$$QEAPEB_W$$QEA_K@Z 0000000140015918 f i libucrt:assert.obj
 0001:0001492c       ??0__crt_stdio_stream@@QEAA@QEAU_iobuf@@@Z 000000014001592c f i libucrt:assert.obj
 0001:00014934       ?__crt_interlocked_read_32@@YAHPEDH@Z 0000000140015934 f i libucrt:assert.obj
 0001:00014a84       ?get_flags@__crt_stdio_stream@@QEBAJXZ 0000000140015a84 f i libucrt:assert.obj
 0001:00014aec       ?has_any_buffer@__crt_stdio_stream@@QEBA_NXZ 0000000140015aec f i libucrt:assert.obj
 0001:00014afc       ?has_any_of@__crt_stdio_stream@@QEBA_NJ@Z 0000000140015afc f i libucrt:assert.obj
 0001:00014b08       _assert                    0000000140015b08 f   libucrt:assert.obj
 0001:00014b7c       _invoke_watson_if_error    0000000140015b7c f i libucrt:assert.obj
 0001:00014bb0       _vfwprintf_l               0000000140015bb0 f i libucrt:assert.obj
 0001:00014c00       _vswprintf_c_l             0000000140015c00 f i libucrt:assert.obj
 0001:00014c64       _wassert                   0000000140015c64 f   libucrt:assert.obj
 0001:00014cd8       fwprintf                   0000000140015cd8 f i libucrt:assert.obj
 0001:00014da4       swprintf                   0000000140015da4 f i libucrt:assert.obj
 0001:00014df8       ??$?RPEAU__crt_stdio_stream_data@@@__crt_internal_free_policy@@QEBAXQEBQEAU__crt_stdio_stream_data@@@Z 0000000140015df8 f i libucrt:_file.obj
 0001:00014e00       ??0?$__crt_unique_heap_ptr@PEAU__crt_stdio_stream_data@@U__crt_internal_free_policy@@@@QEAA@QEAPEAU__crt_stdio_stream_data@@@Z 0000000140015e00 f i libucrt:_file.obj
 0001:00014e08       ??1?$__crt_unique_heap_ptr@PEAU__crt_stdio_stream_data@@U__crt_internal_free_policy@@@@QEAA@XZ 0000000140015e08 f i libucrt:_file.obj
 0001:00014e24       ??C__crt_stdio_stream@@QEBAPEAU__crt_stdio_stream_data@@XZ 0000000140015e24 f i libucrt:_file.obj
 0001:00014e28       ?detach@?$__crt_unique_heap_ptr@PEAU__crt_stdio_stream_data@@U__crt_internal_free_policy@@@@QEAAPEAPEAU__crt_stdio_stream_data@@XZ 0000000140015e28 f i libucrt:_file.obj
 0001:00014e30       ?release@?$__crt_unique_heap_ptr@PEAU__crt_stdio_stream_data@@U__crt_internal_free_policy@@@@QEAAXXZ 0000000140015e30 f i libucrt:_file.obj
 0001:00014e4c       __acrt_initialize_stdio    0000000140015e4c f   libucrt:_file.obj
 0001:00014f6c       __acrt_iob_func            0000000140015f6c f   libucrt:_file.obj
 0001:00014f80       __acrt_uninitialize_stdio  0000000140015f80 f   libucrt:_file.obj
 0001:00014fdc       _get_stream_buffer_pointers 0000000140015fdc f   libucrt:_file.obj
 0001:00015024       _lock_file                 0000000140016024 f   libucrt:_file.obj
 0001:00015030       _unlock_file               0000000140016030 f   libucrt:_file.obj
 0001:000151c4       ?detach@?$__crt_unique_heap_ptr@DU__crt_internal_free_policy@@@@QEAAPEADXZ 00000001400161c4 f i libucrt:setvbuf.obj
 0001:000151cc       ?public_stream@__crt_stdio_stream@@QEBAPEAU_iobuf@@XZ 00000001400161cc f i libucrt:setvbuf.obj
 0001:000151e8       ?set_flags@__crt_stdio_stream@@QEBA_NJ@Z 00000001400161e8 f i libucrt:setvbuf.obj
 0001:00015208       ?unset_flags@__crt_stdio_stream@@QEBA_NJ@Z 0000000140016208 f i libucrt:setvbuf.obj
 0001:00015230       ?valid@__crt_stdio_stream@@QEBA_NXZ 0000000140016230 f i libucrt:setvbuf.obj
 0001:00015238       setvbuf                    0000000140016238 f   libucrt:setvbuf.obj
 0001:000152d4       ??$?0AEBV?$stream_output_adapter@D@__crt_stdio_output@@AEB_KAEBQEBDAEBQEAU__crt_locale_pointers@@AEBQEAD@?$format_validation_base@DV?$stream_output_adapter@D@__crt_stdio_output@@@__crt_stdio_output@@IEAA@AEBV?$stream_output_adapter@D@1@AEB_KAEBQEBDAEBQEAU__crt_locale_pointers@@AEBQEAD@Z 00000001400162d4 f i libucrt:output.obj
 0001:00015358       ??$?0AEBV?$stream_output_adapter@D@__crt_stdio_output@@AEB_KAEBQEBDAEBQEAU__crt_locale_pointers@@AEBQEAD@?$positional_parameter_base@DV?$stream_output_adapter@D@__crt_stdio_output@@@__crt_stdio_output@@IEAA@AEBV?$stream_output_adapter@D@1@AEB_KAEBQEBDAEBQEAU__crt_locale_pointers@@AEBQEAD@Z 0000000140016358 f i libucrt:output.obj
 0001:000153f8       ??$?0AEBV?$stream_output_adapter@D@__crt_stdio_output@@AEB_KAEBQEBDAEBQEAU__crt_locale_pointers@@AEBQEAD@?$standard_base@DV?$stream_output_adapter@D@__crt_stdio_output@@@__crt_stdio_output@@IEAA@AEBV?$stream_output_adapter@D@1@AEB_KAEBQEBDAEBQEAU__crt_locale_pointers@@AEBQEAD@Z 00000001400163f8 f i libucrt:output.obj
[...]
 0002:00010e80       $unwind$__acrt_GetLocaleInfoA 0000000140064e80     libucrt:getlocaleinfoa.obj
 0002:00010ea0       $unwind$?InternalGetLocaleInfoA@@YAHQEAU__crt_locale_pointers@@QEB_WKQEADH@Z 0000000140064ea0     libucrt:getlocaleinfoa.obj
 0002:00010ec8       $unwind$_wcsicmp           0000000140064ec8     libucrt:wcsicmp.obj
 0002:00010ed0       $unwind$_wcsicmp_l         0000000140064ed0     libucrt:wcsicmp.obj
 0002:00010ee8       $unwind$_wcsnicmp          0000000140064ee8     libucrt:wcsnicmp.obj
 0002:00010ef0       $unwind$_wcsnicmp_l        0000000140064ef0     libucrt:wcsnicmp.obj
 0002:00010f0c       $unwind$_msize_base        0000000140064f0c     libucrt:msize.obj
 0002:00010f14       $unwind$_realloc_base      0000000140064f14     libucrt:realloc_base.obj
 0002:00010f20       $unwind$mbstowcs_s         0000000140064f20     libucrt:mbstowcs.obj
 0002:00010f28       $unwind$_mbstowcs_s_l      0000000140064f28     libucrt:mbstowcs.obj
 0002:00010f40       $unwind$?_mbstowcs_l_helper@@YA_KPEA_WPEBD_KPEAU__crt_locale_pointers@@@Z 0000000140064f40     libucrt:mbstowcs.obj
 0002:00010f58       $unwind$?common_lseek_do_seek_nolock@@YAJQEAXJH@Z 0000000140064f58     libucrt:lseek.obj
 0002:00010f68       $unwind$?common_lseek_do_seek_nolock@@YA_JQEAX_JH@Z 0000000140064f68     libucrt:lseek.obj
 0002:00010f70       $unwind$??$common_lseek@J@@YAJHJH@Z 0000000140064f70     libucrt:lseek.obj
 0002:00010fa0       $unwind$?fin$0@?0???$common_lseek@J@@YAJHJH@Z@4HA 0000000140064fa0     libucrt:lseek.obj
 0002:00010fa8       $unwind$??$common_lseek@_J@@YA_JH_JH@Z 0000000140064fa8     libucrt:lseek.obj
 0002:00010fd8       $unwind$?fin$0@?0???$common_lseek@_J@@YA_JH_JH@Z@4HA 0000000140064fd8     libucrt:lseek.obj
 0002:00010fe0       $unwind$??$common_lseek_nolock@J@@YAJHJH@Z 0000000140064fe0     libucrt:lseek.obj
 0002:00010ff4       $unwind$??$common_lseek_nolock@_J@@YA_JH_JH@Z 0000000140064ff4     libucrt:lseek.obj
 0002:00011004       $unwind$_putwch            0000000140065004     libucrt:putwch.obj
 0002:0001100c       $unwind$_putwch_nolock     000000014006500c     libucrt:putwch.obj
 0002:00011014       $unwind$??$__acrt_lock_and_call@V<lambda_9e0b6ab72a5b3ae37ad997d08b519f50>@@@@YAGW4__acrt_lock_id@@$$QEAV<lambda_9e0b6ab72a5b3ae37ad997d08b519f50>@@@Z 0000000140065014     libucrt:putwch.obj
 0002:0001101c       $unwind$??$?RV<lambda_0384895ae1aa6ccbfe369a30d6ca2ef7>@@AEAV<lambda_9e0b6ab72a5b3ae37ad997d08b519f50>@@V<lambda_7e22f70504d73c22058e5832bde5914f>@@@?$__crt_seh_guarded_call@G@@QEAAG$$QEAV<lambda_0384895ae1aa6ccbfe369a30d6ca2ef7>@@AEAV<lambda_9e0b6ab72a5b3ae37ad997d08b519f50>@@$$QEAV<lambda_7e22f70504d73c22058e5832bde5914f>@@@Z 000000014006501c     libucrt:putwch.obj
 0002:00011040       $unwind$?fin$0@?0???$?RV<lambda_0384895ae1aa6ccbfe369a30d6ca2ef7>@@AEAV<lambda_9e0b6ab72a5b3ae37ad997d08b519f50>@@V<lambda_7e22f70504d73c22058e5832bde5914f>@@@?$__crt_seh_guarded_call@G@@QEAAG$$QEAV<lambda_0384895ae1aa6ccbfe369a30d6ca2ef7>@@AEAV<lambda_9e0b6ab72a5b3ae37ad997d08b519f50>@@$$QEAV<lambda_7e22f70504d73c22058e5832bde5914f>@@@Z@4HA 0000000140065040     libucrt:putwch.obj
 0002:00011048       $unwind$_read              0000000140065048     libucrt:read.obj
 0002:00011078       $unwind$_read$fin$0        0000000140065078     libucrt:read.obj
 0002:00011080       $unwind$_read_nolock       0000000140065080     libucrt:read.obj
 0002:00011098       $unwind$?translate_utf16_from_console_nolock@@YAHHQEA_W_K@Z 0000000140065098     libucrt:read.obj
 0002:000110a0       $unwind$?translate_ansi_or_utf8_nolock@@YAHHQEAD_KQEA_W1@Z 00000001400650a0     libucrt:read.obj
 0002:000110bc       $unwind$??$translate_text_mode_nolock@D@@YAHHQEAD_K@Z 00000001400650bc     libucrt:read.obj
 0002:000110d4       $unwind$??$translate_text_mode_nolock@_W@@YAHHQEA_W_K@Z 00000001400650d4     libucrt:read.obj
 0002:000110ec       $unwind$_close             00000001400650ec     libucrt:close.obj
 0002:000110f4       $unwind$_close_nolock      00000001400650f4     libucrt:close.obj
 0002:00011100       $unwind$?close_os_handle_nolock@@YAKH@Z 0000000140065100     libucrt:close.obj
 0002:0001110c       $unwind$??R<lambda_628dfdc04ba53c8bfc02c9951375f3f5>@@QEBAHXZ 000000014006510c     libucrt:close.obj
 0002:00011114       $unwind$??$__acrt_lowio_lock_fh_and_call@V<lambda_628dfdc04ba53c8bfc02c9951375f3f5>@@@@YAHH$$QEAV<lambda_628dfdc04ba53c8bfc02c9951375f3f5>@@@Z 0000000140065114     libucrt:close.obj
 0002:0001111c       $unwind$??$?RV<lambda_751a882b2c74d4b022dec766aa51a29a>@@AEAV<lambda_628dfdc04ba53c8bfc02c9951375f3f5>@@V<lambda_f6c7be5f7998530c34de24c7437d6b54>@@@?$__crt_seh_guarded_call@H@@QEAAH$$QEAV<lambda_751a882b2c74d4b022dec766aa51a29a>@@AEAV<lambda_628dfdc04ba53c8bfc02c9951375f3f5>@@$$QEAV<lambda_f6c7be5f7998530c34de24c7437d6b54>@@@Z 000000014006511c     libucrt:close.obj
 0002:00011140       $unwind$?fin$0@?0???$?RV<lambda_751a882b2c74d4b022dec766aa51a29a>@@AEAV<lambda_628dfdc04ba53c8bfc02c9951375f3f5>@@V<lambda_f6c7be5f7998530c34de24c7437d6b54>@@@?$__crt_seh_guarded_call@H@@QEAAH$$QEAV<lambda_751a882b2c74d4b022dec766aa51a29a>@@AEAV<lambda_628dfdc04ba53c8bfc02c9951375f3f5>@@$$QEAV<lambda_f6c7be5f7998530c34de24c7437d6b54>@@@Z@4HA 0000000140065140     libucrt:close.obj
 0002:00011148       $unwind$?__acrt_stdio_allocate_stream@@YA?AV__crt_stdio_stream@@XZ 0000000140065148     libucrt:stream.obj
 0002:00011168       $unwind$?fin$0@?0??__acrt_stdio_allocate_stream@@YA?AV__crt_stdio_stream@@XZ@4HA 0000000140065168     libucrt:stream.obj
 0002:00011170       $unwind$?find_or_allocate_unused_stream_nolock@@YA?AV__crt_stdio_stream@@XZ 0000000140065170     libucrt:stream.obj
 0002:00011184       $unwind$??1?$__crt_unique_heap_ptr@U__crt_stdio_stream_data@@U__crt_internal_free_policy@@@@QEAA@XZ 0000000140065184     libucrt:stream.obj
 0002:0001118c       $unwind$?release@?$__crt_unique_heap_ptr@U__crt_stdio_stream_data@@U__crt_internal_free_policy@@@@QEAAXXZ 000000014006518c     libucrt:stream.obj
 0002:00011194       $unwind$?__mbrtoc32_utf8@__crt_mbstring@@YA_KPEA_UPEBD_KPEAU_Mbstatet@@@Z 0000000140065194     libucrt:mbrtoc32.obj
 0002:000111b0       $unwind$fegetenv           00000001400651b0     libucrt:fegetenv.obj
 0002:000111b8       $unwind$fesetenv           00000001400651b8     libucrt:fesetenv.obj
 0002:000111c0       $unwind$feholdexcept       00000001400651c0     libucrt:feholdexcept.obj
 0002:000111c8       $xdatasym                  00000001400651c8     libucrt:log10.obj
 0002:000111d4       $unwind$__acrt_stdio_allocate_buffer_nolock 00000001400651d4     libucrt:_getbuf.obj
 0002:000111e0       $unwind$__acrt_CompareStringW 00000001400651e0     libucrt:comparestringw.obj
 0002:000111f8       $unwind$_strnicmp          00000001400651f8     libucrt:strnicmp.obj
 0002:00011200       $unwind$_strnicmp_l        0000000140065200     libucrt:strnicmp.obj
 0002:00011210       $unwind$__acrt_CompareStringA 0000000140065210     libucrt:comparestringa.obj
 0002:00011220       $unwind$?InternalCompareStringA@@YAHPEAU__crt_locale_pointers@@PEB_WKPEBDH2HH@Z 0000000140065220     libucrt:comparestringa.obj
 0002:00011244       $unwind$_towlower_l        0000000140065244     libucrt:towlower.obj
 0002:0001124c       $unwind$__dcrt_lowio_ensure_console_output_initialized 000000014006524c     libucrt:initcon.obj
 0002:00011254       $unwind$__dcrt_write_console 0000000140065254     libucrt:initcon.obj
 0002:00011268       $unwind$?__dcrt_lowio_initialize_console_output@@YAXXZ 0000000140065268     libucrt:initcon.obj
 0002:00011270       $unwind$__dcrt_terminate_console_output 0000000140065270     libucrt:initcon.obj
 0002:00011278       $unwind$??R<lambda_61c1b8a38cedca4df5fdc542e6ccae6d>@@QEBAHXZ 0000000140065278     libucrt:initcon.obj
 0002:00011280       $unwind$??$console_output_reopen_and_retry@V<lambda_61c1b8a38cedca4df5fdc542e6ccae6d>@@@@YAHAEBV<lambda_61c1b8a38cedca4df5fdc542e6ccae6d>@@@Z 0000000140065280     libucrt:initcon.obj
 0002:0001128c       $unwind$__acrt_fenv_set_control 000000014006528c     libucrt:_fenvutils.obj
 0002:0001129c       $unwind$?to_machine_sse_control@@YA?AW4__acrt_fenv_machine_sse_control@@W4__acrt_fenv_abstract_control@@@Z 000000014006529c     libucrt:_fenvutils.obj
 0002:000112ac       $unwind$_clearfp           00000001400652ac     libucrt:ieee.obj
 0002:000112b4       $unwind$_set_controlfp     00000001400652b4     libucrt:ieee.obj
 0002:000112bc       $unwind$common_control87   00000001400652bc     libucrt:ieee.obj
 0002:000112e8       $unwind$common_control87$filt$0 00000001400652e8     libucrt:ieee.obj
 0002:000112f0       $unwind$_call_matherr      00000001400652f0     libucrt:libm_error.obj
 0002:000112f8       $unwind$_exception_enabled 00000001400652f8     libucrt:libm_error.obj
 0002:00011308       $unwind$_handle_errorf     0000000140065308     libucrt:libm_error.obj
 0002:00011328       $unwind$_handle_error      0000000140065328     libucrt:libm_error.obj
 0002:00011348       $unwind$__acrt_initialize_fma3 0000000140065348     libucrt:fma3_available.obj
 0002:00011350       $unwind$_logf_special_common 0000000140065350     libucrt:log_special.obj
 0002:0001135c       $unwind$_logf_special      000000014006535c     libucrt:log_special.obj
 0002:00011364       $unwind$_log10f_special    0000000140065364     libucrt:log_special.obj
 0002:0001136c       $unwind$_log_special_common 000000014006536c     libucrt:log_special.obj
 0002:00011378       $unwind$_log_special       0000000140065378     libucrt:log_special.obj
 0002:00011380       $unwind$_log10_special     0000000140065380     libucrt:log_special.obj
 0002:00011388       $unwind$__acrt_LCMapStringW 0000000140065388     libucrt:lcmapstringw.obj
 0002:000113a0       $xdatasym                  00000001400653a0     libucrt:fpsr.obj
 0002:000113a8       $unwind$_except1           00000001400653a8     libucrt:fpexcept.obj
 0002:000113c8       $unwind$_except2           00000001400653c8     libucrt:fpexcept.obj
 0002:000113ec       $unwind$_set_errno_from_matherr 00000001400653ec     libucrt:fpexcept.obj
 0002:000113f4       $unwind$_handle_exc        00000001400653f4     libucrt:fpexcept.obj
 0002:00011410       $unwind$_raise_excf        0000000140065410     libucrt:fpexcept.obj
 0002:00011418       $unwind$_raise_exc         0000000140065418     libucrt:fpexcept.obj
 0002:00011420       $unwind$_umatherr          0000000140065420     libucrt:fpexcept.obj
 0002:00011428       $unwind$_raise_exc_ex      0000000140065428     libucrt:fpexcept.obj
 0002:0001143c       $unwind$_clrfp             000000014006543c     libucrt:fpctrl.obj
 0002:00011444       $unwind$_ctrlfp            0000000140065444     libucrt:fpctrl.obj
 0002:0001146c       $unwind$_ctrlfp$filt$0     000000014006546c     libucrt:fpctrl.obj
 0002:00011474       $unwind$_statfp            0000000140065474     libucrt:fpctrl.obj
 0002:0001147c       $unwind$_set_statfp        000000014006547c     libucrt:fpctrl.obj
 0002:00011484       $unwind$_IsNonwritableInCurrentImage 0000000140065484     LIBCMT:pesect.obj
 0002:000114a8       $unwind$_IsNonwritableInCurrentImage$filt$0 00000001400654a8     LIBCMT:pesect.obj
 0002:000114b0       $unwind$??_Gtype_info@@UEAAPEAXI@Z 00000001400654b0     LIBCMT:std_type_info_static.obj
 0002:000114b8       $unwind$__GSHandlerCheck_SEH 00000001400654b8     LIBCMT:gshandlerseh.obj
 0002:000114d0       $xdatasym                  00000001400654d0     LIBCMT:chkstk.obj
 0002:000114d8       $xdatasym                  00000001400654d8     libvcruntime:memcmp.obj
 0002:000114dc       $unwind$_local_unwind      00000001400654dc     libvcruntime:jmpuwind.obj
 0002:000119b0       .idata$6                   00000001400659b0     d3d11:d3d11.dll
 0002:000119d0       .idata$6                   00000001400659d0     d3dcompiler:D3DCOMPILER_47.dll
 0002:00011b48       .idata$6                   0000000140065b48     user32:USER32.dll
 0002:00011d7e       .idata$6                   0000000140065d7e     kernel32:KERNEL32.dll
 0003:00000040       ?__vcrt_flsindex@@3KA      0000000140067040     libvcruntime:per_thread_data.obj
 0003:00000048       ?prefix@?1??getDimension@UnDecorator@@CA?AVDName@@_N@Z@4UStringLiteral@@A 0000000140067048     libvcruntime:undname.obj
 0003:00000168       _ctype_loc_style           0000000140067168     libucrt:wsetlocale.obj
 0003:00000180       ?errno_no_memory@@3HA      0000000140067180     libucrt:errno.obj
 0003:00000184       ?doserrno_no_memory@@3KA   0000000140067184     libucrt:errno.obj
 0003:000001d8       ?__acrt_flsindex@@3KA      00000001400671d8     libucrt:per_thread_data.obj
 0003:00000580       _mbctypes                  0000000140067580     libucrt:mbctype.obj
 0003:00000690       _mbcasemaps                0000000140067690     libucrt:mbctype.obj
 0003:00000790       ?__rgctypeflag@@3PADA      0000000140067790     libucrt:mbctype.obj
 0003:000007a0       ?__rgcode_page_info@@3PAUcode_page_info@@A 00000001400677a0     libucrt:mbctype.obj
 0003:00000a50       ?__dcrt_lowio_console_output_handle@@3PEAXEA 0000000140067a50     libucrt:initcon.obj
 0003:00000a58       ?dazSupported@?1??common_control87@@9@9 0000000140067a58     libucrt:ieee.obj
 0003:00000a60       ?dazSupported@?1??_ctrlfp@@9@9 0000000140067a60     libucrt:fpctrl.obj
 0003:00000bf0       ?performanceFrequency@@3T_LARGE_INTEGER@@A 0000000140067bf0     win32_platform.obj
 0003:00000bf8       ?os@@3Uos_call@@A          0000000140067bf8     win32_platform.obj
 0003:00000c10       ?globalGameState@@3Ugame_state@@A 0000000140067c10     win32_platform.obj
 0003:00000d18       ?g_wpPrev@@3UtagWINDOWPLACEMENT@@A 0000000140067d18     win32_platform.obj
 0003:00000d50       GS_ExceptionRecord         0000000140067d50     LIBCMT:gs_report.obj
 0003:00000df0       GS_ContextRecord           0000000140067df0     LIBCMT:gs_report.obj
 0003:000012d0       ?is_initialized_as_dll@@3_NA 00000001400682d0     LIBCMT:utility.obj
 0003:000012d1       ?module_local_atexit_table_initialized@@3_NA 00000001400682d1     LIBCMT:utility.obj
 0003:000012d8       ?module_local_atexit_table@@3U_onexit_table_t@@A 00000001400682d8     LIBCMT:utility.obj
 0003:000012f0       ?module_local_at_quick_exit_table@@3U_onexit_table_t@@A 00000001400682f0     LIBCMT:utility.obj
 0003:00001350       ?__vcrt_startup_thread_ptd@@3U__vcrt_ptd@@A 0000000140068350     libvcruntime:per_thread_data.obj
 0003:000013d0       __vcrt_lock_table          00000001400683d0     libvcruntime:locks.obj
 0003:000013f8       __vcrt_locks_initialized   00000001400683f8     libvcruntime:locks.obj
 0003:00001440       ?heap@@3V_HeapManager@@A   0000000140068440     libvcruntime:undname.obj
 0003:00001468       ?module_handles@@3PAPEAUHINSTANCE__@@A 0000000140068468     libvcruntime:winapi_downlevel.obj
 0003:00001480       ?function_pointers@@3PAPEAXA 0000000140068480     libvcruntime:winapi_downlevel.obj
 0003:000014c4       ?__acrt_app_type@@3W4_crt_app_type@@A 00000001400684c4     libucrt:report_runtime_error.obj
 0003:000014d0       ?outmsg@?9??__acrt_report_runtime_error@@9@4PA_WA 00000001400684d0     libucrt:report_runtime_error.obj
 0003:00001af8       ?user_matherr@@3V?$dual_state_global@P6AHPEAU_exception@@@Z@__crt_state_management@@A 0000000140068af8     libucrt:matherr.obj
 0003:00001b00       ?program_name@?1???$common_configure_argv@D@@YAHW4_crt_argv_mode@@@Z@4PADA 0000000140068b00     libucrt:argv_parsing.obj
 0003:00001c10       ?program_name@?1???$common_configure_argv@_W@@YAHW4_crt_argv_mode@@@Z@4PA_WA 0000000140068c10     libucrt:argv_parsing.obj
 0003:00001e40       ?empty_string@?1???$common_wincmdln@E@@YAPEAEXZ@4PAEA 0000000140068e40     libucrt:argv_winmain.obj
 0003:00001e44       ?empty_string@?1???$common_wincmdln@_W@@YAPEA_WXZ@4PA_WA 0000000140068e44     libucrt:argv_winmain.obj
 0003:00001e48       ?c_termination_complete@@3JA 0000000140068e48     libucrt:exit.obj
 0003:00001e50       ?thread_local_exit_callback_func@@3P6AXPEAXK0@ZEA 0000000140068e50     libucrt:exit.obj
 0003:00001e60       ?__acrt_global_new_mode@@3V?$dual_state_global@J@__crt_state_management@@A 0000000140068e60     libucrt:new_mode.obj
 0003:00001e98       ?__acrt_invalid_parameter_handler@@3V?$dual_state_global@P6AXPEB_W00I_K@Z@__crt_state_management@@A 0000000140068e98     libucrt:invalid_parameter.obj
 0003:00001ea0       __acrt_error_mode          0000000140068ea0     libucrt:set_error_mode.obj
 0003:00001ea4       ?console_ctrl_handler_installed@@3_NA 0000000140068ea4     libucrt:signal.obj
 0003:00001ea8       ?ctrlc_action@@3V?$dual_state_global@P6AXH@Z@__crt_state_management@@A 0000000140068ea8     libucrt:signal.obj
 0003:00001eb0       ?ctrlbreak_action@@3V?$dual_state_global@P6AXH@Z@__crt_state_management@@A 0000000140068eb0     libucrt:signal.obj
 0003:00001eb8       ?abort_action@@3V?$dual_state_global@P6AXH@Z@__crt_state_management@@A 0000000140068eb8     libucrt:signal.obj
 0003:00001ec0       ?term_action@@3V?$dual_state_global@P6AXH@Z@__crt_state_management@@A 0000000140068ec0     libucrt:signal.obj
 0003:00001ed0       ?module_handles@@3PAPEAUHINSTANCE__@@A 0000000140068ed0     libucrt:winapi_thunks.obj
 0003:00001f70       ?encoded_function_pointers@@3PAPEAXA 0000000140068f70     libucrt:winapi_thunks.obj
 0003:00002080       ?static_enum_proc@?1??enum_system_locales_ex_nolock@@YAHQ6AHPEA_WK_J@Z@Z@4P6AH0K1@ZEA 0000000140069080     libucrt:winapi_thunks.obj
 0003:00002498       ?internal_state@?1??_mbtowc_l@@9@4U_Mbstatet@@A 0000000140069498     libucrt:mbtowc.obj
 0003:000024a0       ?enable_percent_n@@3_KA    00000001400694a0     libucrt:printf_count_output.obj
 0003:000024d8       ?fSystemSet@@3HA           00000001400694d8     libucrt:mbctype.obj
 0003:000024dc       ?initialized@?1??__acrt_initialize_multibyte@@9@4_NA 00000001400694dc     libucrt:mbctype.obj
 0003:00002520       ?__acrt_lock_table@@3PAU_RTL_CRITICAL_SECTION@@A 0000000140069520     libucrt:locks.obj
 0003:00002750       ?__acrt_locks_initialized@@3IA 0000000140069750     libucrt:locks.obj
 0003:00002754       ?state_cache@?1???$get_cached_win_policy@Ubegin_thread_init_policy_properties@?1??__acrt_get_begin_thread_init_policy@@YA?AW4begin_thread_init_policy@@XZ@@@YA?AW4begin_thread_init_policy@@W4AppPolicyThreadInitializationType@@@Z@4JA 0000000140069754     libucrt:win_policies.obj
 0003:00002758       ?state_cache@?1???$get_cached_win_policy@Udeveloper_information_policy_properties@?1??__acrt_get_developer_information_policy@@YA?AW4developer_information_policy@@XZ@@@YA?AW4developer_information_policy@@W4AppPolicyShowDeveloperDiagnostic@@@Z@4JA 0000000140069758     libucrt:win_policies.obj
 0003:0000275c       ?state_cache@?1???$get_cached_win_policy@Uwindowing_model_policy_properties@?1??__acrt_get_windowing_model_policy@@YA?AW4windowing_model_policy@@XZ@@@YA?AW4windowing_model_policy@@W4AppPolicyWindowingModel@@@Z@4JA 000000014006975c     libucrt:win_policies.obj
 0003:00002778       ?__acrt_new_handler@@3V?$dual_state_global@P6AH_K@Z@__crt_state_management@@A 0000000140069778     libucrt:new_handler.obj
 0003:00002780       ?mbst@?1??mbrlen@@9@4U_Mbstatet@@A 0000000140069780     libucrt:mbrtowc.obj
 0003:00002788       ?mbst@?1??mbrtowc@@9@4U_Mbstatet@@A 0000000140069788     libucrt:mbrtowc.obj
 0003:00002790       ?mbst@?1??_mbsrtowcs_helper@@YA_KPEA_WPEAPEBD_KPEAU_Mbstatet@@@Z@4U2@A 0000000140069790     libucrt:mbrtowc.obj
 0003:00002798       ?internal_pst@?1??__mbrtoc32_utf8@__crt_mbstring@@YA_KPEA_UPEBD_KPEAU_Mbstatet@@@Z@4U3@A 0000000140069798     libucrt:mbrtoc32.obj
 0005:00000000       MsetTab                    000000014006f000     libvcruntime:memset.obj
 0005:00000050       MoveSmall                  000000014006f050     libvcruntime:memcpy.obj
