 win32_platform

 Timestamp is 5fc1a13c (Fri Nov 27 17:00:44 2020)

 Preferred load address is 0000000140000000

 Start         Length     Name                   Class
 0001:00000000 00051810H .text$mn                CODE
 0001:00051810 00000040H .text$mn$00             CODE
 0001:00051850 000009c0H .text$x                 CODE
 0002:00000000 000003c8H .idata$5                DATA
 0002:000003c8 00000028H .00cfg                  DATA
 0002:000003f0 00000008H .CRT$XCA                DATA
 0002:000003f8 00000008H .CRT$XCAA               DATA
 0002:00000400 00000008H .CRT$XCZ                DATA
 0002:00000408 00000008H .CRT$XIA                DATA
 0002:00000410 00000008H .CRT$XIAA               DATA
 0002:00000418 00000008H .CRT$XIAC               DATA
 0002:00000420 00000018H .CRT$XIC                DATA
 0002:00000438 00000008H .CRT$XIZ                DATA
 0002:00000440 00000008H .CRT$XPA                DATA
 0002:00000448 00000010H .CRT$XPX                DATA
 0002:00000458 00000008H .CRT$XPXA               DATA
 0002:00000460 00000008H .CRT$XPZ                DATA
 0002:00000468 00000008H .CRT$XTA                DATA
 0002:00000470 00000010H .CRT$XTZ                DATA
 0002:00000478 00000000H .gehcont$y              DATA
 0002:00000478 00000000H .gfids$y                DATA
 0002:00000480 0000af80H .rdata                  DATA
 0002:0000b400 00000008H .rdata$CastGuardVftablesA DATA
 0002:0000b408 00000008H .rdata$CastGuardVftablesC DATA
 0002:0000b410 00000464H .rdata$r                DATA
 0002:0000b874 0000036cH .rdata$zzzdbg           DATA
 0002:0000bbe0 00000008H .rtc$IAA                DATA
 0002:0000bbe8 00000008H .rtc$IZZ                DATA
 0002:0000bbf0 00000008H .rtc$TAA                DATA
 0002:0000bbf8 00000008H .rtc$TZZ                DATA
 0002:0000bc00 00005650H .xdata                  DATA
 0002:00011250 00000084H .xdata$x                DATA
 0002:000112d4 00000000H .edata                  DATA
 0002:000112d4 00000050H .idata$2                DATA
 0002:00011324 00000014H .idata$3                DATA
 0002:00011338 000003c8H .idata$4                DATA
 0002:00011700 0000086aH .idata$6                DATA
 0003:00000000 00000a70H .data                   DATA
 0003:00000a70 00000170H .data$r                 DATA
 0003:00000be0 00002150H .bss                    DATA
 0004:00000000 000048ccH .pdata                  DATA
 0005:00000000 00000094H _RDATA                  DATA

  Address         Publics by Value              Rva+Base               Lib:Object

 0000:00000000       __guard_eh_cont_table      0000000000000000     <absolute>
 0000:00000000       __x64_code_ranges_to_entry_points 0000000000000000     <absolute>
 0000:00000000       __guard_longjmp_count      0000000000000000     <absolute>
 0000:00000000       __guard_iat_count          0000000000000000     <absolute>
 0000:00000000       __hybrid_code_map_count    0000000000000000     <absolute>
 0000:00000000       __arm64x_extra_rfe_table   0000000000000000     <absolute>
 0000:00000000       __hybrid_code_map          0000000000000000     <absolute>
 0000:00000000       __dynamic_value_reloc_table 0000000000000000     <absolute>
 0000:00000000       __arm64x_native_entrypoint 0000000000000000     <absolute>
 0000:00000000       __guard_longjmp_table      0000000000000000     <absolute>
 0000:00000000       __arm64x_redirection_metadata_count 0000000000000000     <absolute>
 0000:00000000       __volatile_metadata        0000000000000000     <absolute>
 0000:00000000       ___safe_se_handler_table   0000000000000000     <absolute>
 0000:00000000       __arm64x_extra_rfe_table_size 0000000000000000     <absolute>
 0000:00000000       __enclave_config           0000000000000000     <absolute>
 0000:00000000       __x64_code_ranges_to_entry_points_count 0000000000000000     <absolute>
 0000:00000000       __guard_eh_cont_count      0000000000000000     <absolute>
 0000:00000000       __AbsoluteZero             0000000000000000     <absolute>
 0000:00000000       ___safe_se_handler_count   0000000000000000     <absolute>
 0000:00000000       __hybrid_auxiliary_iat     0000000000000000     <absolute>
 0000:00000000       __guard_iat_table          0000000000000000     <absolute>
 0000:00000000       __guard_fids_count         0000000000000000     <absolute>
 0000:00000000       __guard_fids_table         0000000000000000     <absolute>
 0000:00000000       __arm64x_redirection_metadata 0000000000000000     <absolute>
 0000:00000100       __guard_flags              0000000000000100     <absolute>
 0000:00000000       __ImageBase                0000000140000000     <linker-defined>
 0001:00000000       WinMain                    0000000140001000 f   win32_platform.obj
 0001:00000b40       ?Game_EndStub@@YAXPEAUgame_state@@PEAUmemory_arena@@PEAUworker_thread_queue@@@Z 0000000140001b40 f   win32_platform.obj
 0001:00000b60       ?Game_StartStub@@YAXPEAUgame_state@@PEAUmemory_arena@@PEAUworker_thread_queue@@@Z 0000000140001b60 f   win32_platform.obj
 0001:00000b80       ?Game_UpdateAndRenderStub@@YAXPEAUgame_state@@PEAUmemory_arena@@PEAUworker_thread_queue@@@Z 0000000140001b80 f   win32_platform.obj
 0001:00003510       ?Win32_BeginFrame@@YAXPEAUtimer_info@@@Z 0000000140004510 f i win32_platform.obj
 0001:00003520       ?Win32_EndFrame@@YAXPEAUtimer_info@@M@Z 0000000140004520 f i win32_platform.obj
 0001:000035a0       __local_stdio_printf_options 00000001400045a0 f i win32_platform.obj
 0001:000035b0       _vfprintf_l                00000001400045b0 f i win32_platform.obj
 0001:00003600       _vsprintf_s_l              0000000140004600 f i win32_platform.obj
 0001:00003670       fprintf                    0000000140004670 f i win32_platform.obj
 0001:000036c0       sprintf_s                  00000001400046c0 f i win32_platform.obj
 0001:00003719       TranslateMessage           0000000140004719 f   user32:USER32.dll
 0001:0000371f       DispatchMessageA           000000014000471f f   user32:USER32.dll
 0001:00003725       PeekMessageA               0000000140004725 f   user32:USER32.dll
 0001:0000372b       DefWindowProcA             000000014000472b f   user32:USER32.dll
 0001:00003731       RegisterClassA             0000000140004731 f   user32:USER32.dll
 0001:00003737       CreateWindowExA            0000000140004737 f   user32:USER32.dll
 0001:0000373d       DestroyWindow              000000014000473d f   user32:USER32.dll
 0001:00003743       GetDC                      0000000140004743 f   user32:USER32.dll
 0001:00003749       ReleaseDC                  0000000140004749 f   user32:USER32.dll
 0001:0000374f       BeginPaint                 000000014000474f f   user32:USER32.dll
 0001:00003755       EndPaint                   0000000140004755 f   user32:USER32.dll
 0001:0000375b       GetClientRect              000000014000475b f   user32:USER32.dll
 0001:00003761       SetCursor                  0000000140004761 f   user32:USER32.dll
 0001:00003767       LoadCursorA                0000000140004767 f   user32:USER32.dll
 0001:0000376d       ChoosePixelFormat          000000014000476d f   gdi32:GDI32.dll
 0001:00003773       SetPixelFormat             0000000140004773 f   gdi32:GDI32.dll
 0001:00003779       SwapBuffers                0000000140004779 f   gdi32:GDI32.dll
 0001:0000377f       wglCreateContext           000000014000477f f   opengl32:OPENGL32.dll
 0001:00003785       wglDeleteContext           0000000140004785 f   opengl32:OPENGL32.dll
 0001:0000378b       wglGetProcAddress          000000014000478b f   opengl32:OPENGL32.dll
 0001:00003791       wglMakeCurrent             0000000140004791 f   opengl32:OPENGL32.dll
 0001:00003797       glClear                    0000000140004797 f   opengl32:OPENGL32.dll
 0001:0000379d       glClearColor               000000014000479d f   opengl32:OPENGL32.dll
 0001:000037a3       glViewport                 00000001400047a3 f   opengl32:OPENGL32.dll
 0001:000037ac       __GSHandlerCheck           00000001400047ac f   LIBCMT:gshandler.obj
 0001:000037cc       __GSHandlerCheckCommon     00000001400047cc f   LIBCMT:gshandler.obj
 0001:00003840       __security_check_cookie    0000000140004840 f   LIBCMT:amdsecgs.obj
 0001:00003ad0       ?configure_argv@__scrt_narrow_argv_policy@@SAHXZ 0000000140004ad0 f i LIBCMT:exe_winmain.obj
 0001:00003ae4       ?initialize_environment@__scrt_narrow_environment_policy@@SAHXZ 0000000140004ae4 f i LIBCMT:exe_winmain.obj
 0001:00003b18       ?set_app_type@__scrt_winmain_policy@@SAXXZ 0000000140004b18 f i LIBCMT:exe_winmain.obj
 0001:00003b24       ?set_commode@__scrt_file_policy@@SAXXZ 0000000140004b24 f i LIBCMT:exe_winmain.obj
 0001:00003b40       ?set_fmode@__scrt_file_policy@@SAXXZ 0000000140004b40 f i LIBCMT:exe_winmain.obj
 0001:00003b54       WinMainCRTStartup          0000000140004b54 f   LIBCMT:exe_winmain.obj
 0001:00003b68       __raise_securityfailure    0000000140004b68 f   LIBCMT:gs_report.obj
 0001:00003b9c       __report_gsfailure         0000000140004b9c f   LIBCMT:gs_report.obj
 0001:00003c70       __report_rangecheckfailure 0000000140004c70 f   LIBCMT:gs_report.obj
 0001:00003c84       __report_securityfailure   0000000140004c84 f   LIBCMT:gs_report.obj
 0001:00003d20       __report_securityfailureEx 0000000140004d20 f   LIBCMT:gs_report.obj
 0001:00003f90       NtCurrentTeb               0000000140004f90 f i LIBCMT:utility.obj
 0001:00003f9c       __scrt_acquire_startup_lock 0000000140004f9c f   LIBCMT:utility.obj
 0001:00003fd8       __scrt_dllmain_after_initialize_c 0000000140004fd8 f   LIBCMT:utility.obj
 0001:0000400c       __scrt_dllmain_before_initialize_c 000000014000500c f   LIBCMT:utility.obj
 0001:00004024       __scrt_dllmain_crt_thread_attach 0000000140005024 f   LIBCMT:utility.obj
 0001:0000404c       __scrt_dllmain_crt_thread_detach 000000014000504c f   LIBCMT:utility.obj
 0001:00004064       __scrt_dllmain_exception_filter 0000000140005064 f   LIBCMT:utility.obj
 0001:000040c4       __scrt_dllmain_uninitialize_c 00000001400050c4 f   LIBCMT:utility.obj
 0001:000040f4       __scrt_dllmain_uninitialize_critical 00000001400050f4 f   LIBCMT:utility.obj
 0001:00004108       __scrt_initialize_crt      0000000140005108 f   LIBCMT:utility.obj
 0001:00004154       __scrt_initialize_onexit_tables 0000000140005154 f   LIBCMT:utility.obj
 0001:000041e0       __scrt_is_nonwritable_in_current_image 00000001400051e0 f   LIBCMT:utility.obj
 0001:00004278       __scrt_release_startup_lock 0000000140005278 f   LIBCMT:utility.obj
 0001:0000429c       __scrt_uninitialize_crt    000000014000529c f   LIBCMT:utility.obj
 0001:000042c8       _onexit                    00000001400052c8 f   LIBCMT:utility.obj
 0001:00004304       at_quick_exit              0000000140005304 f   LIBCMT:utility.obj
 0001:00004324       atexit                     0000000140005324 f   LIBCMT:utility.obj
 0001:000043a8       __security_init_cookie     00000001400053a8 f   LIBCMT:gs_support.obj
 0001:00004454       _matherr                   0000000140005454 f   LIBCMT:matherr.obj
 0001:00004458       _get_startup_argv_mode     0000000140005458 f   LIBCMT:argv_mode.obj
 0001:00004460       _get_startup_commit_mode   0000000140005460 f   LIBCMT:commit_mode.obj
 0001:00004464       _get_startup_file_mode     0000000140005464 f   LIBCMT:file_mode.obj
 0001:0000446c       _get_startup_new_mode      000000014000546c f   LIBCMT:new_mode.obj
 0001:00004470       _get_startup_thread_locale_mode 0000000140005470 f   LIBCMT:thread_locale.obj
 0001:00004474       ?__scrt_initialize_type_info@@YAXXZ 0000000140005474 f   LIBCMT:tncleanup.obj
 0001:00004484       ?__scrt_uninitialize_type_info@@YAXXZ 0000000140005484 f   LIBCMT:tncleanup.obj
 0001:00004490       _should_initialize_environment 0000000140005490 f   LIBCMT:env_mode.obj
 0001:00004494       _initialize_invalid_parameter_handler 0000000140005494 f   LIBCMT:invalid_parameter_handler.obj
 0001:00004498       _initialize_denormal_control 0000000140005498 f   LIBCMT:denormal_control.obj
 0001:0000449c       __local_stdio_scanf_options 000000014000549c f i LIBCMT:default_local_stdio_options.obj
 0001:000044a4       __scrt_initialize_default_local_stdio_options 00000001400054a4 f   LIBCMT:default_local_stdio_options.obj
 0001:000044c0       __scrt_is_user_matherr_present 00000001400054c0 f   LIBCMT:matherr_detection.obj
 0001:000044cc       __scrt_get_dyn_tls_init_callback 00000001400054cc f   LIBCMT:dyn_tls_init.obj
 0001:000044d4       __scrt_get_dyn_tls_dtor_callback 00000001400054d4 f   LIBCMT:dyn_tls_dtor.obj
 0001:000044dc       __crt_debugger_hook        00000001400054dc f   LIBCMT:utility_desktop.obj
 0001:000044e4       __scrt_fastfail            00000001400054e4 f   LIBCMT:utility_desktop.obj
 0001:00004630       __scrt_get_show_window_mode 0000000140005630 f   LIBCMT:utility_desktop.obj
 0001:0000466c       __scrt_initialize_mta      000000014000566c f   LIBCMT:utility_desktop.obj
 0001:00004674       __scrt_initialize_winrt    0000000140005674 f   LIBCMT:utility_desktop.obj
 0001:00004678       __scrt_is_managed_app      0000000140005678 f   LIBCMT:utility_desktop.obj
 0001:000046cc       __scrt_set_unhandled_exception_filter 00000001400056cc f   LIBCMT:utility_desktop.obj
 0001:000046dc       __scrt_stub_for_initialize_mta 00000001400056dc f   LIBCMT:utility_desktop.obj
 0001:000046dc       __scrt_exe_initialize_mta  00000001400056dc f   LIBCMT:utility_desktop.obj
 0001:000046e0       __scrt_unhandled_exception_filter 00000001400056e0 f   LIBCMT:utility_desktop.obj
 0001:0000473c       _RTC_Initialize            000000014000573c f   LIBCMT:initsect.obj
 0001:00004778       _RTC_Terminate             0000000140005778 f   LIBCMT:initsect.obj
 0001:000047b4       _guard_check_icall_nop     00000001400057b4 f i LIBCMT:guard_support.obj
 0001:000047b8       ReadNoFence64              00000001400057b8 f i LIBCMT:guard_support.obj
 0001:000047bc       ReadPointerNoFence         00000001400057bc f i LIBCMT:guard_support.obj
 0001:000047c0       __castguard_check_failure_debugbreak 00000001400057c0 f i LIBCMT:guard_support.obj
 0001:000047dc       __castguard_check_failure_fastfail 00000001400057dc f i LIBCMT:guard_support.obj
 0001:00004800       __castguard_check_failure_nop 0000000140005800 f i LIBCMT:guard_support.obj
 0001:00004804       __castguard_check_failure_os_handled 0000000140005804 f i LIBCMT:guard_support.obj
 0001:00004864       __castguard_slow_path_check_debugbreak 0000000140005864 f i LIBCMT:guard_support.obj
 0001:00004898       __castguard_slow_path_check_fastfail 0000000140005898 f i LIBCMT:guard_support.obj
 0001:000048d4       __castguard_slow_path_check_nop 00000001400058d4 f i LIBCMT:guard_support.obj
 0001:000048d8       __castguard_slow_path_check_os_handled 00000001400058d8 f i LIBCMT:guard_support.obj
 0001:0000494c       _guard_icall_checks_enforced 000000014000594c f i LIBCMT:guard_support.obj
 0001:00004964       _guard_rf_checks_enforced  0000000140005964 f i LIBCMT:guard_support.obj
 0001:00004968       __isa_available_init       0000000140005968 f   LIBCMT:cpu_disp.obj
 0001:00004b0c       __scrt_is_ucrt_dll_in_use  0000000140005b0c f   LIBCMT:ucrt_detection.obj
 0001:00004b20       CompareFileTime            0000000140005b20 f   kernel32:KERNEL32.dll
 0001:00004b26       CreateFileA                0000000140005b26 f   kernel32:KERNEL32.dll
 0001:00004b2c       GetFileTime                0000000140005b2c f   kernel32:KERNEL32.dll
 0001:00004b32       CloseHandle                0000000140005b32 f   kernel32:KERNEL32.dll
 0001:00004b38       QueryPerformanceCounter    0000000140005b38 f   kernel32:KERNEL32.dll
 0001:00004b3e       QueryPerformanceFrequency  0000000140005b3e f   kernel32:KERNEL32.dll
 0001:00004b44       Sleep                      0000000140005b44 f   kernel32:KERNEL32.dll
 0001:00004b4a       VirtualAlloc               0000000140005b4a f   kernel32:KERNEL32.dll
 0001:00004b50       VirtualFree                0000000140005b50 f   kernel32:KERNEL32.dll
 0001:00004b56       FreeLibrary                0000000140005b56 f   kernel32:KERNEL32.dll
 0001:00004b5c       GetProcAddress             0000000140005b5c f   kernel32:KERNEL32.dll
 0001:00004b62       LoadLibraryA               0000000140005b62 f   kernel32:KERNEL32.dll
 0001:00004b68       CopyFileA                  0000000140005b68 f   kernel32:KERNEL32.dll
 0001:00004b6e       RtlCaptureContext          0000000140005b6e f   kernel32:KERNEL32.dll
 0001:00004b74       RtlLookupFunctionEntry     0000000140005b74 f   kernel32:KERNEL32.dll
 0001:00004b7a       RtlVirtualUnwind           0000000140005b7a f   kernel32:KERNEL32.dll
 0001:00004b80       UnhandledExceptionFilter   0000000140005b80 f   kernel32:KERNEL32.dll
 0001:00004b86       SetUnhandledExceptionFilter 0000000140005b86 f   kernel32:KERNEL32.dll
 0001:00004b8c       GetCurrentProcess          0000000140005b8c f   kernel32:KERNEL32.dll
 0001:00004b92       TerminateProcess           0000000140005b92 f   kernel32:KERNEL32.dll
 0001:00004b98       IsProcessorFeaturePresent  0000000140005b98 f   kernel32:KERNEL32.dll
 0001:00004b9e       GetCurrentProcessId        0000000140005b9e f   kernel32:KERNEL32.dll
 0001:00004ba4       GetCurrentThreadId         0000000140005ba4 f   kernel32:KERNEL32.dll
 0001:00004baa       GetSystemTimeAsFileTime    0000000140005baa f   kernel32:KERNEL32.dll
 0001:00004bb0       InitializeSListHead        0000000140005bb0 f   kernel32:KERNEL32.dll
 0001:00004bb6       IsDebuggerPresent          0000000140005bb6 f   kernel32:KERNEL32.dll
 0001:00004bbc       GetStartupInfoW            0000000140005bbc f   kernel32:KERNEL32.dll
 0001:00004bc2       GetModuleHandleW           0000000140005bc2 f   kernel32:KERNEL32.dll
 0001:00004be0       memset_repmovs             0000000140005be0 f   libvcruntime:memset.obj
 0001:00004c00       memset                     0000000140005c00 f   libvcruntime:memset.obj
 0001:00004d90       __C_specific_handler       0000000140005d90 f   libvcruntime:riscchandler.obj
 0001:00004f9c       __vcrt_initialize          0000000140005f9c f   libvcruntime:initialization.obj
 0001:00004fc4       __vcrt_thread_attach       0000000140005fc4 f   libvcruntime:initialization.obj
 0001:00004fd8       __vcrt_thread_detach       0000000140005fd8 f   libvcruntime:initialization.obj
 0001:00004fec       __vcrt_uninitialize        0000000140005fec f   libvcruntime:initialization.obj
 0001:00005008       __vcrt_uninitialize_critical 0000000140006008 f   libvcruntime:initialization.obj
 0001:0000502c       ??$?RD@__crt_internal_free_policy@@QEBAXQEBD@Z 000000014000602c f i libvcruntime:std_type_info.obj
 0001:00005034       ??$?RX@__crt_internal_free_policy@@QEBAXQEBX@Z 0000000140006034 f i libvcruntime:std_type_info.obj
 0001:0000503c       ??$__crt_interlocked_compare_exchange_pointer@$$CBDPEAD$$T@@YAPEBDPEDSEBDQEAD$$T@Z 000000014000603c f i libvcruntime:std_type_info.obj
 0001:00005048       ??$__crt_interlocked_read_pointer@$$CBD@@YAPEBDPEDSEBD@Z 0000000140006048 f i libvcruntime:std_type_info.obj
 0001:0000504c       ??0?$__crt_unique_heap_ptr@DU__crt_internal_free_policy@@@@QEAA@QEAD@Z 000000014000604c f i libvcruntime:std_type_info.obj
 0001:00005054       ??0?$__crt_unique_heap_ptr@XU__crt_internal_free_policy@@@@QEAA@QEAX@Z 0000000140006054 f i libvcruntime:std_type_info.obj
 0001:0000505c       ??1?$__crt_unique_heap_ptr@DU__crt_internal_free_policy@@@@QEAA@XZ 000000014000605c f i libvcruntime:std_type_info.obj
 0001:00005078       ??1?$__crt_unique_heap_ptr@XU__crt_internal_free_policy@@@@QEAA@XZ 0000000140006078 f i libvcruntime:std_type_info.obj
 0001:00005094       ??B?$__crt_unique_heap_ptr@DU__crt_internal_free_policy@@@@QEBA_NXZ 0000000140006094 f i libvcruntime:std_type_info.obj
 0001:0000509c       ??B?$__crt_unique_heap_ptr@XU__crt_internal_free_policy@@@@QEBA_NXZ 000000014000609c f i libvcruntime:std_type_info.obj
 0001:000050c4       ?__crt_interlocked_read_64@@YA_JPED_J@Z 00000001400060c4 f i libvcruntime:std_type_info.obj
 0001:000050c8       ?detach@?$__crt_unique_heap_ptr@XU__crt_internal_free_policy@@@@QEAAPEAXXZ 00000001400060c8 f i libvcruntime:std_type_info.obj
 0001:000050d0       ?get@?$__crt_unique_heap_ptr@DU__crt_internal_free_policy@@@@QEBAPEADXZ 00000001400060d0 f i libvcruntime:std_type_info.obj
 0001:000050d4       ?get@?$__crt_unique_heap_ptr@XU__crt_internal_free_policy@@@@QEBAPEAXXZ 00000001400060d4 f i libvcruntime:std_type_info.obj
 0001:000050d8       ?is_valid@?$__crt_unique_heap_ptr@DU__crt_internal_free_policy@@@@QEBA_NXZ 00000001400060d8 f i libvcruntime:std_type_info.obj
 0001:000050e0       ?is_valid@?$__crt_unique_heap_ptr@XU__crt_internal_free_policy@@@@QEBA_NXZ 00000001400060e0 f i libvcruntime:std_type_info.obj
 0001:000050e8       ?release@?$__crt_unique_heap_ptr@DU__crt_internal_free_policy@@@@QEAAXXZ 00000001400060e8 f i libvcruntime:std_type_info.obj
 0001:00005104       ?release@?$__crt_unique_heap_ptr@XU__crt_internal_free_policy@@@@QEAAXXZ 0000000140006104 f i libvcruntime:std_type_info.obj
 0001:00005120       __std_type_info_compare    0000000140006120 f   libvcruntime:std_type_info.obj
 0001:00005148       __std_type_info_destroy_list 0000000140006148 f   libvcruntime:std_type_info.obj
 0001:00005174       __std_type_info_hash       0000000140006174 f   libvcruntime:std_type_info.obj
 0001:000051ac       __std_type_info_name       00000001400061ac f   libvcruntime:std_type_info.obj
 0001:000052c4       __DestructExceptionObject  00000001400062c4 f   libvcruntime:ehhelpers.obj
 0001:00005334       ?_CallMemberFunction0@@YAXQEAX0@Z 0000000140006334 f i libvcruntime:ehhelpers.obj
 0001:00005390       ?raw_name@type_info@@QEBAPEBDXZ 0000000140006390 f i libvcruntime:ehhelpers.obj
 0001:00005398       _IsExceptionObjectToBeDestroyed 0000000140006398 f   libvcruntime:ehhelpers.obj
 0001:000053c8       _SetWinRTOutOfMemoryExceptionCallback 00000001400063c8 f   libvcruntime:ehhelpers.obj
 0001:000053d0       __AdjustPointer            00000001400063d0 f   libvcruntime:ehhelpers.obj
 0001:000053f4       __FrameUnwindFilter        00000001400063f4 f   libvcruntime:ehhelpers.obj
 0001:0000545c       __GetPlatformExceptionInfo 000000014000645c f   libvcruntime:ehhelpers.obj
 0001:000054b8       __current_exception        00000001400064b8 f   libvcruntime:ehhelpers.obj
 0001:000054cc       __current_exception_context 00000001400064cc f   libvcruntime:ehhelpers.obj
 0001:000054e0       __processing_throw         00000001400064e0 f   libvcruntime:ehhelpers.obj
 0001:000054f4       __std_terminate            00000001400064f4 f   libvcruntime:ehhelpers.obj
 0001:00005500       _is_exception_typeof       0000000140006500 f   libvcruntime:ehhelpers.obj
 0001:000055c0       _NLG_Notify                00000001400065c0 f   libvcruntime:notify.obj
 0001:000055e0       __NLG_Dispatch2            00000001400065e0 f   libvcruntime:notify.obj
 0001:000055f0       __NLG_Return2              00000001400065f0 f   libvcruntime:notify.obj
 0001:000055fc       __except_validate_context_record 00000001400065fc f   libvcruntime:jbcxrval.obj
 0001:00005634       __except_validate_jump_buffer 0000000140006634 f   libvcruntime:jbcxrval.obj
 0001:00005674       __except_validate_jump_buffer_common 0000000140006674 f i libvcruntime:jbcxrval.obj
 0001:000056d0       ??$?RU__vcrt_ptd@@@__crt_internal_free_policy@@QEBAXQEBU__vcrt_ptd@@@Z 00000001400066d0 f i libvcruntime:per_thread_data.obj
 0001:000056d8       ??0?$__crt_unique_heap_ptr@U__vcrt_ptd@@U__crt_internal_free_policy@@@@QEAA@QEAU__vcrt_ptd@@@Z 00000001400066d8 f i libvcruntime:per_thread_data.obj
 0001:000056fc       ??1?$__crt_unique_heap_ptr@U__vcrt_ptd@@U__crt_internal_free_policy@@@@QEAA@XZ 00000001400066fc f i libvcruntime:per_thread_data.obj
 0001:00005724       ??B?$__crt_unique_heap_ptr@U__vcrt_ptd@@U__crt_internal_free_policy@@@@QEBA_NXZ 0000000140006724 f i libvcruntime:per_thread_data.obj
 0001:0000572c       ?detach@?$__crt_unique_heap_ptr@U__vcrt_ptd@@U__crt_internal_free_policy@@@@QEAAPEAU__vcrt_ptd@@XZ 000000014000672c f i libvcruntime:per_thread_data.obj
 0001:00005734       ?get@?$__crt_unique_heap_ptr@U__vcrt_ptd@@U__crt_internal_free_policy@@@@QEBAPEAU__vcrt_ptd@@XZ 0000000140006734 f i libvcruntime:per_thread_data.obj
 0001:00005738       ?is_valid@?$__crt_unique_heap_ptr@U__vcrt_ptd@@U__crt_internal_free_policy@@@@QEBA_NXZ 0000000140006738 f i libvcruntime:per_thread_data.obj
 0001:00005740       ?release@?$__crt_unique_heap_ptr@U__vcrt_ptd@@U__crt_internal_free_policy@@@@QEAAXXZ 0000000140006740 f i libvcruntime:per_thread_data.obj
 0001:00005788       __vcrt_freefls             0000000140006788 f   libvcruntime:per_thread_data.obj
 0001:000057a8       __vcrt_freeptd             00000001400067a8 f   libvcruntime:per_thread_data.obj
 0001:000057f8       __vcrt_getptd              00000001400067f8 f   libvcruntime:per_thread_data.obj
 0001:00005814       __vcrt_getptd_noexit       0000000140006814 f   libvcruntime:per_thread_data.obj
 0001:000058d4       __vcrt_getptd_noinit       00000001400068d4 f   libvcruntime:per_thread_data.obj
 0001:00005924       __vcrt_initialize_ptd      0000000140006924 f   libvcruntime:per_thread_data.obj
 0001:0000596c       __vcrt_uninitialize_ptd    000000014000696c f   libvcruntime:per_thread_data.obj
 0001:00005990       __vcrt_initialize_locks    0000000140006990 f   libvcruntime:locks.obj
 0001:000059c4       __vcrt_lock                00000001400069c4 f   libvcruntime:locks.obj
 0001:000059e0       __vcrt_uninitialize_locks  00000001400069e0 f   libvcruntime:locks.obj
 0001:00005a18       __vcrt_unlock              0000000140006a18 f   libvcruntime:locks.obj
 0001:00005a34       ??$?0$00@DName@@QEAA@PEBDU?$StringLifeSelector@$00@@@Z 0000000140006a34 f i libvcruntime:undname.obj
 0001:00005a74       ??$?0$00@pcharNode@@QEAA@PEBDHU?$StringLifeSelector@$00@@@Z 0000000140006a74 f i libvcruntime:undname.obj
 0001:00005a8c       ??$?0$01@DName@@QEAA@PEBDU?$StringLifeSelector@$01@@@Z 0000000140006a8c f i libvcruntime:undname.obj
 0001:00005acc       ??$?0$01@pcharNode@@QEAA@PEBDHU?$StringLifeSelector@$01@@@Z 0000000140006acc f i libvcruntime:undname.obj
 0001:00005b40       ??$?0$0A@@DName@@QEAA@PEBDU?$StringLifeSelector@$0A@@@@Z 0000000140006b40 f i libvcruntime:undname.obj
 0001:00005b80       ??$?0$0A@@pcharNode@@QEAA@PEBDHU?$StringLifeSelector@$0A@@@@Z 0000000140006b80 f i libvcruntime:undname.obj
 0001:00005bf4       ??$?0_K$0A@@?$optional@_K@std@@QEAA@$$QEA_K@Z 0000000140006bf4 f i libvcruntime:undname.obj
 0001:00005c04       ??$?0_K@?$_Optional_construct_base@_K@std@@QEAA@Uin_place_t@1@$$QEA_K@Z 0000000140006c04 f i libvcruntime:undname.obj
 0001:00005c14       ??$?0_K@?$_Optional_destruct_base@_K$00@std@@QEAA@Uin_place_t@1@$$QEA_K@Z 0000000140006c14 f i libvcruntime:undname.obj
 0001:00005c24       ??$append@VDNameNode@@@DName@@AEAAXPEBVDNameNode@@@Z 0000000140006c24 f i libvcruntime:undname.obj
 0001:00005c88       ??$append@VDNameStatusNode@@@DName@@AEAAXPEBVDNameStatusNode@@@Z 0000000140006c88 f i libvcruntime:undname.obj
 0001:00005cec       ??$append@VcharNode@@@DName@@AEAAXPEBVcharNode@@@Z 0000000140006cec f i libvcruntime:undname.obj
 0001:00005d50       ??$append@VpDNameNode@@@DName@@AEAAXPEBVpDNameNode@@@Z 0000000140006d50 f i libvcruntime:undname.obj
 0001:00005db4       ??$append@VpcharNode@@@DName@@AEAAXPEBVpcharNode@@@Z 0000000140006db4 f i libvcruntime:undname.obj
 0001:00005e18       ??$doPchar@$00@DName@@AEAAXPEBDH@Z 0000000140006e18 f i libvcruntime:undname.obj
 0001:00005ebc       ??$doPchar@$01@DName@@AEAAXPEBDH@Z 0000000140006ebc f i libvcruntime:undname.obj
 0001:00005f54       ??$doPchar@$0A@@DName@@AEAAXPEBDH@Z 0000000140006f54 f i libvcruntime:undname.obj
 0001:00005fec       ??$forward@_K@std@@YA$$QEA_KAEA_K@Z 0000000140006fec f i libvcruntime:undname.obj
 0001:00005ff0       ??$size@D$04@std@@YA_KAEAY04$$CBD@Z 0000000140006ff0 f i libvcruntime:undname.obj
 0001:00005ff8       ??$size@D$0EB@@std@@YA_KAEAY0EB@$$CBD@Z 0000000140006ff8 f i libvcruntime:undname.obj
 0001:00006000       ??0?$_Optional_construct_base@_K@std@@QEAA@XZ 0000000140007000 f i libvcruntime:undname.obj
 0001:00006008       ??0?$_Optional_destruct_base@_K$00@std@@QEAA@XZ 0000000140007008 f i libvcruntime:undname.obj
 0001:00006010       ??0?$optional@_K@std@@QEAA@XZ 0000000140007010 f i libvcruntime:undname.obj
 0001:00006018       ??0Block@_HeapManager@@QEAA@XZ 0000000140007018 f i libvcruntime:undname.obj
 0001:00006020       ??0DName@@QEAA@AEAPEBDD@Z  0000000140007020 f   libvcruntime:undname.obj
 0001:000060d0       ??0DName@@QEAA@AEBUStringLiteral@@@Z 00000001400070d0 f   libvcruntime:undname.obj
 0001:000060fc       ??0DName@@QEAA@AEBV0@@Z    00000001400070fc f i libvcruntime:undname.obj
 0001:0000610c       ??0DName@@QEAA@D@Z         000000014000710c f   libvcruntime:undname.obj
 0001:0000612c       ??0DName@@QEAA@PEAV0@@Z    000000014000712c f   libvcruntime:undname.obj
 0001:000061b0       ??0DName@@QEAA@W4DNameStatus@@@Z 00000001400071b0 f   libvcruntime:undname.obj
 0001:000061e0       ??0DName@@QEAA@XZ          00000001400071e0 f i libvcruntime:undname.obj
 0001:000061ec       ??0DName@@QEAA@_J@Z        00000001400071ec f   libvcruntime:undname.obj
 0001:00006294       ??0DName@@QEAA@_K@Z        0000000140007294 f   libvcruntime:undname.obj
 0001:0000631c       ??0DNameNode@@IEAA@XZ      000000014000731c f i libvcruntime:undname.obj
 0001:0000632c       ??0Replicator@@QEAA@XZ     000000014000732c f i libvcruntime:undname.obj
 0001:00006340       ??0UnDecorator@@QEAA@PEBDP6APEADJ@ZK@Z 0000000140007340 f i libvcruntime:undname.obj
 0001:00006390       ??0_Nontrivial_dummy_type@std@@QEAA@XZ 0000000140007390 f i libvcruntime:undname.obj
 0001:00006394       ??0charNode@@QEAA@D@Z      0000000140007394 f i libvcruntime:undname.obj
 0001:000063a8       ??0pDNameNode@@QEAA@PEAVDName@@@Z 00000001400073a8 f   libvcruntime:undname.obj
 0001:000063d0       ??0pairNode@@QEAA@PEBVDNameNode@@0@Z 00000001400073d0 f i libvcruntime:undname.obj
 0001:000063f4       ??2@YAPEAX_KAEAV_HeapManager@@H@Z 00000001400073f4 f   libvcruntime:undname.obj
 0001:00006420       ??4DName@@QEAAAEAV0@AEBUStringLiteral@@@Z 0000000140007420 f   libvcruntime:undname.obj
 0001:00006448       ??4DName@@QEAAAEAV0@AEBV0@@Z 0000000140007448 f   libvcruntime:undname.obj
 0001:00006458       ??4DName@@QEAAAEAV0@D@Z    0000000140007458 f i libvcruntime:undname.obj
 0001:00006478       ??4DName@@QEAAAEAV0@PEAV0@@Z 0000000140007478 f   libvcruntime:undname.obj
 0001:000064f0       ??4DName@@QEAAAEAV0@W4DNameStatus@@@Z 00000001400074f0 f   libvcruntime:undname.obj
 0001:00006510       ??AReplicator@@QEBA?AVDName@@H@Z 0000000140007510 f   libvcruntime:undname.obj
 0001:00006550       ??B?$optional@_K@std@@QEBA_NXZ 0000000140007550 f i libvcruntime:undname.obj
 0001:00006554       ??D?$optional@_K@std@@QEGAAAEA_KXZ 0000000140007554 f i libvcruntime:undname.obj
 0001:00006558       ??H@YA?AVDName@@AEBUStringLiteral@@AEBV0@@Z 0000000140007558 f i libvcruntime:undname.obj
 0001:00006590       ??H@YA?AVDName@@DAEBV0@@Z  0000000140007590 f i libvcruntime:undname.obj
 0001:000065d4       ??H@YA?AVDName@@W4DNameStatus@@AEBV0@@Z 00000001400075d4 f i libvcruntime:undname.obj
 0001:00006620       ??HDName@@QEBA?AV0@AEBUStringLiteral@@@Z 0000000140007620 f   libvcruntime:undname.obj
 0001:0000664c       ??HDName@@QEBA?AV0@AEBV0@@Z 000000014000764c f   libvcruntime:undname.obj
 0001:00006678       ??HDName@@QEBA?AV0@D@Z     0000000140007678 f   libvcruntime:undname.obj
 0001:000066a4       ??HDName@@QEBA?AV0@PEAV0@@Z 00000001400076a4 f   libvcruntime:undname.obj
 0001:000066d0       ??HDName@@QEBA?AV0@W4DNameStatus@@@Z 00000001400076d0 f   libvcruntime:undname.obj
 0001:000066fc       ??HStringLiteral@@QEBA?AU0@H@Z 00000001400076fc f i libvcruntime:undname.obj
 0001:00006714       ??YDName@@QEAAAEAV0@AEBUStringLiteral@@@Z 0000000140007714 f   libvcruntime:undname.obj
 0001:00006794       ??YDName@@QEAAAEAV0@AEBV0@@Z 0000000140007794 f   libvcruntime:undname.obj
 0001:00006848       ??YDName@@QEAAAEAV0@D@Z    0000000140007848 f   libvcruntime:undname.obj
 0001:000068b4       ??YDName@@QEAAAEAV0@PEAV0@@Z 00000001400078b4 f   libvcruntime:undname.obj
 0001:00006948       ??YDName@@QEAAAEAV0@W4DNameStatus@@@Z 0000000140007948 f   libvcruntime:undname.obj
 0001:000069b4       ??YReplicator@@QEAAAEAV0@AEBVDName@@@Z 00000001400079b4 f   libvcruntime:undname.obj
 0001:00006a0c       ??_5DName@@QEAAAEAV0@AEBV0@@Z 0000000140007a0c f   libvcruntime:undname.obj
 0001:00006a20       ??__K_l@@YA?AUStringLiteral@@PEBD_K@Z 0000000140007a20 f i libvcruntime:undname.obj
 0001:00006a2c       ?Constructor@_HeapManager@@QEAAXP6APEAX_K@ZP6AXPEAX@Z@Z 0000000140007a2c f i libvcruntime:undname.obj
 0001:00006a44       ?Destructor@_HeapManager@@QEAAXXZ 0000000140007a44 f i libvcruntime:undname.obj
 0001:00006a98       ?UScore@UnDecorator@@SA?AUStringLiteral@@W4Tokens@@@Z 0000000140007a98 f   libvcruntime:undname.obj
 0001:00006ae4       ?composeDeclaration@UnDecorator@@CA?AVDName@@AEBV2@@Z 0000000140007ae4 f i libvcruntime:undname.obj
 0001:0000798c       ?doAccessSpecifiers@UnDecorator@@SAHXZ 000000014000898c f i libvcruntime:undname.obj
 0001:0000799c       ?doAllocationLanguage@UnDecorator@@SAHXZ 000000014000899c f i libvcruntime:undname.obj
 0001:000079ac       ?doAllocationModel@UnDecorator@@SAHXZ 00000001400089ac f i libvcruntime:undname.obj
 0001:000079bc       ?doEcsu@UnDecorator@@SAHXZ 00000001400089bc f i libvcruntime:undname.obj
 0001:000079cc       ?doEllipsis@UnDecorator@@SAHXZ 00000001400089cc f i libvcruntime:undname.obj
 0001:000079dc       ?doFunctionReturns@UnDecorator@@SAHXZ 00000001400089dc f i libvcruntime:undname.obj
 0001:000079ec       ?doMSKeywords@UnDecorator@@SAHXZ 00000001400089ec f i libvcruntime:undname.obj
 0001:000079fc       ?doMemberTypes@UnDecorator@@SAHXZ 00000001400089fc f i libvcruntime:undname.obj
 0001:00007a0c       ?doNameOnly@UnDecorator@@SAHXZ 0000000140008a0c f i libvcruntime:undname.obj
 0001:00007a18       ?doNoIdentCharCheck@UnDecorator@@SAHXZ 0000000140008a18 f i libvcruntime:undname.obj
 0001:00007a24       ?doPchar@DName@@AEAAXD@Z   0000000140008a24 f   libvcruntime:undname.obj
 0001:00007a74       ?doPtr64@UnDecorator@@SAHXZ 0000000140008a74 f i libvcruntime:undname.obj
 0001:00007a84       ?doRestrictionSpec@UnDecorator@@SAHXZ 0000000140008a84 f i libvcruntime:undname.obj
 0001:00007a94       ?doThisTypes@UnDecorator@@SAHXZ 0000000140008a94 f i libvcruntime:undname.obj
 0001:00007aa8       ?doThrowTypes@UnDecorator@@SAHXZ 0000000140008aa8 f i libvcruntime:undname.obj
 0001:00007ab8       ?doTypeOnly@UnDecorator@@SAHXZ 0000000140008ab8 f i libvcruntime:undname.obj
 0001:00007ac4       ?doUnderScore@UnDecorator@@SAHXZ 0000000140008ac4 f i libvcruntime:undname.obj
 0001:00007ad0       ?getArgumentList@UnDecorator@@CA?AVDName@@XZ 0000000140008ad0 f   libvcruntime:undname.obj
 0001:00007c64       ?getArgumentTypes@UnDecorator@@CA?AVDName@@XZ 0000000140008c64 f   libvcruntime:undname.obj
 0001:00007dc0       ?getArrayObject@UnDecorator@@CA?AVDName@@XZ 0000000140008dc0 f   libvcruntime:undname.obj
 0001:00007e88       ?getArrayType@UnDecorator@@CA?AVDName@@AEBV2@@Z 0000000140008e88 f i libvcruntime:undname.obj
 0001:000080d0       ?getBasedType@UnDecorator@@CA?AVDName@@XZ 00000001400090d0 f   libvcruntime:undname.obj
 0001:000081c8       ?getBasicDataType@UnDecorator@@CA?AVDName@@AEBV2@@Z 00000001400091c8 f   libvcruntime:undname.obj
 0001:0000870c       ?getCHPEName@UnDecorator@@QEAAPEADPEADH@Z 000000014000970c f i libvcruntime:undname.obj
 0001:0000882c       ?getCallIndex@UnDecorator@@CA?AVDName@@XZ 000000014000982c f i libvcruntime:undname.obj
 0001:00008848       ?getCallingConvention@UnDecorator@@CA?AVDName@@XZ 0000000140009848 f   libvcruntime:undname.obj
 0001:00008988       ?getDataIndirectType@UnDecorator@@CA?AVDName@@AEBV2@W4IndirectionKind@@0H@Z 0000000140009988 f   libvcruntime:undname.obj
 0001:00009220       ?getDataIndirectType@UnDecorator@@CA?AVDName@@XZ 000000014000a220 f i libvcruntime:undname.obj
 0001:0000925c       ?getDataType@UnDecorator@@CA?AVDName@@PEAV2@@Z 000000014000a25c f   libvcruntime:undname.obj
 0001:00009370       ?getDecoratedName@UnDecorator@@CA?AVDName@@XZ 000000014000a370 f   libvcruntime:undname.obj
 0001:00009654       ?getDimension@UnDecorator@@CA?AVDName@@_N@Z 000000014000a654 f   libvcruntime:undname.obj
 0001:000097a0       ?getDispatchTarget@UnDecorator@@CA?AVDName@@XZ 000000014000a7a0 f   libvcruntime:undname.obj
 0001:000097ec       ?getDisplacement@UnDecorator@@CA?AVDName@@XZ 000000014000a7ec f i libvcruntime:undname.obj
 0001:00009808       ?getECSUDataType@UnDecorator@@CA?AVDName@@XZ 000000014000a808 f   libvcruntime:undname.obj
 0001:000099e8       ?getECSUName@UnDecorator@@CA?AVDName@@XZ 000000014000a9e8 f i libvcruntime:undname.obj
 0001:00009a00       ?getEnumType@UnDecorator@@CA?AVDName@@XZ 000000014000aa00 f i libvcruntime:undname.obj
 0001:00009b28       ?getExtendedDataIndirectType@UnDecorator@@CA?AVDName@@AEAW4IndirectionKind@@AEA_NH@Z 000000014000ab28 f   libvcruntime:undname.obj
 0001:00009d30       ?getExternalDataType@UnDecorator@@CA?AVDName@@AEBV2@@Z 000000014000ad30 f i libvcruntime:undname.obj
 0001:00009df0       ?getFloatingPoint@UnDecorator@@CA?AVDName@@H@Z 000000014000adf0 f   libvcruntime:undname.obj
 0001:00009f10       ?getFunctionIndirectType@UnDecorator@@CA?AVDName@@AEBV2@@Z 000000014000af10 f   libvcruntime:undname.obj
 0001:0000a448       ?getGuardNumber@UnDecorator@@CA?AVDName@@XZ 000000014000b448 f i libvcruntime:undname.obj
 0001:0000a464       ?getLastChar@DName@@QEBADXZ 000000014000b464 f i libvcruntime:undname.obj
 0001:0000a480       ?getLastChar@DNameStatusNode@@UEBADXZ 000000014000b480 f i libvcruntime:undname.obj
 0001:0000a48c       ?getLastChar@charNode@@UEBADXZ 000000014000b48c f i libvcruntime:undname.obj
 0001:0000a490       ?getLastChar@pDNameNode@@UEBADXZ 000000014000b490 f i libvcruntime:undname.obj
 0001:0000a4bc       ?getLastChar@pairNode@@UEBADXZ 000000014000b4bc f i libvcruntime:undname.obj
 0001:0000a4f4       ?getLastChar@pcharNode@@UEBADXZ 000000014000b4f4 f i libvcruntime:undname.obj
 0001:0000a508       ?getLexicalFrame@UnDecorator@@CA?AVDName@@XZ 000000014000b508 f i libvcruntime:undname.obj
 0001:0000a56c       ?getMemoryWithBuffer@_HeapManager@@QEAAPEAX_K@Z 000000014000b56c f   libvcruntime:undname.obj
 0001:0000a5fc       ?getMemoryWithoutBuffer@_HeapManager@@QEAAPEAX_K@Z 000000014000b5fc f   libvcruntime:undname.obj
 0001:0000a610       ?getNoexcept@UnDecorator@@CA?AVDName@@XZ 000000014000b610 f   libvcruntime:undname.obj
 0001:0000a674       ?getNumberOfDimensions@UnDecorator@@CAHXZ 000000014000b674 f   libvcruntime:undname.obj
 0001:0000a6e8       ?getOperatorName@UnDecorator@@CA?AVDName@@_NPEA_N@Z 000000014000b6e8 f i libvcruntime:undname.obj
 0001:0000af30       ?getPointerType@UnDecorator@@CA?AVDName@@AEBV2@0@Z 000000014000bf30 f i libvcruntime:undname.obj
 0001:0000af50       ?getPointerTypeArray@UnDecorator@@CA?AVDName@@AEBV2@0@Z 000000014000bf50 f i libvcruntime:undname.obj
 0001:0000af6c       ?getPrimaryDataType@UnDecorator@@CA?AVDName@@AEBV2@@Z 000000014000bf6c f   libvcruntime:undname.obj
 0001:0000b220       ?getPtrRefDataType@UnDecorator@@CA?AVDName@@AEBV2@H@Z 000000014000c220 f   libvcruntime:undname.obj
 0001:0000b3ec       ?getPtrRefType@UnDecorator@@CA?AVDName@@AEBV2@0W4IndirectionKind@@@Z 000000014000c3ec f   libvcruntime:undname.obj
 0001:0000b5c4       ?getReferenceType@UnDecorator@@CA?AVDName@@AEBV2@0W4IndirectionKind@@@Z 000000014000c5c4 f i libvcruntime:undname.obj
 0001:0000b5dc       ?getRestrictionSpec@UnDecorator@@CA?AVDName@@XZ 000000014000c5dc f   libvcruntime:undname.obj
 0001:0000b7a8       ?getReturnType@UnDecorator@@CA?AVDName@@PEAV2@@Z 000000014000c7a8 f   libvcruntime:undname.obj
 0001:0000b7dc       ?getScope@UnDecorator@@CA?AVDName@@XZ 000000014000c7dc f   libvcruntime:undname.obj
 0001:0000bc90       ?getScopedName@UnDecorator@@CA?AVDName@@XZ 000000014000cc90 f   libvcruntime:undname.obj
 0001:0000bdcc       ?getSignedDimension@UnDecorator@@CA?AVDName@@XZ 000000014000cdcc f   libvcruntime:undname.obj
 0001:0000be54       ?getStorageConvention@UnDecorator@@CA?AVDName@@XZ 000000014000ce54 f i libvcruntime:undname.obj
 0001:0000be90       ?getString@DName@@QEBAPEADPEAD0@Z 000000014000ce90 f i libvcruntime:undname.obj
 0001:0000beac       ?getString@DName@@QEBAPEADPEADH@Z 000000014000ceac f i libvcruntime:undname.obj
 0001:0000bf40       ?getString@DNameStatusNode@@UEBAPEADPEAD0@Z 000000014000cf40 f i libvcruntime:undname.obj
 0001:0000bf88       ?getString@charNode@@UEBAPEADPEAD0@Z 000000014000cf88 f i libvcruntime:undname.obj
 0001:0000bf9c       ?getString@pDNameNode@@UEBAPEADPEAD0@Z 000000014000cf9c f i libvcruntime:undname.obj
 0001:0000bfcc       ?getString@pairNode@@UEBAPEADPEAD0@Z 000000014000cfcc f i libvcruntime:undname.obj
 0001:0000c018       ?getString@pcharNode@@UEBAPEADPEAD0@Z 000000014000d018 f i libvcruntime:undname.obj
 0001:0000c050       ?getStringEncoding@UnDecorator@@CA?AVDName@@W4PrefixKind@@H@Z 000000014000d050 f   libvcruntime:undname.obj
 0001:0000c134       ?getStringHelper@@YAPEADPEADPEBD1H@Z 000000014000d134 f i libvcruntime:undname.obj
 0001:0000c164       ?getStringObject@UnDecorator@@CA?AVDName@@XZ 000000014000d164 f   libvcruntime:undname.obj
 0001:0000c1cc       ?getSymbolName@UnDecorator@@CA?AVDName@@XZ 000000014000d1cc f i libvcruntime:undname.obj
 0001:0000c218       ?getTemplateArgumentList@UnDecorator@@CA?AVDName@@XZ 000000014000d218 f   libvcruntime:undname.obj
 0001:0000c48c       ?getTemplateName@UnDecorator@@CA?AVDName@@_N@Z 000000014000d48c f   libvcruntime:undname.obj
 0001:0000c720       ?getTemplateNonTypeArgument@UnDecorator@@CA?AVDName@@XZ 000000014000d720 f   libvcruntime:undname.obj
 0001:0000cb9c       ?getTemplateTypeArgument@UnDecorator@@CA?AVDName@@XZ 000000014000db9c f   libvcruntime:undname.obj
 0001:0000cd04       ?getThisType@UnDecorator@@CA?AVDName@@XZ 000000014000dd04 f i libvcruntime:undname.obj
 0001:0000cd44       ?getThrowTypes@UnDecorator@@CA?AVDName@@XZ 000000014000dd44 f   libvcruntime:undname.obj
 0001:0000cd68       ?getTypeEncoding@UnDecorator@@CAHXZ 000000014000dd68 f i libvcruntime:undname.obj
 0001:0000d0dc       ?getUndecoratedName@UnDecorator@@QEAAPEADPEADH@Z 000000014000e0dc f i libvcruntime:undname.obj
 0001:0000d230       ?getVCallThunkType@UnDecorator@@CA?AVDName@@XZ 000000014000e230 f i libvcruntime:undname.obj
 0001:0000d2a8       ?getValue@UnDecorator@@CA?AV?$optional@_K@std@@XZ 000000014000e2a8 f   libvcruntime:undname.obj
 0001:0000d31c       ?getValueObject@UnDecorator@@CA?AVDName@@XZ 000000014000e31c f   libvcruntime:undname.obj
 0001:0000d46c       ?getVbTableType@UnDecorator@@CA?AVDName@@AEBV2@@Z 000000014000e46c f i libvcruntime:undname.obj
 0001:0000d484       ?getVdispMapType@UnDecorator@@CA?AVDName@@AEBV2@@Z 000000014000e484 f i libvcruntime:undname.obj
 0001:0000d500       ?getVfTableType@UnDecorator@@CA?AVDName@@AEBV2@@Z 000000014000e500 f i libvcruntime:undname.obj
 0001:0000d708       ?getZName@UnDecorator@@CA?AVDName@@_N0@Z 000000014000e708 f   libvcruntime:undname.obj
 0001:0000d9f0       ?haveTemplateParameters@UnDecorator@@SAHXZ 000000014000e9f0 f i libvcruntime:undname.obj
 0001:0000d9fc       ?isArray@DName@@QEBAHXZ    000000014000e9fc f i libvcruntime:undname.obj
 0001:0000da08       ?isComArray@DName@@QEBAHXZ 000000014000ea08 f i libvcruntime:undname.obj
 0001:0000da14       ?isEmpty@DName@@QEBAHXZ    000000014000ea14 f i libvcruntime:undname.obj
 0001:0000da20       ?isFull@Replicator@@QEBAHXZ 000000014000ea20 f i libvcruntime:undname.obj
 0001:0000da2c       ?isNoTE@DName@@QEBAHXZ     000000014000ea2c f i libvcruntime:undname.obj
 0001:0000da38       ?isPinPtr@DName@@QEBAHXZ   000000014000ea38 f i libvcruntime:undname.obj
 0001:0000da44       ?isPtrRef@DName@@QEBAHXZ   000000014000ea44 f i libvcruntime:undname.obj
 0001:0000da50       ?isUDC@DName@@QEBAHXZ      000000014000ea50 f i libvcruntime:undname.obj
 0001:0000da68       ?isUDTThunk@DName@@QEBAHXZ 000000014000ea68 f i libvcruntime:undname.obj
 0001:0000da80       ?isVCallThunk@DName@@QEBAHXZ 000000014000ea80 f i libvcruntime:undname.obj
 0001:0000da8c       ?isValid@DName@@QEBAHXZ    000000014000ea8c f i libvcruntime:undname.obj
 0001:0000da98       ?length@DName@@QEBAHXZ     000000014000ea98 f i libvcruntime:undname.obj
 0001:0000dab0       ?length@DNameStatusNode@@UEBAHXZ 000000014000eab0 f i libvcruntime:undname.obj
 0001:0000dab4       ?length@charNode@@UEBAHXZ  000000014000eab4 f i libvcruntime:undname.obj
 0001:0000dabc       ?length@pDNameNode@@UEBAHXZ 000000014000eabc f i libvcruntime:undname.obj
 0001:0000dae4       ?length@pairNode@@UEBAHXZ  000000014000eae4 f i libvcruntime:undname.obj
 0001:0000db2c       ?length@pcharNode@@UEBAHXZ 000000014000eb2c f i libvcruntime:undname.obj
 0001:0000db30       ?make@DNameStatusNode@@SAPEBV1@W4DNameStatus@@@Z 000000014000eb30 f i libvcruntime:undname.obj
 0001:0000db50       ?parseDecoratedName@UnDecorator@@CA?AVDName@@XZ 000000014000eb50 f   libvcruntime:undname.obj
 0001:0000dc64       ?raw_length@DNameStatusNode@@UEBAHXZ 000000014000ec64 f i libvcruntime:undname.obj
 0001:0000dc68       ?raw_length@charNode@@UEBAHXZ 000000014000ec68 f i libvcruntime:undname.obj
 0001:0000dc70       ?raw_length@pDNameNode@@UEBAHXZ 000000014000ec70 f i libvcruntime:undname.obj
 0001:0000dc74       ?raw_length@pairNode@@UEBAHXZ 000000014000ec74 f i libvcruntime:undname.obj
 0001:0000dc78       ?raw_length@pcharNode@@UEBAHXZ 000000014000ec78 f i libvcruntime:undname.obj
 0001:0000dc7c       ?setIsArray@DName@@QEAAXXZ 000000014000ec7c f i libvcruntime:undname.obj
 0001:0000dc84       ?setIsComArray@DName@@QEAAXXZ 000000014000ec84 f i libvcruntime:undname.obj
 0001:0000dc8c       ?setIsNoTE@DName@@QEAAXXZ  000000014000ec8c f i libvcruntime:undname.obj
 0001:0000dc94       ?setIsPinPtr@DName@@QEAAXXZ 000000014000ec94 f i libvcruntime:undname.obj
 0001:0000dc9c       ?setIsUDC@DName@@QEAAXXZ   000000014000ec9c f i libvcruntime:undname.obj
 0001:0000dca8       ?setIsVCallThunk@DName@@QEAAXXZ 000000014000eca8 f i libvcruntime:undname.obj
 0001:0000dcb0       ?setPtrRef@DName@@QEAAAEAV1@XZ 000000014000ecb0 f i libvcruntime:undname.obj
 0001:0000dcbc       ?status@DName@@QEBA?AW4DNameStatus@@XZ 000000014000ecbc f i libvcruntime:undname.obj
 0001:0000dd20       __unDName                  000000014000ed20 f   libvcruntime:undname.obj
 0001:0000dd48       __unDNameEx                000000014000ed48 f   libvcruntime:undname.obj
 0001:0000de7c       unDNameGenerateCHPE        000000014000ee7c f   libvcruntime:undname.obj
 0001:0000df84       ??$__crt_interlocked_exchange_pointer@UHINSTANCE__@@PEAU1@@@YAPEAUHINSTANCE__@@PEDSEAU0@QEAU0@@Z 000000014000ef84 f i libvcruntime:winapi_downlevel.obj
 0001:0000df8c       ??$__crt_interlocked_exchange_pointer@UHINSTANCE__@@PEAX@@YAPEAUHINSTANCE__@@PEDSEAU0@QEAX@Z 000000014000ef8c f i libvcruntime:winapi_downlevel.obj
 0001:0000df94       ??$__crt_interlocked_exchange_pointer@XPEAX@@YAPEAXPEDSEAXQEAX@Z 000000014000ef94 f i libvcruntime:winapi_downlevel.obj
 0001:0000df9c       ??$__crt_interlocked_read_pointer@UHINSTANCE__@@@@YAPEAUHINSTANCE__@@PEDSEAU0@@Z 000000014000ef9c f i libvcruntime:winapi_downlevel.obj
 0001:0000dfa0       ??$__crt_interlocked_read_pointer@X@@YAPEAXPEDSEAX@Z 000000014000efa0 f i libvcruntime:winapi_downlevel.obj
 0001:0000e4d4       __vcrt_FlsAlloc            000000014000f4d4 f   libvcruntime:winapi_downlevel.obj
 0001:0000e51c       __vcrt_FlsFree             000000014000f51c f   libvcruntime:winapi_downlevel.obj
 0001:0000e564       __vcrt_FlsGetValue         000000014000f564 f   libvcruntime:winapi_downlevel.obj
 0001:0000e5ac       __vcrt_FlsSetValue         000000014000f5ac f   libvcruntime:winapi_downlevel.obj
 0001:0000e600       __vcrt_InitializeCriticalSectionEx 000000014000f600 f   libvcruntime:winapi_downlevel.obj
 0001:0000e664       ??$__crt_interlocked_exchange_pointer@$$A6AXXZP6AXXZ@@YAP6AXXZPEDS6AXXZQ6AXXZ@Z 000000014000f664 f i libvcruntime:purevirt.obj
 0001:0000e66c       ??$__crt_interlocked_read_pointer@$$A6AXXZ@@YAP6AXXZPEDS6AXXZ@Z 000000014000f66c f i libvcruntime:purevirt.obj
 0001:0000e670       _get_purecall_handler      000000014000f670 f   libvcruntime:purevirt.obj
 0001:0000e678       _purecall                  000000014000f678 f   libvcruntime:purevirt.obj
 0001:0000e694       _set_purecall_handler      000000014000f694 f   libvcruntime:purevirt.obj
 0001:0000e6a0       ??$?0AEAViterator@TryBlockMap4@FH4@@AEAV012@$0A@@?$pair@Viterator@TryBlockMap4@FH4@@V123@@std@@QEAA@AEAViterator@TryBlockMap4@FH4@@0@Z 000000014000f6a0 f i libvcruntime:risctrnsctrl.obj
 0001:0000e6b4       ??$?0AEAViterator@TryBlockMap@__FrameHandler3@@AEAV012@$0A@@?$pair@Viterator@TryBlockMap@__FrameHandler3@@V123@@std@@QEAA@AEAViterator@TryBlockMap@__FrameHandler3@@0@Z 000000014000f6b4 f i libvcruntime:risctrnsctrl.obj
 0001:0000e804       ??$_CallSETranslator@V__FrameHandler3@@@@YAHPEAUEHExceptionRecord@@PEA_KPEAU_CONTEXT@@PEAU_xDISPATCHER_CONTEXT@@PEBU_s_FuncInfo@@K1H@Z 000000014000f804 f i libvcruntime:risctrnsctrl.obj
 0001:0000e858       ??$_CallSETranslator@V__FrameHandler4@@@@YAHPEAUEHExceptionRecord@@PEA_KPEAU_CONTEXT@@PEAU_xDISPATCHER_CONTEXT@@PEAUFuncInfo4@FH4@@K1H@Z 000000014000f858 f i libvcruntime:risctrnsctrl.obj
 0001:0000e8ac       ??$forward@AEAViterator@TryBlockMap4@FH4@@@std@@YAAEAViterator@TryBlockMap4@FH4@@AEAV123@@Z 000000014000f8ac f i libvcruntime:risctrnsctrl.obj
 0001:0000e8b0       ??$forward@AEAViterator@TryBlockMap@__FrameHandler3@@@std@@YAAEAViterator@TryBlockMap@__FrameHandler3@@AEAV123@@Z 000000014000f8b0 f i libvcruntime:risctrnsctrl.obj
 0001:0000e8b4       ??0FuncInfo4@FH4@@QEAA@XZ  000000014000f8b4 f i libvcruntime:risctrnsctrl.obj
 0001:0000e8c8       ??0FuncInfoHeader@FH4@@QEAA@XZ 000000014000f8c8 f i libvcruntime:risctrnsctrl.obj
 0001:0000e8d0       ??0iterator@TryBlockMap4@FH4@@QEAA@AEAV12@I@Z 000000014000f8d0 f i libvcruntime:risctrnsctrl.obj
 0001:0000e8dc       ??0iterator@TryBlockMap@__FrameHandler3@@QEAA@AEAV12@I@Z 000000014000f8dc f i libvcruntime:risctrnsctrl.obj
 0001:0000e8e8       ??4iterator@TryBlockMap4@FH4@@QEAAAEAV012@AEBV012@@Z 000000014000f8e8 f i libvcruntime:risctrnsctrl.obj
 0001:0000e8f4       ??9iterator@TryBlockMap4@FH4@@QEBA_NAEBV012@@Z 000000014000f8f4 f i libvcruntime:risctrnsctrl.obj
 0001:0000e900       ??Diterator@TryBlockMap4@FH4@@QEAA?AUTryBlockMapEntry4@2@XZ 000000014000f900 f i libvcruntime:risctrnsctrl.obj
 0001:0000e910       ??Eiterator@TryBlockMap4@FH4@@QEAAAEAV012@XZ 000000014000f910 f i libvcruntime:risctrnsctrl.obj
 0001:0000e9ac       ?CatchTryBlock@__FrameHandler3@@SAPEBU_s_TryBlockMapEntry@@PEBU_s_FuncInfo@@H@Z 000000014000f9ac f   libvcruntime:risctrnsctrl.obj
 0001:0000ea00       ?DecompFuncInfo@FH4@@YA_JPEAEAEAUFuncInfo4@1@_KH@Z 000000014000fa00 f i libvcruntime:risctrnsctrl.obj
 0001:0000ea14       ?DecompFuncInfo@FH4@@YA_JPEAEAEAUFuncInfo4@1@_KH_N@Z 000000014000fa14 f i libvcruntime:risctrnsctrl.obj
 0001:0000eb38       ?DecompTryBlock@TryBlockMap4@FH4@@AEAAXXZ 000000014000fb38 f i libvcruntime:risctrnsctrl.obj
 0001:0000ebcc       ?ExecutionInCatch@__FrameHandler3@@SA_NPEAU_xDISPATCHER_CONTEXT@@PEBU_s_FuncInfo@@@Z 000000014000fbcc f   libvcruntime:risctrnsctrl.obj
 0001:0000ebf8       ?ExecutionInCatch@__FrameHandler4@@SA_NPEAU_xDISPATCHER_CONTEXT@@PEAUFuncInfo4@FH4@@@Z 000000014000fbf8 f   libvcruntime:risctrnsctrl.obj
 0001:0000ec00       ?FrameUnwindToEmptyState@__FrameHandler3@@SAXPEA_KPEAU_xDISPATCHER_CONTEXT@@PEBU_s_FuncInfo@@@Z 000000014000fc00 f   libvcruntime:risctrnsctrl.obj
 0001:0000ec64       ?FrameUnwindToEmptyState@__FrameHandler4@@SAXPEA_KPEAU_xDISPATCHER_CONTEXT@@PEAUFuncInfo4@FH4@@@Z 000000014000fc64 f   libvcruntime:risctrnsctrl.obj
 0001:0000ec98       ?GetEstablisherFrame@__FrameHandler3@@SAPEA_KPEA_KPEAU_xDISPATCHER_CONTEXT@@PEBU_s_FuncInfo@@0@Z 000000014000fc98 f   libvcruntime:risctrnsctrl.obj
 0001:0000ed64       ?GetEstablisherFrame@__FrameHandler4@@SAPEA_KPEA_KPEAU_xDISPATCHER_CONTEXT@@PEAUFuncInfo4@FH4@@0@Z 000000014000fd64 f   libvcruntime:risctrnsctrl.obj
 0001:0000ed88       ?GetRangeOfTrysToCheck@__FrameHandler3@@SA?AU?$pair@Viterator@TryBlockMap@__FrameHandler3@@V123@@std@@AEAVTryBlockMap@1@HPEAU_xDISPATCHER_CONTEXT@@PEBU_s_FuncInfo@@H@Z 000000014000fd88 f   libvcruntime:risctrnsctrl.obj
 0001:0000eec8       ?GetRangeOfTrysToCheck@__FrameHandler4@@SA?AU?$pair@Viterator@TryBlockMap4@FH4@@V123@@std@@AEAVTryBlockMap4@FH4@@HPEAU_xDISPATCHER_CONTEXT@@PEAUFuncInfo4@5@H@Z 000000014000fec8 f   libvcruntime:risctrnsctrl.obj
 0001:0000f030       ?ReadInt@FH4@@YAHPEAPEAE@Z 0000000140010030 f i libvcruntime:risctrnsctrl.obj
 0001:0000f040       ?ReadUnsigned@FH4@@YAIPEAPEAE@Z 0000000140010040 f i libvcruntime:risctrnsctrl.obj
 0001:0000f070       ?UnwindNestedFrames@__FrameHandler3@@SAXPEA_KPEAUEHExceptionRecord@@PEAU_CONTEXT@@0PEAXPEBU_s_FuncInfo@@HHPEBU_s_HandlerType@@PEAU_xDISPATCHER_CONTEXT@@E@Z 0000000140010070 f   libvcruntime:risctrnsctrl.obj
 0001:0000f174       ?UnwindNestedFrames@__FrameHandler4@@SAXPEA_KPEAUEHExceptionRecord@@PEAU_CONTEXT@@0PEAXPEAUFuncInfo4@FH4@@HHPEAUHandlerType4@5@PEAU_xDISPATCHER_CONTEXT@@E@Z 0000000140010174 f   libvcruntime:risctrnsctrl.obj
 0001:0000f294       ?begin@TryBlockMap4@FH4@@QEAA?AViterator@12@XZ 0000000140010294 f i libvcruntime:risctrnsctrl.obj
 0001:0000f2a0       ?end@TryBlockMap4@FH4@@QEAA?AViterator@12@XZ 00000001400102a0 f i libvcruntime:risctrnsctrl.obj
 0001:0000f2ac       ?imageRelToByteBuffer@FH4@@YAPEAE_KH@Z 00000001400102ac f i libvcruntime:risctrnsctrl.obj
 0001:0000f2b4       ?incrementToSentinel@iterator@TryBlockMap4@FH4@@QEAAXXZ 00000001400102b4 f i libvcruntime:risctrnsctrl.obj
 0001:0000f2b8       ?setBuffer@TryBlockMap4@FH4@@QEAAXViterator@12@@Z 00000001400102b8 f i libvcruntime:risctrnsctrl.obj
 0001:0000f478       _CreateFrameInfo           0000000140010478 f   libvcruntime:risctrnsctrl.obj
 0001:0000f4b4       _FindAndUnlinkFrame        00000001400104b4 f   libvcruntime:risctrnsctrl.obj
 0001:0000f508       _GetImageBase              0000000140010508 f   libvcruntime:risctrnsctrl.obj
 0001:0000f51c       _GetThrowImageBase         000000014001051c f   libvcruntime:risctrnsctrl.obj
 0001:0000f530       _SetImageBase              0000000140010530 f   libvcruntime:risctrnsctrl.obj
 0001:0000f548       _SetThrowImageBase         0000000140010548 f   libvcruntime:risctrnsctrl.obj
 0001:0000f560       __CxxFrameHandler          0000000140010560 f   libvcruntime:risctrnsctrl.obj
 0001:0000f568       __CxxFrameHandler2         0000000140010568 f   libvcruntime:risctrnsctrl.obj
 0001:0000f570       __CxxFrameHandler3         0000000140010570 f   libvcruntime:risctrnsctrl.obj
 0001:0000f5f8       __CxxFrameHandler4         00000001400105f8 f   libvcruntime:risctrnsctrl.obj
 0001:0000f6d0       memcpy_repmovs             00000001400106d0 f   libvcruntime:memcpy.obj
 0001:0000f6f0       memmove                    00000001400106f0 f   libvcruntime:memcpy.obj
 0001:0000f6f0       memcpy                     00000001400106f0 f   libvcruntime:memcpy.obj
 0001:0000fac8       ?GetCurrentState@__FrameHandler3@@SAHPEA_KPEAU_xDISPATCHER_CONTEXT@@PEBU_s_FuncInfo@@@Z 0000000140010ac8 f   libvcruntime:ehstate.obj
 0001:0000faf0       ?GetUnwindTryBlock@__FrameHandler3@@SAHPEA_KPEAU_xDISPATCHER_CONTEXT@@PEBU_s_FuncInfo@@@Z 0000000140010af0 f   libvcruntime:ehstate.obj
 0001:0000fb1c       ?SetState@__FrameHandler3@@SAXPEA_KPEBU_s_FuncInfo@@H@Z 0000000140010b1c f   libvcruntime:ehstate.obj
 0001:0000fb28       ?SetUnwindTryBlock@__FrameHandler3@@SAXPEA_KPEAU_xDISPATCHER_CONTEXT@@PEBU_s_FuncInfo@@H@Z 0000000140010b28 f   libvcruntime:ehstate.obj
 0001:0000fb64       ?StateFromControlPc@__FrameHandler3@@SAHPEBU_s_FuncInfo@@PEAU_xDISPATCHER_CONTEXT@@@Z 0000000140010b64 f   libvcruntime:ehstate.obj
 0001:0000fb6c       ?StateFromControlPc@__FrameHandler4@@SAHPEAUFuncInfo4@FH4@@PEAU_xDISPATCHER_CONTEXT@@@Z 0000000140010b6c f   libvcruntime:ehstate.obj
 0001:0000fb74       ?StateFromIp@__FrameHandler3@@SAHPEBU_s_FuncInfo@@PEAU_xDISPATCHER_CONTEXT@@_K@Z 0000000140010b74 f   libvcruntime:ehstate.obj
 0001:0000fbdc       ?StateFromIp@__FrameHandler4@@SAHPEAUFuncInfo4@FH4@@PEAU_xDISPATCHER_CONTEXT@@_K@Z 0000000140010bdc f   libvcruntime:ehstate.obj
 0001:0000fcc4       ?__FuncRelToRealOffset@@YA_KPEAU_xDISPATCHER_CONTEXT@@I@Z 0000000140010cc4 f i libvcruntime:ehstate.obj
 0001:0000fcd4       ?__RVAtoRealOffset@@YA_KPEAU_xDISPATCHER_CONTEXT@@H@Z 0000000140010cd4 f i libvcruntime:ehstate.obj
 0001:00011318       ??$TypeMatchHelper@V__FrameHandler3@@@@YAHPEBU_s_HandlerType@@PEBU_s_CatchableType@@PEBU_s_ThrowInfo@@@Z 0000000140012318 f i libvcruntime:frame.obj
 0001:00011458       ??$TypeMatchHelper@V__FrameHandler4@@@@YAHPEAUHandlerType4@FH4@@PEBU_s_CatchableType@@PEBU_s_ThrowInfo@@@Z 0000000140012458 f i libvcruntime:frame.obj
 0001:0001159c       ??$__InternalCxxFrameHandler@V__FrameHandler3@@@@YA?AW4_EXCEPTION_DISPOSITION@@PEAUEHExceptionRecord@@PEA_KPEAU_CONTEXT@@PEAU_xDISPATCHER_CONTEXT@@PEBU_s_FuncInfo@@H1E@Z 000000014001259c f i libvcruntime:frame.obj
 0001:000117d4       ??$__InternalCxxFrameHandler@V__FrameHandler4@@@@YA?AW4_EXCEPTION_DISPOSITION@@PEAUEHExceptionRecord@@PEA_KPEAU_CONTEXT@@PEAU_xDISPATCHER_CONTEXT@@PEAUFuncInfo4@FH4@@H1E@Z 00000001400127d4 f i libvcruntime:frame.obj
 0001:00011a68       ??0HandlerMap4@FH4@@QEAA@PEBUTryBlockMapEntry4@1@_KH@Z 0000000140012a68 f i libvcruntime:frame.obj
 0001:00011ae4       ??0HandlerMap@__FrameHandler3@@QEAA@PEBU_s_TryBlockMapEntry@@_KI@Z 0000000140012ae4 f i libvcruntime:frame.obj
 0001:00011af8       ??0HandlerType4@FH4@@QEAA@XZ 0000000140012af8 f i libvcruntime:frame.obj
 0001:00011b10       ??0TryBlockMap4@FH4@@QEAA@PEBUFuncInfo4@1@_K@Z 0000000140012b10 f i libvcruntime:frame.obj
 0001:00011be8       ??0TryBlockMap@__FrameHandler3@@QEAA@PEBU_s_FuncInfo@@_K@Z 0000000140012be8 f i libvcruntime:frame.obj
 0001:00011bf4       ??0UWMap4@FH4@@QEAA@PEBUFuncInfo4@1@_K@Z 0000000140012bf4 f i libvcruntime:frame.obj
 0001:00011c38       ??0bad_exception@std@@QEAA@AEBV01@@Z 0000000140012c38 f i libvcruntime:frame.obj
 0001:00011c74       ??0bad_exception@std@@QEAA@XZ 0000000140012c74 f i libvcruntime:frame.obj
 0001:00011c94       ??0exception@std@@QEAA@AEBV01@@Z 0000000140012c94 f i libvcruntime:frame.obj
 0001:00011cc8       ??0exception@std@@QEAA@QEBDH@Z 0000000140012cc8 f i libvcruntime:frame.obj
 0001:00011ce0       ??0iterator@HandlerMap4@FH4@@QEAA@AEAV12@I@Z 0000000140012ce0 f i libvcruntime:frame.obj
 0001:00011cec       ??0iterator@HandlerMap@__FrameHandler3@@QEAA@AEAV12@I@Z 0000000140012cec f i libvcruntime:frame.obj
 0001:00011cf8       ??0iterator@UWMap4@FH4@@QEAA@AEAV12@PEAE@Z 0000000140012cf8 f i libvcruntime:frame.obj
 0001:00011d04       ??1bad_exception@std@@UEAA@XZ 0000000140012d04 f i libvcruntime:frame.obj
 0001:00011d18       ??1exception@std@@UEAA@XZ  0000000140012d18 f i libvcruntime:frame.obj
 0001:00011d2c       ??4iterator@UWMap4@FH4@@QEAAAEAV012@AEBV012@@Z 0000000140012d2c f i libvcruntime:frame.obj
 0001:00011d4c       ??8iterator@HandlerMap4@FH4@@QEBA_NAEBV012@@Z 0000000140012d4c f i libvcruntime:frame.obj
 0001:00011d58       ??8iterator@HandlerMap@__FrameHandler3@@QEBA_NAEBV012@@Z 0000000140012d58 f i libvcruntime:frame.obj
 0001:00011d64       ??8type_info@@QEBA_NAEBV0@@Z 0000000140012d64 f i libvcruntime:frame.obj
 0001:00011d80       ??9iterator@HandlerMap4@FH4@@QEBA_NAEBV012@@Z 0000000140012d80 f i libvcruntime:frame.obj
 0001:00011d8c       ??9iterator@HandlerMap@__FrameHandler3@@QEBA_NAEBV012@@Z 0000000140012d8c f i libvcruntime:frame.obj
 0001:00011d98       ??Diterator@HandlerMap4@FH4@@QEAA?AUHandlerType4@2@XZ 0000000140012d98 f i libvcruntime:frame.obj
 0001:00011db8       ??Diterator@HandlerMap@__FrameHandler3@@QEAA?BU_s_HandlerType@@XZ 0000000140012db8 f i libvcruntime:frame.obj
 0001:00011ddc       ??Diterator@TryBlockMap@__FrameHandler3@@QEAA?BU_s_TryBlockMapEntry@@XZ 0000000140012ddc f i libvcruntime:frame.obj
 0001:00011e0c       ??Diterator@UWMap4@FH4@@QEAA?AUUnwindMapEntry4@2@XZ 0000000140012e0c f i libvcruntime:frame.obj
 0001:00011e60       ??Eiterator@HandlerMap4@FH4@@QEAAAEAV012@XZ 0000000140012e60 f i libvcruntime:frame.obj
 0001:00011e80       ??Eiterator@HandlerMap@__FrameHandler3@@QEAAAEAV012@XZ 0000000140012e80 f i libvcruntime:frame.obj
 0001:00011e88       ??Eiterator@TryBlockMap@__FrameHandler3@@QEAAAEAV012@XZ 0000000140012e88 f i libvcruntime:frame.obj
 0001:00011e90       ??Eiterator@UWMap4@FH4@@QEAAAEAV012@XZ 0000000140012e90 f i libvcruntime:frame.obj
 0001:00011eb0       ??Giterator@UWMap4@FH4@@QEBA_JAEBV012@@Z 0000000140012eb0 f i libvcruntime:frame.obj
 0001:00011ebc       ??Miterator@TryBlockMap4@FH4@@QEBA_NAEBV012@@Z 0000000140012ebc f i libvcruntime:frame.obj
 0001:00011ec8       ??Miterator@TryBlockMap@__FrameHandler3@@QEBA_NAEBV012@@Z 0000000140012ec8 f i libvcruntime:frame.obj
 0001:00011ed4       ??Oiterator@UWMap4@FH4@@QEBA_NAEBV012@@Z 0000000140012ed4 f i libvcruntime:frame.obj
 0001:00011ee0       ??Piterator@UWMap4@FH4@@QEBA_NAEBV012@@Z 0000000140012ee0 f i libvcruntime:frame.obj
 0001:00011eec       ??_Gbad_exception@std@@UEAAPEAXI@Z 0000000140012eec f i libvcruntime:frame.obj
 0001:00011eec       ??_Ebad_exception@std@@UEAAPEAXI@Z 0000000140012eec f i libvcruntime:frame.obj
 0001:00011f30       ??_Gexception@std@@UEAAPEAXI@Z 0000000140012f30 f i libvcruntime:frame.obj
 0001:00011f30       ??_Eexception@std@@UEAAPEAXI@Z 0000000140012f30 f i libvcruntime:frame.obj
 0001:00011f74       ?BuildCatchObject@__FrameHandler3@@SAXPEAUEHExceptionRecord@@PEAXPEBU_s_HandlerType@@PEBU_s_CatchableType@@@Z 0000000140012f74 f   libvcruntime:frame.obj
 0001:00011f7c       ?BuildCatchObject@__FrameHandler4@@SAXPEAUEHExceptionRecord@@PEAXPEAUHandlerType4@FH4@@PEBU_s_CatchableType@@@Z 0000000140012f7c f   libvcruntime:frame.obj
 0001:00011f84       ?BuildCatchObjectHelper@__FrameHandler3@@SAHPEAUEHExceptionRecord@@PEAXPEBU_s_HandlerType@@PEBU_s_CatchableType@@@Z 0000000140012f84 f   libvcruntime:frame.obj
 0001:00011f8c       ?BuildCatchObjectHelper@__FrameHandler4@@SAHPEAUEHExceptionRecord@@PEAXPEAUHandlerType4@FH4@@PEBU_s_CatchableType@@@Z 0000000140012f8c f   libvcruntime:frame.obj
 0001:00011f94       ?CxxCallCatchBlock@__FrameHandler3@@SAPEAXPEAU_EXCEPTION_RECORD@@@Z 0000000140012f94 f   libvcruntime:frame.obj
 0001:00012180       ?CxxCallCatchBlock@__FrameHandler4@@SAPEAXPEAU_EXCEPTION_RECORD@@@Z 0000000140013180 f   libvcruntime:frame.obj
 0001:000123d0       ?DecompHandler@HandlerMap4@FH4@@AEAAXXZ 00000001400133d0 f i libvcruntime:frame.obj
 0001:00012610       ?FrameUnwindToState@__FrameHandler3@@SAXPEA_KPEAU_xDISPATCHER_CONTEXT@@PEBU_s_FuncInfo@@H@Z 0000000140013610 f   libvcruntime:frame.obj
 0001:0001279c       ?FrameUnwindToState@__FrameHandler4@@SAXPEA_KPEAU_xDISPATCHER_CONTEXT@@PEAUFuncInfo4@FH4@@H@Z 000000014001379c f   libvcruntime:frame.obj
 0001:00012a84       ?GetHandlerSearchState@__FrameHandler3@@SAHPEA_KPEAU_xDISPATCHER_CONTEXT@@PEBU_s_FuncInfo@@@Z 0000000140013a84 f i libvcruntime:frame.obj
 0001:00012b1c       ?GetHandlerSearchState@__FrameHandler4@@SAHPEA_KPEAU_xDISPATCHER_CONTEXT@@PEAUFuncInfo4@FH4@@@Z 0000000140013b1c f i libvcruntime:frame.obj
 0001:00012b80       ?GetMaxState@__FrameHandler3@@SAHPEAU_xDISPATCHER_CONTEXT@@PEBU_s_FuncInfo@@@Z 0000000140013b80 f i libvcruntime:frame.obj
 0001:00012b84       ?GetMaxState@__FrameHandler4@@SAHPEAU_xDISPATCHER_CONTEXT@@PEAUFuncInfo4@FH4@@@Z 0000000140013b84 f i libvcruntime:frame.obj
 0001:00012d34       ?ReadEntry@UWMap4@FH4@@AEAAXPEAPEAE@Z 0000000140013d34 f i libvcruntime:frame.obj
 0001:00012dd4       ?TypeMatch@__FrameHandler3@@SAHPEBU_s_HandlerType@@PEBU_s_CatchableType@@PEBU_s_ThrowInfo@@@Z 0000000140013dd4 f   libvcruntime:frame.obj
 0001:00012ddc       ?TypeMatch@__FrameHandler4@@SAHPEAUHandlerType4@FH4@@PEBU_s_CatchableType@@PEBU_s_ThrowInfo@@@Z 0000000140013ddc f   libvcruntime:frame.obj
 0001:00012de4       ?WalkBack@UWMap4@FH4@@AEAAXPEAPEAE@Z 0000000140013de4 f i libvcruntime:frame.obj
 0001:00012e1c       ?WalkBack@iterator@UWMap4@FH4@@QEAAXXZ 0000000140013e1c f i libvcruntime:frame.obj
 0001:00012e5c       ?WalkForward@UWMap4@FH4@@AEAAXPEAPEAE@Z 0000000140013e5c f i libvcruntime:frame.obj
 0001:00012e64       ?_CallMemberFunction1@@YAXQEAX00@Z 0000000140013e64 f i libvcruntime:frame.obj
 0001:00012e70       ?_CallMemberFunction2@@YAXQEAX00H@Z 0000000140013e70 f i libvcruntime:frame.obj
 0001:00012e94       ?begin@HandlerMap4@FH4@@QEAA?AViterator@12@XZ 0000000140013e94 f i libvcruntime:frame.obj
 0001:00012ea0       ?begin@HandlerMap@__FrameHandler3@@QEAA?AViterator@12@XZ 0000000140013ea0 f i libvcruntime:frame.obj
 0001:00012eac       ?begin@UWMap4@FH4@@QEAA?AViterator@12@XZ 0000000140013eac f i libvcruntime:frame.obj
 0001:00012ebc       ?end@HandlerMap4@FH4@@QEAA?AViterator@12@XZ 0000000140013ebc f i libvcruntime:frame.obj
 0001:00012ec8       ?end@HandlerMap@__FrameHandler3@@QEAA?AViterator@12@XZ 0000000140013ec8 f i libvcruntime:frame.obj
 0001:00012ed4       ?getESTypes@__FrameHandler3@@SAPEBU_s_ESTypeList@@PEBU_s_FuncInfo@@@Z 0000000140013ed4 f i libvcruntime:frame.obj
 0001:00012efc       ?getESTypes@__FrameHandler4@@SAPEBU_s_ESTypeList@@PEAUFuncInfo4@FH4@@@Z 0000000140013efc f i libvcruntime:frame.obj
 0001:00012f00       ?getLastEntry@HandlerMap4@FH4@@QEAAPEAUHandlerType4@2@XZ 0000000140013f00 f i libvcruntime:frame.obj
 0001:00012f50       ?getLastEntry@HandlerMap@__FrameHandler3@@QEAAPEBU_s_HandlerType@@XZ 0000000140013f50 f i libvcruntime:frame.obj
 0001:00012f64       ?getMagicNum@__FrameHandler3@@SAIPEBU_s_FuncInfo@@@Z 0000000140013f64 f i libvcruntime:frame.obj
 0001:00012f6c       ?getMagicNum@__FrameHandler4@@SAIPEAUFuncInfo4@FH4@@@Z 0000000140013f6c f i libvcruntime:frame.obj
 0001:00012f74       ?getNumTryBlocks@TryBlockMap4@FH4@@QEAAIXZ 0000000140013f74 f i libvcruntime:frame.obj
 0001:00012f78       ?getNumTryBlocks@TryBlockMap@__FrameHandler3@@QEAAIXZ 0000000140013f78 f i libvcruntime:frame.obj
 0001:00012f80       ?getStartStop@UWMap4@FH4@@QEAAXHHAEAViterator@12@0@Z 0000000140013f80 f i libvcruntime:frame.obj
 0001:00013050       ?getStateFromIterators@UWMap4@FH4@@SAHAEBViterator@12@H0H0@Z 0000000140014050 f i libvcruntime:frame.obj
 0001:00013118       ?isEHs@__FrameHandler3@@SA_NPEBU_s_FuncInfo@@@Z 0000000140014118 f i libvcruntime:frame.obj
 0001:00013120       ?isEHs@__FrameHandler4@@SA_NPEAUFuncInfo4@FH4@@@Z 0000000140014120 f i libvcruntime:frame.obj
 0001:00013128       ?isNoExcept@__FrameHandler3@@SA_NPEBU_s_FuncInfo@@@Z 0000000140014128 f i libvcruntime:frame.obj
 0001:00013134       ?isNoExcept@__FrameHandler4@@SA_NPEAUFuncInfo4@FH4@@@Z 0000000140014134 f i libvcruntime:frame.obj
 0001:0001313c       ?reset@HandlerType4@FH4@@QEAAXXZ 000000014001413c f i libvcruntime:frame.obj
 0001:00013150       ?resetBuffer@HandlerMap4@FH4@@QEAAXXZ 0000000140014150 f i libvcruntime:frame.obj
 0001:00013160       ?setBuffer@HandlerMap4@FH4@@QEAAXI@Z 0000000140014160 f i libvcruntime:frame.obj
 0001:0001319c       ?what@exception@std@@UEBAPEBDXZ 000000014001419c f i libvcruntime:frame.obj
 0001:000131b0       __BuildCatchObject         00000001400141b0 f   libvcruntime:frame.obj
 0001:000131b8       __BuildCatchObjectHelper   00000001400141b8 f   libvcruntime:frame.obj
 0001:000131c0       __TypeMatch                00000001400141c0 f   libvcruntime:frame.obj
 0001:000131c8       __vcrt_EncodePointer       00000001400141c8 f i libvcruntime:frame.obj
 0001:000131e0       _CallSettingFrame          00000001400141e0 f   libvcruntime:handlers.obj
 0001:00013230       _CallSettingFrame_LookupContinuationIndex 0000000140014230 f   libvcruntime:handlers.obj
 0001:00013260       _CallSettingFrame_NotifyContinuationAddr 0000000140014260 f   libvcruntime:handlers.obj
 0001:00013290       _CallSettingFrameEncoded   0000000140014290 f   libvcruntime:handlers.obj
 0001:000132d8       ??$?RD@__crt_public_free_policy@@QEBAXQEBD@Z 00000001400142d8 f i libvcruntime:std_exception.obj
 0001:000132e0       ??0?$__crt_unique_heap_ptr@DU__crt_public_free_policy@@@@QEAA@QEAD@Z 00000001400142e0 f i libvcruntime:std_exception.obj
 0001:000132e8       ??1?$__crt_unique_heap_ptr@DU__crt_public_free_policy@@@@QEAA@XZ 00000001400142e8 f i libvcruntime:std_exception.obj
 0001:00013304       ??B?$__crt_unique_heap_ptr@DU__crt_public_free_policy@@@@QEBA_NXZ 0000000140014304 f i libvcruntime:std_exception.obj
 0001:0001330c       ?detach@?$__crt_unique_heap_ptr@DU__crt_public_free_policy@@@@QEAAPEADXZ 000000014001430c f i libvcruntime:std_exception.obj
 0001:00013314       ?get@?$__crt_unique_heap_ptr@DU__crt_public_free_policy@@@@QEBAPEADXZ 0000000140014314 f i libvcruntime:std_exception.obj
 0001:00013318       ?is_valid@?$__crt_unique_heap_ptr@DU__crt_public_free_policy@@@@QEBA_NXZ 0000000140014318 f i libvcruntime:std_exception.obj
 0001:00013320       ?release@?$__crt_unique_heap_ptr@DU__crt_public_free_policy@@@@QEAAXXZ 0000000140014320 f i libvcruntime:std_exception.obj
 0001:0001333c       __std_exception_copy       000000014001433c f   libvcruntime:std_exception.obj
 0001:000133cc       __std_exception_destroy    00000001400143cc f   libvcruntime:std_exception.obj
 0001:000133f4       _CxxThrowException         00000001400143f4 f   libvcruntime:throw.obj
 0001:00013494       ??$?RPEAU__crt_stdio_stream_data@@@__crt_internal_free_policy@@QEBAXQEBQEAU__crt_stdio_stream_data@@@Z 0000000140014494 f i libucrt:_file.obj
 0001:0001349c       ??0?$__crt_unique_heap_ptr@PEAU__crt_stdio_stream_data@@U__crt_internal_free_policy@@@@QEAA@QEAPEAU__crt_stdio_stream_data@@@Z 000000014001449c f i libucrt:_file.obj
 0001:000134a4       ??0__crt_stdio_stream@@QEAA@QEAU_iobuf@@@Z 00000001400144a4 f i libucrt:_file.obj
 0001:000134ac       ??1?$__crt_unique_heap_ptr@PEAU__crt_stdio_stream_data@@U__crt_internal_free_policy@@@@QEAA@XZ 00000001400144ac f i libucrt:_file.obj
 0001:000134c8       ??C__crt_stdio_stream@@QEBAPEAU__crt_stdio_stream_data@@XZ 00000001400144c8 f i libucrt:_file.obj
 0001:000134cc       ?detach@?$__crt_unique_heap_ptr@PEAU__crt_stdio_stream_data@@U__crt_internal_free_policy@@@@QEAAPEAPEAU__crt_stdio_stream_data@@XZ 00000001400144cc f i libucrt:_file.obj
 0001:000134d4       ?release@?$__crt_unique_heap_ptr@PEAU__crt_stdio_stream_data@@U__crt_internal_free_policy@@@@QEAAXXZ 00000001400144d4 f i libucrt:_file.obj
 0001:000134f0       __acrt_initialize_stdio    00000001400144f0 f   libucrt:_file.obj
 0001:00013610       __acrt_iob_func            0000000140014610 f   libucrt:_file.obj
 0001:00013624       __acrt_uninitialize_stdio  0000000140014624 f   libucrt:_file.obj
 0001:00013680       _get_stream_buffer_pointers 0000000140014680 f   libucrt:_file.obj
 0001:000136c8       _lock_file                 00000001400146c8 f   libucrt:_file.obj
 0001:000136d4       _unlock_file               00000001400146d4 f   libucrt:_file.obj
 0001:00013868       ?detach@?$__crt_unique_heap_ptr@DU__crt_internal_free_policy@@@@QEAAPEADXZ 0000000140014868 f i libucrt:setvbuf.obj
 0001:00013870       ?public_stream@__crt_stdio_stream@@QEBAPEAU_iobuf@@XZ 0000000140014870 f i libucrt:setvbuf.obj
 0001:0001388c       ?set_flags@__crt_stdio_stream@@QEBA_NJ@Z 000000014001488c f i libucrt:setvbuf.obj
 0001:000138ac       ?unset_flags@__crt_stdio_stream@@QEBA_NJ@Z 00000001400148ac f i libucrt:setvbuf.obj
 0001:000138d4       ?valid@__crt_stdio_stream@@QEBA_NXZ 00000001400148d4 f i libucrt:setvbuf.obj
 0001:000138dc       setvbuf                    00000001400148dc f   libucrt:setvbuf.obj
 0001:00013978       ??$?0AEBV?$stream_output_adapter@D@__crt_stdio_output@@AEB_KAEBQEBDAEBQEAU__crt_locale_pointers@@AEBQEAD@?$format_validation_base@DV?$stream_output_adapter@D@__crt_stdio_output@@@__crt_stdio_output@@IEAA@AEBV?$stream_output_adapter@D@1@AEB_KAEBQEBDAEBQEAU__crt_locale_pointers@@AEBQEAD@Z 0000000140014978 f i libucrt:output.obj
 0001:000139fc       ??$?0AEBV?$stream_output_adapter@D@__crt_stdio_output@@AEB_KAEBQEBDAEBQEAU__crt_locale_pointers@@AEBQEAD@?$positional_parameter_base@DV?$stream_output_adapter@D@__crt_stdio_output@@@__crt_stdio_output@@IEAA@AEBV?$stream_output_adapter@D@1@AEB_KAEBQEBDAEBQEAU__crt_locale_pointers@@AEBQEAD@Z 00000001400149fc f i libucrt:output.obj
 0001:00013a9c       ??$?0AEBV?$stream_output_adapter@D@__crt_stdio_output@@AEB_KAEBQEBDAEBQEAU__crt_locale_pointers@@AEBQEAD@?$standard_base@DV?$stream_output_adapter@D@__crt_stdio_output@@@__crt_stdio_output@@IEAA@AEBV?$stream_output_adapter@D@1@AEB_KAEBQEBDAEBQEAU__crt_locale_pointers@@AEBQEAD@Z 0000000140014a9c f i libucrt:output.obj
 0001:00013b20       ??$?0AEBV?$stream_output_adapter@_W@__crt_stdio_output@@AEB_KAEBQEB_WAEBQEAU__crt_locale_pointers@@AEBQEAD@?$format_validation_base@_WV?$stream_output_adapter@_W@__crt_stdio_output@@@__crt_stdio_output@@IEAA@AEBV?$stream_output_adapter@_W@1@AEB_KAEBQEB_WAEBQEAU__crt_locale_pointers@@AEBQEAD@Z 0000000140014b20 f i libucrt:output.obj
 0001:00013ba8       ??$?0AEBV?$stream_output_adapter@_W@__crt_stdio_output@@AEB_KAEBQEB_WAEBQEAU__crt_locale_pointers@@AEBQEAD@?$positional_parameter_base@_WV?$stream_output_adapter@_W@__crt_stdio_output@@@__crt_stdio_output@@IEAA@AEBV?$stream_output_adapter@_W@1@AEB_KAEBQEB_WAEBQEAU__crt_locale_pointers@@AEBQEAD@Z 0000000140014ba8 f i libucrt:output.obj
 0001:00013c4c       ??$?0AEBV?$stream_output_adapter@_W@__crt_stdio_output@@AEB_KAEBQEB_WAEBQEAU__crt_locale_pointers@@AEBQEAD@?$standard_base@_WV?$stream_output_adapter@_W@__crt_stdio_output@@@__crt_stdio_output@@IEAA@AEBV?$stream_output_adapter@_W@1@AEB_KAEBQEB_WAEBQEAU__crt_locale_pointers@@AEBQEAD@Z 0000000140014c4c f i libucrt:output.obj
 0001:00013cd4       ??$?0AEBV?$string_output_adapter@D@__crt_stdio_output@@AEB_KAEBQEBDAEBQEAU__crt_locale_pointers@@AEBQEAD@?$format_validation_base@DV?$string_output_adapter@D@__crt_stdio_output@@@__crt_stdio_output@@IEAA@AEBV?$string_output_adapter@D@1@AEB_KAEBQEBDAEBQEAU__crt_locale_pointers@@AEBQEAD@Z 0000000140014cd4 f i libucrt:output.obj
 0001:00013d58       ??$?0AEBV?$string_output_adapter@D@__crt_stdio_output@@AEB_KAEBQEBDAEBQEAU__crt_locale_pointers@@AEBQEAD@?$positional_parameter_base@DV?$string_output_adapter@D@__crt_stdio_output@@@__crt_stdio_output@@IEAA@AEBV?$string_output_adapter@D@1@AEB_KAEBQEBDAEBQEAU__crt_locale_pointers@@AEBQEAD@Z 0000000140014d58 f i libucrt:output.obj
 0001:00013df8       ??$?0AEBV?$string_output_adapter@D@__crt_stdio_output@@AEB_KAEBQEBDAEBQEAU__crt_locale_pointers@@AEBQEAD@?$standard_base@DV?$string_output_adapter@D@__crt_stdio_output@@@__crt_stdio_output@@IEAA@AEBV?$string_output_adapter@D@1@AEB_KAEBQEBDAEBQEAU__crt_locale_pointers@@AEBQEAD@Z 0000000140014df8 f i libucrt:output.obj
 0001:00013e7c       ??$?0AEBV?$string_output_adapter@_W@__crt_stdio_output@@AEB_KAEBQEB_WAEBQEAU__crt_locale_pointers@@AEBQEAD@?$format_validation_base@_WV?$string_output_adapter@_W@__crt_stdio_output@@@__crt_stdio_output@@IEAA@AEBV?$string_output_adapter@_W@1@AEB_KAEBQEB_WAEBQEAU__crt_locale_pointers@@AEBQEAD@Z 0000000140014e7c f i libucrt:output.obj
 0001:00013f04       ??$?0AEBV?$string_output_adapter@_W@__crt_stdio_output@@AEB_KAEBQEB_WAEBQEAU__crt_locale_pointers@@AEBQEAD@?$positional_parameter_base@_WV?$string_output_adapter@_W@__crt_stdio_output@@@__crt_stdio_output@@IEAA@AEBV?$string_output_adapter@_W@1@AEB_KAEBQEB_WAEBQEAU__crt_locale_pointers@@AEBQEAD@Z 0000000140014f04 f i libucrt:output.obj
 0001:00013fa8       ??$?0AEBV?$string_output_adapter@_W@__crt_stdio_output@@AEB_KAEBQEB_WAEBQEAU__crt_locale_pointers@@AEBQEAD@?$standard_base@_WV?$string_output_adapter@_W@__crt_stdio_output@@@__crt_stdio_output@@IEAA@AEBV?$string_output_adapter@_W@1@AEB_KAEBQEB_WAEBQEAU__crt_locale_pointers@@AEBQEAD@Z 0000000140014fa8 f i libucrt:output.obj
 0001:000142a0       ??$__crt_interlocked_read@J@@YAJPEDJ@Z 00000001400152a0 f i libucrt:output.obj
 0001:000153ec       ??$count@D@formatting_buffer@__crt_stdio_output@@QEBA_KXZ 00000001400163ec f i libucrt:output.obj
 0001:00015408       ??$count@_W@formatting_buffer@__crt_stdio_output@@QEBA_KXZ 0000000140016408 f i libucrt:output.obj
 0001:00015424       ??$data@D@formatting_buffer@__crt_stdio_output@@QEAAPEADXZ 0000000140016424 f i libucrt:output.obj
 0001:00015434       ??$data@_W@formatting_buffer@__crt_stdio_output@@QEAAPEA_WXZ 0000000140016434 f i libucrt:output.obj
 0001:00015444       ??$ensure_buffer_is_big_enough@D@formatting_buffer@__crt_stdio_output@@QEAA_N_K@Z 0000000140016444 f i libucrt:output.obj
 0001:000154ec       ??$ensure_buffer_is_big_enough@_W@formatting_buffer@__crt_stdio_output@@QEAA_N_K@Z 00000001400164ec f i libucrt:output.obj
 0001:00015598       ??$extract_argument_from_va_list@C_J@?$positional_parameter_base@DV?$stream_output_adapter@D@__crt_stdio_output@@@__crt_stdio_output@@IEAA_NAEA_J@Z 0000000140016598 f i libucrt:output.obj
 0001:00015654       ??$extract_argument_from_va_list@C_J@?$positional_parameter_base@DV?$string_output_adapter@D@__crt_stdio_output@@@__crt_stdio_output@@IEAA_NAEA_J@Z 0000000140016654 f i libucrt:output.obj
 0001:00015710       ??$extract_argument_from_va_list@C_J@?$positional_parameter_base@_WV?$stream_output_adapter@_W@__crt_stdio_output@@@__crt_stdio_output@@IEAA_NAEA_J@Z 0000000140016710 f i libucrt:output.obj
 0001:000157d0       ??$extract_argument_from_va_list@C_J@?$positional_parameter_base@_WV?$string_output_adapter@_W@__crt_stdio_output@@@__crt_stdio_output@@IEAA_NAEA_J@Z 00000001400167d0 f i libucrt:output.obj
 0001:00015890       ??$extract_argument_from_va_list@C_J@?$standard_base@DV?$stream_output_adapter@D@__crt_stdio_output@@@__crt_stdio_output@@IEAA_NAEA_J@Z 0000000140016890 f i libucrt:output.obj
 0001:000158a4       ??$extract_argument_from_va_list@C_J@?$standard_base@DV?$string_output_adapter@D@__crt_stdio_output@@@__crt_stdio_output@@IEAA_NAEA_J@Z 00000001400168a4 f i libucrt:output.obj
 0001:000158b8       ??$extract_argument_from_va_list@C_J@?$standard_base@_WV?$stream_output_adapter@_W@__crt_stdio_output@@@__crt_stdio_output@@IEAA_NAEA_J@Z 00000001400168b8 f i libucrt:output.obj
 0001:000158cc       ??$extract_argument_from_va_list@C_J@?$standard_base@_WV?$string_output_adapter@_W@__crt_stdio_output@@@__crt_stdio_output@@IEAA_NAEA_J@Z 00000001400168cc f i libucrt:output.obj
 0001:000158e0       ??$extract_argument_from_va_list@E_J@?$positional_parameter_base@DV?$stream_output_adapter@D@__crt_stdio_output@@@__crt_stdio_output@@IEAA_NAEA_J@Z 00000001400168e0 f i libucrt:output.obj
 0001:0001599c       ??$extract_argument_from_va_list@E_J@?$positional_parameter_base@DV?$string_output_adapter@D@__crt_stdio_output@@@__crt_stdio_output@@IEAA_NAEA_J@Z 000000014001699c f i libucrt:output.obj
 0001:00015a58       ??$extract_argument_from_va_list@E_J@?$positional_parameter_base@_WV?$stream_output_adapter@_W@__crt_stdio_output@@@__crt_stdio_output@@IEAA_NAEA_J@Z 0000000140016a58 f i libucrt:output.obj
 0001:00015b18       ??$extract_argument_from_va_list@E_J@?$positional_parameter_base@_WV?$string_output_adapter@_W@__crt_stdio_output@@@__crt_stdio_output@@IEAA_NAEA_J@Z 0000000140016b18 f i libucrt:output.obj
 0001:00015bd8       ??$extract_argument_from_va_list@E_J@?$standard_base@DV?$stream_output_adapter@D@__crt_stdio_output@@@__crt_stdio_output@@IEAA_NAEA_J@Z 0000000140016bd8 f i libucrt:output.obj
 0001:00015bec       ??$extract_argument_from_va_list@E_J@?$standard_base@DV?$string_output_adapter@D@__crt_stdio_output@@@__crt_stdio_output@@IEAA_NAEA_J@Z 0000000140016bec f i libucrt:output.obj
 0001:00015c00       ??$extract_argument_from_va_list@E_J@?$standard_base@_WV?$stream_output_adapter@_W@__crt_stdio_output@@@__crt_stdio_output@@IEAA_NAEA_J@Z 0000000140016c00 f i libucrt:output.obj
[...]
 0002:00010c88       $unwind$_close             0000000140064c88     libucrt:close.obj
 0002:00010c90       $unwind$_close_nolock      0000000140064c90     libucrt:close.obj
 0002:00010c9c       $unwind$?close_os_handle_nolock@@YAKH@Z 0000000140064c9c     libucrt:close.obj
 0002:00010ca8       $unwind$??R<lambda_628dfdc04ba53c8bfc02c9951375f3f5>@@QEBAHXZ 0000000140064ca8     libucrt:close.obj
 0002:00010cb0       $unwind$??$__acrt_lowio_lock_fh_and_call@V<lambda_628dfdc04ba53c8bfc02c9951375f3f5>@@@@YAHH$$QEAV<lambda_628dfdc04ba53c8bfc02c9951375f3f5>@@@Z 0000000140064cb0     libucrt:close.obj
 0002:00010cb8       $unwind$??$?RV<lambda_751a882b2c74d4b022dec766aa51a29a>@@AEAV<lambda_628dfdc04ba53c8bfc02c9951375f3f5>@@V<lambda_f6c7be5f7998530c34de24c7437d6b54>@@@?$__crt_seh_guarded_call@H@@QEAAH$$QEAV<lambda_751a882b2c74d4b022dec766aa51a29a>@@AEAV<lambda_628dfdc04ba53c8bfc02c9951375f3f5>@@$$QEAV<lambda_f6c7be5f7998530c34de24c7437d6b54>@@@Z 0000000140064cb8     libucrt:close.obj
 0002:00010cdc       $unwind$?fin$0@?0???$?RV<lambda_751a882b2c74d4b022dec766aa51a29a>@@AEAV<lambda_628dfdc04ba53c8bfc02c9951375f3f5>@@V<lambda_f6c7be5f7998530c34de24c7437d6b54>@@@?$__crt_seh_guarded_call@H@@QEAAH$$QEAV<lambda_751a882b2c74d4b022dec766aa51a29a>@@AEAV<lambda_628dfdc04ba53c8bfc02c9951375f3f5>@@$$QEAV<lambda_f6c7be5f7998530c34de24c7437d6b54>@@@Z@4HA 0000000140064cdc     libucrt:close.obj
 0002:00010ce4       $unwind$?__acrt_stdio_allocate_stream@@YA?AV__crt_stdio_stream@@XZ 0000000140064ce4     libucrt:stream.obj
 0002:00010d04       $unwind$?fin$0@?0??__acrt_stdio_allocate_stream@@YA?AV__crt_stdio_stream@@XZ@4HA 0000000140064d04     libucrt:stream.obj
 0002:00010d0c       $unwind$?find_or_allocate_unused_stream_nolock@@YA?AV__crt_stdio_stream@@XZ 0000000140064d0c     libucrt:stream.obj
 0002:00010d20       $unwind$??1?$__crt_unique_heap_ptr@U__crt_stdio_stream_data@@U__crt_internal_free_policy@@@@QEAA@XZ 0000000140064d20     libucrt:stream.obj
 0002:00010d28       $unwind$?release@?$__crt_unique_heap_ptr@U__crt_stdio_stream_data@@U__crt_internal_free_policy@@@@QEAAXXZ 0000000140064d28     libucrt:stream.obj
 0002:00010d30       $unwind$?common_lseek_do_seek_nolock@@YAJQEAXJH@Z 0000000140064d30     libucrt:lseek.obj
 0002:00010d40       $unwind$?common_lseek_do_seek_nolock@@YA_JQEAX_JH@Z 0000000140064d40     libucrt:lseek.obj
 0002:00010d48       $unwind$??$common_lseek@J@@YAJHJH@Z 0000000140064d48     libucrt:lseek.obj
 0002:00010d78       $unwind$?fin$0@?0???$common_lseek@J@@YAJHJH@Z@4HA 0000000140064d78     libucrt:lseek.obj
 0002:00010d80       $unwind$??$common_lseek@_J@@YA_JH_JH@Z 0000000140064d80     libucrt:lseek.obj
 0002:00010db0       $unwind$?fin$0@?0???$common_lseek@_J@@YA_JH_JH@Z@4HA 0000000140064db0     libucrt:lseek.obj
 0002:00010db8       $unwind$??$common_lseek_nolock@J@@YAJHJH@Z 0000000140064db8     libucrt:lseek.obj
 0002:00010dcc       $unwind$??$common_lseek_nolock@_J@@YA_JH_JH@Z 0000000140064dcc     libucrt:lseek.obj
 0002:00010ddc       $unwind$_putwch            0000000140064ddc     libucrt:putwch.obj
 0002:00010de4       $unwind$_putwch_nolock     0000000140064de4     libucrt:putwch.obj
 0002:00010dec       $unwind$??$__acrt_lock_and_call@V<lambda_9e0b6ab72a5b3ae37ad997d08b519f50>@@@@YAGW4__acrt_lock_id@@$$QEAV<lambda_9e0b6ab72a5b3ae37ad997d08b519f50>@@@Z 0000000140064dec     libucrt:putwch.obj
 0002:00010df4       $unwind$??$?RV<lambda_0384895ae1aa6ccbfe369a30d6ca2ef7>@@AEAV<lambda_9e0b6ab72a5b3ae37ad997d08b519f50>@@V<lambda_7e22f70504d73c22058e5832bde5914f>@@@?$__crt_seh_guarded_call@G@@QEAAG$$QEAV<lambda_0384895ae1aa6ccbfe369a30d6ca2ef7>@@AEAV<lambda_9e0b6ab72a5b3ae37ad997d08b519f50>@@$$QEAV<lambda_7e22f70504d73c22058e5832bde5914f>@@@Z 0000000140064df4     libucrt:putwch.obj
 0002:00010e18       $unwind$?fin$0@?0???$?RV<lambda_0384895ae1aa6ccbfe369a30d6ca2ef7>@@AEAV<lambda_9e0b6ab72a5b3ae37ad997d08b519f50>@@V<lambda_7e22f70504d73c22058e5832bde5914f>@@@?$__crt_seh_guarded_call@G@@QEAAG$$QEAV<lambda_0384895ae1aa6ccbfe369a30d6ca2ef7>@@AEAV<lambda_9e0b6ab72a5b3ae37ad997d08b519f50>@@$$QEAV<lambda_7e22f70504d73c22058e5832bde5914f>@@@Z@4HA 0000000140064e18     libucrt:putwch.obj
 0002:00010e20       $unwind$_read              0000000140064e20     libucrt:read.obj
 0002:00010e50       $unwind$_read$fin$0        0000000140064e50     libucrt:read.obj
 0002:00010e58       $unwind$_read_nolock       0000000140064e58     libucrt:read.obj
 0002:00010e70       $unwind$?translate_utf16_from_console_nolock@@YAHHQEA_W_K@Z 0000000140064e70     libucrt:read.obj
 0002:00010e78       $unwind$?translate_ansi_or_utf8_nolock@@YAHHQEAD_KQEA_W1@Z 0000000140064e78     libucrt:read.obj
 0002:00010e94       $unwind$??$translate_text_mode_nolock@D@@YAHHQEAD_K@Z 0000000140064e94     libucrt:read.obj
 0002:00010eac       $unwind$??$translate_text_mode_nolock@_W@@YAHHQEA_W_K@Z 0000000140064eac     libucrt:read.obj
 0002:00010ec4       $unwind$?__mbrtoc32_utf8@__crt_mbstring@@YA_KPEA_UPEBD_KPEAU_Mbstatet@@@Z 0000000140064ec4     libucrt:mbrtoc32.obj
 0002:00010ee0       $unwind$fegetenv           0000000140064ee0     libucrt:fegetenv.obj
 0002:00010ee8       $unwind$fesetenv           0000000140064ee8     libucrt:fesetenv.obj
 0002:00010ef0       $unwind$feholdexcept       0000000140064ef0     libucrt:feholdexcept.obj
 0002:00010ef8       $xdatasym                  0000000140064ef8     libucrt:log10.obj
 0002:00010f04       $unwind$__acrt_stdio_allocate_buffer_nolock 0000000140064f04     libucrt:_getbuf.obj
 0002:00010f10       $unwind$mbstowcs_s         0000000140064f10     libucrt:mbstowcs.obj
 0002:00010f18       $unwind$_mbstowcs_s_l      0000000140064f18     libucrt:mbstowcs.obj
 0002:00010f30       $unwind$?_mbstowcs_l_helper@@YA_KPEA_WPEBD_KPEAU__crt_locale_pointers@@@Z 0000000140064f30     libucrt:mbstowcs.obj
 0002:00010f48       $unwind$__acrt_CompareStringW 0000000140064f48     libucrt:comparestringw.obj
 0002:00010f60       $unwind$_strnicmp          0000000140064f60     libucrt:strnicmp.obj
 0002:00010f68       $unwind$_strnicmp_l        0000000140064f68     libucrt:strnicmp.obj
 0002:00010f78       $unwind$__acrt_CompareStringA 0000000140064f78     libucrt:comparestringa.obj
 0002:00010f88       $unwind$?InternalCompareStringA@@YAHPEAU__crt_locale_pointers@@PEB_WKPEBDH2HH@Z 0000000140064f88     libucrt:comparestringa.obj
 0002:00010fac       $unwind$_towlower_l        0000000140064fac     libucrt:towlower.obj
 0002:00010fb4       $unwind$__dcrt_lowio_ensure_console_output_initialized 0000000140064fb4     libucrt:initcon.obj
 0002:00010fbc       $unwind$__dcrt_write_console 0000000140064fbc     libucrt:initcon.obj
 0002:00010fd0       $unwind$?__dcrt_lowio_initialize_console_output@@YAXXZ 0000000140064fd0     libucrt:initcon.obj
 0002:00010fd8       $unwind$__dcrt_terminate_console_output 0000000140064fd8     libucrt:initcon.obj
 0002:00010fe0       $unwind$??R<lambda_61c1b8a38cedca4df5fdc542e6ccae6d>@@QEBAHXZ 0000000140064fe0     libucrt:initcon.obj
 0002:00010fe8       $unwind$??$console_output_reopen_and_retry@V<lambda_61c1b8a38cedca4df5fdc542e6ccae6d>@@@@YAHAEBV<lambda_61c1b8a38cedca4df5fdc542e6ccae6d>@@@Z 0000000140064fe8     libucrt:initcon.obj
 0002:00010ff4       $unwind$__acrt_fenv_set_control 0000000140064ff4     libucrt:_fenvutils.obj
 0002:00011004       $unwind$?to_machine_sse_control@@YA?AW4__acrt_fenv_machine_sse_control@@W4__acrt_fenv_abstract_control@@@Z 0000000140065004     libucrt:_fenvutils.obj
 0002:00011014       $unwind$_clearfp           0000000140065014     libucrt:ieee.obj
 0002:0001101c       $unwind$_set_controlfp     000000014006501c     libucrt:ieee.obj
 0002:00011024       $unwind$common_control87   0000000140065024     libucrt:ieee.obj
 0002:00011050       $unwind$common_control87$filt$0 0000000140065050     libucrt:ieee.obj
 0002:00011058       $unwind$_call_matherr      0000000140065058     libucrt:libm_error.obj
 0002:00011060       $unwind$_exception_enabled 0000000140065060     libucrt:libm_error.obj
 0002:00011070       $unwind$_handle_errorf     0000000140065070     libucrt:libm_error.obj
 0002:00011090       $unwind$_handle_error      0000000140065090     libucrt:libm_error.obj
 0002:000110b0       $unwind$__acrt_initialize_fma3 00000001400650b0     libucrt:fma3_available.obj
 0002:000110b8       $unwind$_logf_special_common 00000001400650b8     libucrt:log_special.obj
 0002:000110c4       $unwind$_logf_special      00000001400650c4     libucrt:log_special.obj
 0002:000110cc       $unwind$_log10f_special    00000001400650cc     libucrt:log_special.obj
 0002:000110d4       $unwind$_log_special_common 00000001400650d4     libucrt:log_special.obj
 0002:000110e0       $unwind$_log_special       00000001400650e0     libucrt:log_special.obj
 0002:000110e8       $unwind$_log10_special     00000001400650e8     libucrt:log_special.obj
 0002:000110f0       $unwind$__acrt_LCMapStringW 00000001400650f0     libucrt:lcmapstringw.obj
 0002:00011108       $xdatasym                  0000000140065108     libucrt:fpsr.obj
 0002:00011110       $unwind$_except1           0000000140065110     libucrt:fpexcept.obj
 0002:00011130       $unwind$_except2           0000000140065130     libucrt:fpexcept.obj
 0002:00011154       $unwind$_set_errno_from_matherr 0000000140065154     libucrt:fpexcept.obj
 0002:0001115c       $unwind$_handle_exc        000000014006515c     libucrt:fpexcept.obj
 0002:00011178       $unwind$_raise_excf        0000000140065178     libucrt:fpexcept.obj
 0002:00011180       $unwind$_raise_exc         0000000140065180     libucrt:fpexcept.obj
 0002:00011188       $unwind$_umatherr          0000000140065188     libucrt:fpexcept.obj
 0002:00011190       $unwind$_raise_exc_ex      0000000140065190     libucrt:fpexcept.obj
 0002:000111a4       $unwind$_clrfp             00000001400651a4     libucrt:fpctrl.obj
 0002:000111ac       $unwind$_ctrlfp            00000001400651ac     libucrt:fpctrl.obj
 0002:000111d4       $unwind$_ctrlfp$filt$0     00000001400651d4     libucrt:fpctrl.obj
 0002:000111dc       $unwind$_statfp            00000001400651dc     libucrt:fpctrl.obj
 0002:000111e4       $unwind$_set_statfp        00000001400651e4     libucrt:fpctrl.obj
 0002:000111ec       $unwind$_IsNonwritableInCurrentImage 00000001400651ec     LIBCMT:pesect.obj
 0002:00011210       $unwind$_IsNonwritableInCurrentImage$filt$0 0000000140065210     LIBCMT:pesect.obj
 0002:00011218       $unwind$??_Gtype_info@@UEAAPEAXI@Z 0000000140065218     LIBCMT:std_type_info_static.obj
 0002:00011220       $unwind$__GSHandlerCheck_SEH 0000000140065220     LIBCMT:gshandlerseh.obj
 0002:00011238       $xdatasym                  0000000140065238     LIBCMT:chkstk.obj
 0002:00011240       $xdatasym                  0000000140065240     libvcruntime:memcmp.obj
 0002:00011244       $unwind$_local_unwind      0000000140065244     libvcruntime:jmpuwind.obj
 0002:000117d6       .idata$6                   00000001400657d6     user32:USER32.dll
 0002:00011816       .idata$6                   0000000140065816     gdi32:GDI32.dll
 0002:00011896       .idata$6                   0000000140065896     opengl32:OPENGL32.dll
 0002:00011ace       .idata$6                   0000000140065ace     kernel32:KERNEL32.dll
 0003:00000040       ?__vcrt_flsindex@@3KA      0000000140066040     libvcruntime:per_thread_data.obj
 0003:00000048       ?prefix@?1??getDimension@UnDecorator@@CA?AVDName@@_N@Z@4UStringLiteral@@A 0000000140066048     libvcruntime:undname.obj
 0003:00000168       _ctype_loc_style           0000000140066168     libucrt:wsetlocale.obj
 0003:00000180       ?errno_no_memory@@3HA      0000000140066180     libucrt:errno.obj
 0003:00000184       ?doserrno_no_memory@@3KA   0000000140066184     libucrt:errno.obj
 0003:000001d8       ?__acrt_flsindex@@3KA      00000001400661d8     libucrt:per_thread_data.obj
 0003:00000580       _mbctypes                  0000000140066580     libucrt:mbctype.obj
 0003:00000690       _mbcasemaps                0000000140066690     libucrt:mbctype.obj
 0003:00000790       ?__rgctypeflag@@3PADA      0000000140066790     libucrt:mbctype.obj
 0003:000007a0       ?__rgcode_page_info@@3PAUcode_page_info@@A 00000001400667a0     libucrt:mbctype.obj
 0003:00000a50       ?__dcrt_lowio_console_output_handle@@3PEAXEA 0000000140066a50     libucrt:initcon.obj
 0003:00000a58       ?dazSupported@?1??common_control87@@9@9 0000000140066a58     libucrt:ieee.obj
 0003:00000a60       ?dazSupported@?1??_ctrlfp@@9@9 0000000140066a60     libucrt:fpctrl.obj
 0003:00000bf0       ?globalRenderingContext@@3PEAUHGLRC__@@EA 0000000140066bf0     win32_platform.obj
 0003:00000bf8       ?openglModule@@3PEAUHINSTANCE__@@EA 0000000140066bf8     win32_platform.obj
 0003:00000c00       ?gl@@3Ugl_procedures@@A    0000000140066c00     win32_platform.obj
 0003:00000c98       ?os@@3Uos_call@@A          0000000140066c98     win32_platform.obj
 0003:00000cb0       ?wglChoosePixelFormatARB@@3P6AHPEAUHDC__@@PEBHPEBMIPEAHPEAI@ZEA 0000000140066cb0     win32_platform.obj
 0003:00000cb8       ?wglCreateContextAttribsARB@@3P6APEAUHGLRC__@@PEAUHDC__@@PEAU1@PEBH@ZEA 0000000140066cb8     win32_platform.obj
 0003:00000cc0       ?wglMakeContextCurrentARB@@3P6AHPEAUHDC__@@0PEAUHGLRC__@@@ZEA 0000000140066cc0     win32_platform.obj
 0003:00000cc8       ?wglSwapIntervalEXT@@3P6AHH@ZEA 0000000140066cc8     win32_platform.obj
 0003:00000cd0       ?globalGameState@@3Ugame_state@@A 0000000140066cd0     win32_platform.obj
 0003:00000e08       ?arena@@3Umemory_arena@@A  0000000140066e08     win32_platform.obj
 0003:00000e20       ?globalWin32BackBuffer@@3Uwin32_back_buffer@@A 0000000140066e20     win32_platform.obj
 0003:00000e60       ?workerThreadQueue@@3Uworker_thread_queue@@A 0000000140066e60     win32_platform.obj
 0003:000012a8       ?performanceFrequency@@3T_LARGE_INTEGER@@A 00000001400672a8     win32_platform.obj
 0003:000012b0       ?backBuffer@@3Uback_buffer@@A 00000001400672b0     win32_platform.obj
 0003:000012d0       GS_ExceptionRecord         00000001400672d0     LIBCMT:gs_report.obj
 0003:00001370       GS_ContextRecord           0000000140067370     LIBCMT:gs_report.obj
 0003:00001850       ?is_initialized_as_dll@@3_NA 0000000140067850     LIBCMT:utility.obj
 0003:00001851       ?module_local_atexit_table_initialized@@3_NA 0000000140067851     LIBCMT:utility.obj
 0003:00001858       ?module_local_atexit_table@@3U_onexit_table_t@@A 0000000140067858     LIBCMT:utility.obj
 0003:00001870       ?module_local_at_quick_exit_table@@3U_onexit_table_t@@A 0000000140067870     LIBCMT:utility.obj
 0003:000018d0       ?__vcrt_startup_thread_ptd@@3U__vcrt_ptd@@A 00000001400678d0     libvcruntime:per_thread_data.obj
 0003:00001950       __vcrt_lock_table          0000000140067950     libvcruntime:locks.obj
 0003:00001978       __vcrt_locks_initialized   0000000140067978     libvcruntime:locks.obj
 0003:000019c0       ?heap@@3V_HeapManager@@A   00000001400679c0     libvcruntime:undname.obj
 0003:000019e8       ?module_handles@@3PAPEAUHINSTANCE__@@A 00000001400679e8     libvcruntime:winapi_downlevel.obj
 0003:00001a00       ?function_pointers@@3PAPEAXA 0000000140067a00     libvcruntime:winapi_downlevel.obj
 0003:00001a44       ?__acrt_app_type@@3W4_crt_app_type@@A 0000000140067a44     libucrt:report_runtime_error.obj
 0003:00001a50       ?outmsg@?9??__acrt_report_runtime_error@@9@4PA_WA 0000000140067a50     libucrt:report_runtime_error.obj
 0003:00002078       ?user_matherr@@3V?$dual_state_global@P6AHPEAU_exception@@@Z@__crt_state_management@@A 0000000140068078     libucrt:matherr.obj
 0003:00002080       ?program_name@?1???$common_configure_argv@D@@YAHW4_crt_argv_mode@@@Z@4PADA 0000000140068080     libucrt:argv_parsing.obj
 0003:00002190       ?program_name@?1???$common_configure_argv@_W@@YAHW4_crt_argv_mode@@@Z@4PA_WA 0000000140068190     libucrt:argv_parsing.obj
 0003:000023c0       ?empty_string@?1???$common_wincmdln@E@@YAPEAEXZ@4PAEA 00000001400683c0     libucrt:argv_winmain.obj
 0003:000023c4       ?empty_string@?1???$common_wincmdln@_W@@YAPEA_WXZ@4PA_WA 00000001400683c4     libucrt:argv_winmain.obj
 0003:000023c8       ?c_termination_complete@@3JA 00000001400683c8     libucrt:exit.obj
 0003:000023d0       ?thread_local_exit_callback_func@@3P6AXPEAXK0@ZEA 00000001400683d0     libucrt:exit.obj
 0003:000023e0       ?__acrt_global_new_mode@@3V?$dual_state_global@J@__crt_state_management@@A 00000001400683e0     libucrt:new_mode.obj
 0003:00002418       ?__acrt_invalid_parameter_handler@@3V?$dual_state_global@P6AXPEB_W00I_K@Z@__crt_state_management@@A 0000000140068418     libucrt:invalid_parameter.obj
 0003:00002420       ?module_handles@@3PAPEAUHINSTANCE__@@A 0000000140068420     libucrt:winapi_thunks.obj
 0003:000024c0       ?encoded_function_pointers@@3PAPEAXA 00000001400684c0     libucrt:winapi_thunks.obj
 0003:000025d0       ?static_enum_proc@?1??enum_system_locales_ex_nolock@@YAHQ6AHPEA_WK_J@Z@Z@4P6AH0K1@ZEA 00000001400685d0     libucrt:winapi_thunks.obj
 0003:000029e8       ?internal_state@?1??_mbtowc_l@@9@4U_Mbstatet@@A 00000001400689e8     libucrt:mbtowc.obj
 0003:000029f0       ?enable_percent_n@@3_KA    00000001400689f0     libucrt:printf_count_output.obj
 0003:00002a10       __acrt_error_mode          0000000140068a10     libucrt:set_error_mode.obj
 0003:00002a14       ?console_ctrl_handler_installed@@3_NA 0000000140068a14     libucrt:signal.obj
 0003:00002a18       ?ctrlc_action@@3V?$dual_state_global@P6AXH@Z@__crt_state_management@@A 0000000140068a18     libucrt:signal.obj
 0003:00002a20       ?ctrlbreak_action@@3V?$dual_state_global@P6AXH@Z@__crt_state_management@@A 0000000140068a20     libucrt:signal.obj
 0003:00002a28       ?abort_action@@3V?$dual_state_global@P6AXH@Z@__crt_state_management@@A 0000000140068a28     libucrt:signal.obj
 0003:00002a30       ?term_action@@3V?$dual_state_global@P6AXH@Z@__crt_state_management@@A 0000000140068a30     libucrt:signal.obj
 0003:00002a50       ?fSystemSet@@3HA           0000000140068a50     libucrt:mbctype.obj
 0003:00002a54       ?initialized@?1??__acrt_initialize_multibyte@@9@4_NA 0000000140068a54     libucrt:mbctype.obj
 0003:00002a90       ?__acrt_lock_table@@3PAU_RTL_CRITICAL_SECTION@@A 0000000140068a90     libucrt:locks.obj
 0003:00002cc0       ?__acrt_locks_initialized@@3IA 0000000140068cc0     libucrt:locks.obj
 0003:00002cc4       ?state_cache@?1???$get_cached_win_policy@Ubegin_thread_init_policy_properties@?1??__acrt_get_begin_thread_init_policy@@YA?AW4begin_thread_init_policy@@XZ@@@YA?AW4begin_thread_init_policy@@W4AppPolicyThreadInitializationType@@@Z@4JA 0000000140068cc4     libucrt:win_policies.obj
 0003:00002cc8       ?state_cache@?1???$get_cached_win_policy@Udeveloper_information_policy_properties@?1??__acrt_get_developer_information_policy@@YA?AW4developer_information_policy@@XZ@@@YA?AW4developer_information_policy@@W4AppPolicyShowDeveloperDiagnostic@@@Z@4JA 0000000140068cc8     libucrt:win_policies.obj
 0003:00002ccc       ?state_cache@?1???$get_cached_win_policy@Uwindowing_model_policy_properties@?1??__acrt_get_windowing_model_policy@@YA?AW4windowing_model_policy@@XZ@@@YA?AW4windowing_model_policy@@W4AppPolicyWindowingModel@@@Z@4JA 0000000140068ccc     libucrt:win_policies.obj
 0003:00002ce8       ?__acrt_new_handler@@3V?$dual_state_global@P6AH_K@Z@__crt_state_management@@A 0000000140068ce8     libucrt:new_handler.obj
 0003:00002cf0       ?mbst@?1??mbrlen@@9@4U_Mbstatet@@A 0000000140068cf0     libucrt:mbrtowc.obj
 0003:00002cf8       ?mbst@?1??mbrtowc@@9@4U_Mbstatet@@A 0000000140068cf8     libucrt:mbrtowc.obj
 0003:00002d00       ?mbst@?1??_mbsrtowcs_helper@@YA_KPEA_WPEAPEBD_KPEAU_Mbstatet@@@Z@4U2@A 0000000140068d00     libucrt:mbrtowc.obj
 0003:00002d08       ?internal_pst@?1??__mbrtoc32_utf8@__crt_mbstring@@YA_KPEA_UPEBD_KPEAU_Mbstatet@@@Z@4U3@A 0000000140068d08     libucrt:mbrtoc32.obj
 0005:00000000       MsetTab                    000000014006e000     libvcruntime:memset.obj
 0005:00000050       MoveSmall                  000000014006e050     libvcruntime:memcpy.obj
